Archive member included because of file (symbol)

/home/jialiang/logic32-elf/lib/gcc/logic32-elf/3.4.2/../../../../logic32-elf/lib/libc.a(memcpy.o)
                              obj/GUIAAPolyOut.o (memcpy)
/home/jialiang/logic32-elf/lib/gcc/logic32-elf/3.4.2/../../../../logic32-elf/lib/libc.a(memmove.o)
                              obj/GUIAlloc.o (memmove)
/home/jialiang/logic32-elf/lib/gcc/logic32-elf/3.4.2/../../../../logic32-elf/lib/libc.a(strlen.o)
                              obj/GUI_ErrorOut.o (strlen)
/home/jialiang/logic32-elf/lib/gcc/logic32-elf/3.4.2/../../../../logic32-elf/lib/libc.a(memset.o)
                              obj/GUI_ErrorOut.o (memset)
/home/jialiang/logic32-elf/lib/gcc/logic32-elf/3.4.2/../../../../logic32-elf/lib/libc.a(memcmp.o)
                              obj/GUI_MOUSE.o (memcmp)
/home/jialiang/logic32-elf/lib/gcc/logic32-elf/3.4.2/../../../../logic32-elf/lib/libc.a(strcpy.o)
                              obj/GUI__SetText.o (strcpy)
/home/jialiang/logic32-elf/lib/gcc/logic32-elf/3.4.2/../../../../logic32-elf/lib/libc.a(strncpy.o)
                              obj/MENU_GetItemText.o (strncpy)
/home/jialiang/logic32-elf/lib/gcc/logic32-elf/3.4.2/../../../../logic32-elf/lib/libc.a(printf.o)
                              obj/GUI_X_uCOS.o (printf)
/home/jialiang/logic32-elf/lib/gcc/logic32-elf/3.4.2/../../../../logic32-elf/lib/libc.a(puts.o)
                              obj/hooks.o (puts)
/home/jialiang/logic32-elf/lib/gcc/logic32-elf/3.4.2/../../../../logic32-elf/lib/libc.a(vfprintf.o)
                              /home/jialiang/logic32-elf/lib/gcc/logic32-elf/3.4.2/../../../../logic32-elf/lib/libc.a(printf.o) (_vfprintf_r)
/home/jialiang/logic32-elf/lib/gcc/logic32-elf/3.4.2/../../../../logic32-elf/lib/libc.a(impure.o)
                              /home/jialiang/logic32-elf/lib/gcc/logic32-elf/3.4.2/../../../../logic32-elf/lib/libc.a(printf.o) (_impure_ptr)
/home/jialiang/logic32-elf/lib/gcc/logic32-elf/3.4.2/../../../../logic32-elf/lib/libc.a(fvwrite.o)
                              /home/jialiang/logic32-elf/lib/gcc/logic32-elf/3.4.2/../../../../logic32-elf/lib/libc.a(puts.o) (__sfvwrite)
/home/jialiang/logic32-elf/lib/gcc/logic32-elf/3.4.2/../../../../logic32-elf/lib/libc.a(locale.o)
                              /home/jialiang/logic32-elf/lib/gcc/logic32-elf/3.4.2/../../../../logic32-elf/lib/libc.a(vfprintf.o) (localeconv)
/home/jialiang/logic32-elf/lib/gcc/logic32-elf/3.4.2/../../../../logic32-elf/lib/libc.a(wsetup.o)
                              /home/jialiang/logic32-elf/lib/gcc/logic32-elf/3.4.2/../../../../logic32-elf/lib/libc.a(vfprintf.o) (__swsetup)
/home/jialiang/logic32-elf/lib/gcc/logic32-elf/3.4.2/../../../../logic32-elf/lib/libc.a(malloc.o)
                              /home/jialiang/logic32-elf/lib/gcc/logic32-elf/3.4.2/../../../../logic32-elf/lib/libc.a(vfprintf.o) (free)
/home/jialiang/logic32-elf/lib/gcc/logic32-elf/3.4.2/../../../../logic32-elf/lib/libc.a(s_isinf.o)
                              /home/jialiang/logic32-elf/lib/gcc/logic32-elf/3.4.2/../../../../logic32-elf/lib/libc.a(vfprintf.o) (isinf)
/home/jialiang/logic32-elf/lib/gcc/logic32-elf/3.4.2/../../../../logic32-elf/lib/libc.a(wcrtomb.o)
                              /home/jialiang/logic32-elf/lib/gcc/logic32-elf/3.4.2/../../../../logic32-elf/lib/libc.a(vfprintf.o) (_wcrtomb_r)
/home/jialiang/logic32-elf/lib/gcc/logic32-elf/3.4.2/../../../../logic32-elf/lib/libc.a(mallocr.o)
                              /home/jialiang/logic32-elf/lib/gcc/logic32-elf/3.4.2/../../../../logic32-elf/lib/libc.a(vfprintf.o) (_malloc_r)
/home/jialiang/logic32-elf/lib/gcc/logic32-elf/3.4.2/../../../../logic32-elf/lib/libc.a(wcsrtombs.o)
                              /home/jialiang/logic32-elf/lib/gcc/logic32-elf/3.4.2/../../../../logic32-elf/lib/libc.a(vfprintf.o) (_wcsrtombs_r)
/home/jialiang/logic32-elf/lib/gcc/logic32-elf/3.4.2/../../../../logic32-elf/lib/libc.a(memchr.o)
                              /home/jialiang/logic32-elf/lib/gcc/logic32-elf/3.4.2/../../../../logic32-elf/lib/libc.a(vfprintf.o) (memchr)
/home/jialiang/logic32-elf/lib/gcc/logic32-elf/3.4.2/../../../../logic32-elf/lib/libc.a(s_isnan.o)
                              /home/jialiang/logic32-elf/lib/gcc/logic32-elf/3.4.2/../../../../logic32-elf/lib/libc.a(vfprintf.o) (isnan)
/home/jialiang/logic32-elf/lib/gcc/logic32-elf/3.4.2/../../../../logic32-elf/lib/libc.a(fflush.o)
                              /home/jialiang/logic32-elf/lib/gcc/logic32-elf/3.4.2/../../../../logic32-elf/lib/libc.a(vfprintf.o) (fflush)
/home/jialiang/logic32-elf/lib/gcc/logic32-elf/3.4.2/../../../../logic32-elf/lib/libc.a(findfp.o)
                              /home/jialiang/logic32-elf/lib/gcc/logic32-elf/3.4.2/../../../../logic32-elf/lib/libc.a(vfprintf.o) (__sinit)
/home/jialiang/logic32-elf/lib/gcc/logic32-elf/3.4.2/../../../../logic32-elf/lib/libc.a(dtoa.o)
[...]
Memory Configuration

Name             Origin             Length             Attributes
*default*        0x00000000         0xffffffff

Linker script and memory map

LOAD obj/crt0.o
LOAD obj/os_cpu_a.o
LOAD obj/GUIAAArc.o
LOAD obj/GUIAAChar.o
LOAD obj/GUIAAChar2.o
LOAD obj/GUIAAChar4.o
LOAD obj/GUIAACircle.o
LOAD obj/GUIAALib.o
LOAD obj/GUIAALine.o
LOAD obj/GUIAAPoly.o
LOAD obj/GUIAAPolyOut.o
LOAD obj/LCDP111.o
LOAD obj/LCDP222.o
LOAD obj/LCDP233.o
LOAD obj/LCDP323.o
LOAD obj/LCDP332.o
LOAD obj/LCDP444_12.o
LOAD obj/LCDP444_12_1.o
LOAD obj/LCDP444_16.o
LOAD obj/LCDP555.o
LOAD obj/LCDP556.o
LOAD obj/LCDP565.o
LOAD obj/LCDP655.o
LOAD obj/LCDP8666.o
LOAD obj/LCDP8666_1.o
LOAD obj/LCDPM233.o
LOAD obj/LCDPM323.o
LOAD obj/LCDPM332.o
LOAD obj/LCDPM444_12.o
LOAD obj/LCDPM444_16.o
LOAD obj/LCDPM555.o
LOAD obj/LCDPM556.o
LOAD obj/LCDPM565.o
LOAD obj/LCDPM655.o
LOAD obj/LCDP0.o
LOAD obj/LCDP2.o
LOAD obj/LCDP4.o
LOAD obj/GUI2DLib.o
LOAD obj/GUIAlloc.o
LOAD obj/GUIArc.o
LOAD obj/GUIChar.o
LOAD obj/GUICharLine.o
LOAD obj/GUICharM.o
LOAD obj/GUICharP.o
LOAD obj/GUICirc.o
LOAD obj/GUIColor2Index.o
LOAD obj/GUICore.o
LOAD obj/GUICurs.o
LOAD obj/GUIEncJS.o
LOAD obj/GUIIndex2Color.o
LOAD obj/GUIPolyE.o
LOAD obj/GUIPolyM.o
LOAD obj/GUIPolyR.o
LOAD obj/GUIRealloc.o
LOAD obj/GUIStream.o
LOAD obj/GUITask.o
LOAD obj/GUITime.o
LOAD obj/GUITimer.o
LOAD obj/GUIUC0.o
LOAD obj/GUIVal.o
LOAD obj/GUIValf.o
LOAD obj/GUI_AddBin.o
LOAD obj/GUI_AddDec.o
LOAD obj/GUI_AddDecMin.o
LOAD obj/GUI_AddDecShift.o
LOAD obj/GUI_AddHex.o
LOAD obj/GUI_AddKeyMsgHook.o
LOAD obj/GUI_ALLOC_AllocInit.o
LOAD obj/GUI_ALLOC_AllocZero.o
LOAD obj/GUI_BMP.o
LOAD obj/GUI_BMP_Serialize.o
LOAD obj/GUI_CalcColorDist.o
LOAD obj/GUI_ClearRectEx.o
LOAD obj/GUI_Color2VisColor.o
LOAD obj/GUI_CursorArrowL.o
LOAD obj/GUI_CursorArrowLI.o
LOAD obj/GUI_CursorArrowLPx.o
LOAD obj/GUI_CursorArrowM.o
LOAD obj/GUI_CursorArrowMI.o
LOAD obj/GUI_CursorArrowMPx.o
LOAD obj/GUI_CursorArrowS.o
LOAD obj/GUI_CursorArrowSI.o
LOAD obj/GUI_CursorArrowSPx.o
LOAD obj/GUI_CursorCrossL.o
LOAD obj/GUI_CursorCrossLI.o
LOAD obj/GUI_CursorCrossLPx.o
LOAD obj/GUI_CursorCrossM.o
LOAD obj/GUI_CursorCrossMI.o
LOAD obj/GUI_CursorCrossMPx.o
LOAD obj/GUI_CursorCrossS.o
LOAD obj/GUI_CursorCrossSI.o
LOAD obj/GUI_CursorCrossSPx.o
LOAD obj/GUI_CursorHeaderM.o
LOAD obj/GUI_CursorHeaderMI.o
LOAD obj/GUI_CursorHeaderMPx.o
LOAD obj/GUI_CursorPal.o
LOAD obj/GUI_CursorPalI.o
LOAD obj/GUI_DispBin.o
LOAD obj/GUI_DispCEOL.o
LOAD obj/GUI_DispChar.o
LOAD obj/GUI_DispChars.o
LOAD obj/GUI_DispHex.o
LOAD obj/GUI_DispString.o
LOAD obj/GUI_DispStringAt.o
LOAD obj/GUI_DispStringAtCEOL.o
LOAD obj/GUI_DispStringHCenter.o
LOAD obj/GUI_DispStringInRect.o
LOAD obj/GUI_DispStringInRectEx.o
LOAD obj/GUI_DispStringInRectMax.o
LOAD obj/GUI_DispStringLen.o
LOAD obj/GUI_DrawBitmap.o
LOAD obj/GUI_DrawBitmapEx.o
LOAD obj/GUI_DrawBitmapExp.o
LOAD obj/GUI_DrawBitmapMag.o
LOAD obj/GUI_DrawFocusRect.o
LOAD obj/GUI_DrawGraph.o
LOAD obj/GUI_DrawHLine.o
LOAD obj/GUI_DrawPie.o
LOAD obj/GUI_DrawPixel.o
LOAD obj/GUI_DrawPolyline.o
LOAD obj/GUI_DrawRectEx.o
LOAD obj/GUI_DrawVLine.o
LOAD obj/GUI_ErrorOut.o
LOAD obj/GUI_Exec.o
LOAD obj/GUI_FillPolygon.o
LOAD obj/GUI_FillRect.o
LOAD obj/GUI_FillRectEx.o
LOAD obj/GUI_GetBitmapPixelColor.o
LOAD obj/GUI_GetBitmapPixelIndex.o
LOAD obj/GUI_GetClientRect.o
LOAD obj/GUI_GetColor.o
LOAD obj/GUI_GetDispPos.o
LOAD obj/GUI_GetFont.o
LOAD obj/GUI_GetFontInfo.o
LOAD obj/GUI_GetFontSizeY.o
LOAD obj/GUI_GetLineStyle.o
LOAD obj/GUI_GetStringDistX.o
LOAD obj/GUI_GetTextAlign.o
LOAD obj/GUI_GetTextExtend.o
LOAD obj/GUI_GetTextMode.o
LOAD obj/GUI_GetVersionString.o
LOAD obj/GUI_GetYSizeOfFont.o
LOAD obj/GUI_Goto.o
LOAD obj/GUI_InitLUT.o
LOAD obj/GUI_InvertRect.o
LOAD obj/GUI_IsInFont.o
LOAD obj/GUI_Log.o
LOAD obj/GUI_MergeRect.o
LOAD obj/GUI_MOUSE.o
LOAD obj/GUI_MOUSE_DriverPS2.o
LOAD obj/GUI_MoveRect.o
LOAD obj/GUI_OnKey.o
LOAD obj/GUI_Pen.o
LOAD obj/GUI_PID.o
LOAD obj/GUI_RectsIntersect.o
LOAD obj/GUI_SaveContext.o
LOAD obj/GUI_SelectLayer.o
LOAD obj/GUI_SelectLCD.o
LOAD obj/GUI_SetColor.o
LOAD obj/GUI_SetColorIndex.o
LOAD obj/GUI_SetDecChar.o
LOAD obj/GUI_SetDefault.o
LOAD obj/GUI_SetDrawMode.o
LOAD obj/GUI_SetFont.o
LOAD obj/GUI_SetLBorder.o
LOAD obj/GUI_SetLineStyle.o
LOAD obj/GUI_SetLUTColor.o
LOAD obj/GUI_SetLUTColorEx.o
LOAD obj/GUI_SetLUTEntry.o
LOAD obj/GUI_SetOrg.o
LOAD obj/GUI_SetPixelIndex.o
LOAD obj/GUI_SetTextAlign.o
LOAD obj/GUI_SetTextMode.o
LOAD obj/GUI_SetTextStyle.o
LOAD obj/GUI_SIF.o
LOAD obj/GUI_SIF_Prop.o
LOAD obj/GUI_TOUCH.o
LOAD obj/GUI_TOUCH_DriverAnalog.o
LOAD obj/GUI_TOUCH_StoreState.o
LOAD obj/GUI_TOUCH_StoreUnstable.o
LOAD obj/GUI_UC.o
LOAD obj/GUI_UC_DispString.o
LOAD obj/GUI_UC_EncodeNone.o
LOAD obj/GUI_UC_EncodeUTF8.o
LOAD obj/GUI_WaitEvent.o
LOAD obj/GUI_WaitKey.o
LOAD obj/GUI_Warn.o
LOAD obj/GUI__AddSpaceHex.o
LOAD obj/GUI__CalcTextRect.o
LOAD obj/GUI__DivideRound.o
LOAD obj/GUI__DivideRound32.o
LOAD obj/GUI__GetFontSizeY.o
LOAD obj/GUI__GetNumChars.o
LOAD obj/GUI__HandleEOLine.o
LOAD obj/GUI__IntersectRect.o
LOAD obj/GUI__IntersectRects.o
LOAD obj/GUI__memset.o
LOAD obj/GUI__memset16.o
LOAD obj/GUI__Read.o
LOAD obj/GUI__ReduceRect.o
LOAD obj/GUI__SetText.o
LOAD obj/GUI__strcmp.o
LOAD obj/GUI__strlen.o
LOAD obj/GUI__Wrap.o
LOAD obj/LCD.o
LOAD obj/LCDAA.o
LOAD obj/LCDColor.o
LOAD obj/LCDGetP.o
LOAD obj/LCDInfo.o
LOAD obj/LCDInfo0.o
LOAD obj/LCDInfo1.o
LOAD obj/LCDL0Delta.o
LOAD obj/LCDL0Mag.o
LOAD obj/LCDP1.o
LOAD obj/LCDP565_Index2Color.o
LOAD obj/LCDPM565_Index2Color.o
LOAD obj/LCDRLE4.o
LOAD obj/LCDRLE8.o
LOAD obj/LCD_API.o
LOAD obj/LCD_DrawBitmap_565.o
LOAD obj/LCD_DrawBitmap_M565.o
LOAD obj/LCD_DrawVLine.o
LOAD obj/LCD_GetColorIndex.o
LOAD obj/LCD_GetEx.o
LOAD obj/LCD_GetNumDisplays.o
LOAD obj/LCD_GetPixelColor.o
LOAD obj/LCD_Index2ColorEx.o
LOAD obj/LCD_L0_Generic.o
LOAD obj/LCD_Mirror.o
LOAD obj/LCD_MixColors256.o
LOAD obj/LCD_Rotate180.o
LOAD obj/LCD_RotateCCW.o
LOAD obj/LCD_RotateCW.o
LOAD obj/LCD_SelectLCD.o
LOAD obj/LCD_SetAPI.o
LOAD obj/LCD_SetClipRectEx.o
LOAD obj/LCD_UpdateColorIndices.o
LOAD obj/F08_1.o
LOAD obj/F08_ASCII.o
LOAD obj/F10S_1.o
LOAD obj/F10S_ASCII.o
LOAD obj/F10_1.o
LOAD obj/F10_ASCII.o
LOAD obj/F13B_1.o
LOAD obj/F13B_ASCII.o
LOAD obj/F13HB_1.o
LOAD obj/F13HB_ASCII.o
LOAD obj/F13H_1.o
LOAD obj/F13H_ASCII.o
LOAD obj/F13_1.o
LOAD obj/F13_ASCII.o
LOAD obj/F16B_1.o
LOAD obj/F16B_ASCII.o
LOAD obj/F16_1.o
LOAD obj/F16_1HK.o
LOAD obj/F16_ASCII.o
LOAD obj/F16_HK.o
LOAD obj/F24B_1.o
LOAD obj/F24B_ASCII.o
LOAD obj/F24_1.o
LOAD obj/F24_ASCII.o
LOAD obj/F32B_1.o
LOAD obj/F32B_ASCII.o
LOAD obj/F32_1.o
LOAD obj/F32_ASCII.o
LOAD obj/F4x6.o
LOAD obj/F6x8.o
LOAD obj/F8x10_ASCII.o
LOAD obj/F8x12_ASCII.o
LOAD obj/F8x13_1.o
LOAD obj/F8x13_ASCII.o
LOAD obj/F8x15B_1.o
LOAD obj/F8x15B_ASCII.o
LOAD obj/F8x16.o
LOAD obj/F8x8.o
LOAD obj/FComic18B_1.o
LOAD obj/FComic18B_ASCII.o
LOAD obj/FComic24B_1.o
LOAD obj/FComic24B_ASCII.o
LOAD obj/FD24x32.o
LOAD obj/FD32.o
LOAD obj/FD36x48.o
LOAD obj/FD48.o
LOAD obj/FD48x64.o
LOAD obj/FD60x80.o
LOAD obj/FD64.o
LOAD obj/FD80.o
LOAD obj/LCDNull.o
LOAD obj/GUIDEV.o
LOAD obj/GUIDEV_1.o
LOAD obj/GUIDEV_16.o
LOAD obj/GUIDEV_8.o
LOAD obj/GUIDEV_AA.o
LOAD obj/GUIDEV_Auto.o
LOAD obj/GUIDEV_Banding.o
LOAD obj/GUIDEV_Clear.o
LOAD obj/GUIDEV_CmpWithLCD.o
LOAD obj/GUIDEV_CopyFromLCD.o
LOAD obj/GUIDEV_CreateFixed.o
LOAD obj/GUIDEV_GetDataPtr.o
LOAD obj/GUIDEV_GetXSize.o
LOAD obj/GUIDEV_GetYSize.o
LOAD obj/GUIDEV_Measure.o
LOAD obj/GUIDEV_ReduceYSize.o
LOAD obj/GUIDEV_SetOrg.o
LOAD obj/GUIDEV_Usage.o
LOAD obj/GUIDEV_UsageBM.o
LOAD obj/GUIDEV_Write.o
LOAD obj/GUIDEV_WriteAlpha.o
LOAD obj/GUIDEV_WriteEx.o
LOAD obj/GUIDEV_XY2PTR.o
LOAD obj/LCD_1.o
LOAD obj/LCD_2.o
LOAD obj/LCD_3.o
LOAD obj/LCD_4.o
LOAD obj/BUTTON.o
LOAD obj/BUTTON_Bitmap.o
LOAD obj/BUTTON_BMP.o
LOAD obj/BUTTON_Create.o
LOAD obj/BUTTON_CreateIndirect.o
LOAD obj/BUTTON_Default.o
LOAD obj/BUTTON_Get.o
LOAD obj/BUTTON_IsPressed.o
LOAD obj/BUTTON_SelfDraw.o
LOAD obj/BUTTON_SetTextAlign.o
LOAD obj/BUTTON_StreamedBitmap.o
LOAD obj/BUTTON__SetBitmapObj.o
LOAD obj/CHECKBOX.o
LOAD obj/CHECKBOX_Create.o
LOAD obj/CHECKBOX_CreateIndirect.o
LOAD obj/CHECKBOX_Default.o
LOAD obj/CHECKBOX_GetState.o
LOAD obj/CHECKBOX_Image.o
LOAD obj/CHECKBOX_IsChecked.o
LOAD obj/CHECKBOX_SetBkColor.o
LOAD obj/CHECKBOX_SetDefaultImage.o
LOAD obj/CHECKBOX_SetFont.o
LOAD obj/CHECKBOX_SetImage.o
LOAD obj/CHECKBOX_SetNumStates.o
LOAD obj/CHECKBOX_SetSpacing.o
LOAD obj/CHECKBOX_SetState.o
LOAD obj/CHECKBOX_SetText.o
LOAD obj/CHECKBOX_SetTextAlign.o
LOAD obj/CHECKBOX_SetTextColor.o
LOAD obj/DIALOG.o
LOAD obj/DROPDOWN.o
LOAD obj/DROPDOWN_Create.o
LOAD obj/DROPDOWN_CreateIndirect.o
LOAD obj/DROPDOWN_DeleteItem.o
LOAD obj/DROPDOWN_InsertString.o
LOAD obj/DROPDOWN_ItemSpacing.o
LOAD obj/DROPDOWN_SetAutoScroll.o
LOAD obj/DROPDOWN_SetTextAlign.o
LOAD obj/DROPDOWN_SetTextHeight.o
LOAD obj/EDIT.o
LOAD obj/EDITBin.o
LOAD obj/EDITDec.o
LOAD obj/EDITFloat.o
LOAD obj/EDITHex.o
LOAD obj/EDIT_Create.o
LOAD obj/EDIT_CreateIndirect.o
LOAD obj/EDIT_Default.o
LOAD obj/EDIT_GetNumChars.o
LOAD obj/EDIT_SetCursorAtChar.o
LOAD obj/EDIT_SetInsertMode.o
LOAD obj/EDIT_SetpfAddKeyEx.o
LOAD obj/EDIT_SetpfUpdateBuffer.o
LOAD obj/EDIT_SetSel.o
LOAD obj/FRAMEWIN.o
LOAD obj/FRAMEWIN_AddMenu.o
LOAD obj/FRAMEWIN_Button.o
LOAD obj/FRAMEWIN_ButtonClose.o
LOAD obj/FRAMEWIN_ButtonMax.o
LOAD obj/FRAMEWIN_ButtonMin.o
LOAD obj/FRAMEWIN_Create.o
LOAD obj/FRAMEWIN_CreateIndirect.o
LOAD obj/FRAMEWIN_Default.o
LOAD obj/FRAMEWIN_Get.o
LOAD obj/FRAMEWIN_IsMinMax.o
LOAD obj/FRAMEWIN_MinMaxRest.o
LOAD obj/FRAMEWIN_SetBorderSize.o
LOAD obj/FRAMEWIN_SetColors.o
LOAD obj/FRAMEWIN_SetFont.o
LOAD obj/FRAMEWIN_SetResizeable.o
LOAD obj/FRAMEWIN_SetTitleHeight.o
LOAD obj/FRAMEWIN_SetTitleVis.o
LOAD obj/FRAMEWIN__UpdateButtons.o
LOAD obj/GUI_ARRAY.o
LOAD obj/GUI_ARRAY_DeleteItem.o
LOAD obj/GUI_ARRAY_InsertItem.o
LOAD obj/GUI_ARRAY_ResizeItem.o
LOAD obj/GUI_DRAW.o
LOAD obj/GUI_DRAW_BITMAP.o
LOAD obj/GUI_DRAW_BMP.o
LOAD obj/GUI_DRAW_Self.o
LOAD obj/GUI_DRAW_STREAMED.o
LOAD obj/GUI_EditBin.o
LOAD obj/GUI_EditDec.o
LOAD obj/GUI_EditFloat.o
LOAD obj/GUI_EditHex.o
LOAD obj/GUI_EditString.o
LOAD obj/GUI_HOOK.o
LOAD obj/HEADER.o
LOAD obj/HEADER_Bitmap.o
LOAD obj/HEADER_BMP.o
LOAD obj/HEADER_Create.o
LOAD obj/HEADER_CreateIndirect.o
LOAD obj/HEADER_StreamedBitmap.o
LOAD obj/HEADER__SetDrawObj.o
LOAD obj/LISTBOX.o
LOAD obj/LISTBOX_Create.o
LOAD obj/LISTBOX_CreateIndirect.o
LOAD obj/LISTBOX_Default.o
LOAD obj/LISTBOX_DeleteItem.o
LOAD obj/LISTBOX_Font.o
LOAD obj/LISTBOX_GetItemText.o
LOAD obj/LISTBOX_GetNumItems.o
LOAD obj/LISTBOX_InsertString.o
LOAD obj/LISTBOX_ItemDisabled.o
LOAD obj/LISTBOX_ItemSpacing.o
LOAD obj/LISTBOX_MultiSel.o
LOAD obj/LISTBOX_ScrollStep.o
LOAD obj/LISTBOX_SetAutoScroll.o
LOAD obj/LISTBOX_SetBkColor.o
LOAD obj/LISTBOX_SetOwner.o
LOAD obj/LISTBOX_SetOwnerDraw.o
LOAD obj/LISTBOX_SetScrollbarWidth.o
LOAD obj/LISTBOX_SetString.o
LOAD obj/LISTBOX_SetTextColor.o
LOAD obj/LISTVIEW.o
LOAD obj/LISTVIEW_Create.o
LOAD obj/LISTVIEW_CreateIndirect.o
LOAD obj/LISTVIEW_Default.o
LOAD obj/LISTVIEW_DeleteColumn.o
LOAD obj/LISTVIEW_DeleteRow.o
LOAD obj/LISTVIEW_GetBkColor.o
LOAD obj/LISTVIEW_GetFont.o
LOAD obj/LISTVIEW_GetHeader.o
LOAD obj/LISTVIEW_GetNumColumns.o
LOAD obj/LISTVIEW_GetNumRows.o
LOAD obj/LISTVIEW_GetSel.o
LOAD obj/LISTVIEW_GetTextColor.o
LOAD obj/LISTVIEW_SetBkColor.o
LOAD obj/LISTVIEW_SetColumnWidth.o
LOAD obj/LISTVIEW_SetFont.o
LOAD obj/LISTVIEW_SetGridVis.o
LOAD obj/LISTVIEW_SetItemColor.o
LOAD obj/LISTVIEW_SetItemText.o
LOAD obj/LISTVIEW_SetLBorder.o
LOAD obj/LISTVIEW_SetRBorder.o
LOAD obj/LISTVIEW_SetRowHeight.o
LOAD obj/LISTVIEW_SetSel.o
LOAD obj/LISTVIEW_SetTextAlign.o
LOAD obj/LISTVIEW_SetTextColor.o
LOAD obj/MENU.o
LOAD obj/MENU_Attach.o
LOAD obj/MENU_CreateIndirect.o
LOAD obj/MENU_Default.o
LOAD obj/MENU_DeleteItem.o
LOAD obj/MENU_DisableItem.o
LOAD obj/MENU_EnableItem.o
LOAD obj/MENU_GetItem.o
LOAD obj/MENU_GetItemText.o
LOAD obj/MENU_GetNumItems.o
LOAD obj/MENU_InsertItem.o
LOAD obj/MENU_Popup.o
LOAD obj/MENU_SetBkColor.o
LOAD obj/MENU_SetBorderSize.o
LOAD obj/MENU_SetFont.o
LOAD obj/MENU_SetItem.o
LOAD obj/MENU_SetTextColor.o
LOAD obj/MENU__FindItem.o
LOAD obj/MESSAGEBOX.o
LOAD obj/MULTIEDIT.o
LOAD obj/MULTIEDIT_Create.o
LOAD obj/MULTIEDIT_CreateIndirect.o
LOAD obj/MULTIPAGE.o
LOAD obj/MULTIPAGE_Create.o
LOAD obj/MULTIPAGE_CreateIndirect.o
LOAD obj/MULTIPAGE_Default.o
LOAD obj/PROGBAR.o
LOAD obj/PROGBAR_Create.o
LOAD obj/PROGBAR_CreateIndirect.o
LOAD obj/RADIO.o
LOAD obj/RADIO_Create.o
LOAD obj/RADIO_CreateIndirect.o
LOAD obj/RADIO_Default.o
LOAD obj/RADIO_Image.o
LOAD obj/RADIO_SetBkColor.o
LOAD obj/RADIO_SetDefaultImage.o
LOAD obj/RADIO_SetFont.o
LOAD obj/RADIO_SetGroupId.o
LOAD obj/RADIO_SetImage.o
LOAD obj/RADIO_SetText.o
LOAD obj/RADIO_SetTextColor.o
LOAD obj/SCROLLBAR.o
LOAD obj/SCROLLBAR_Create.o
LOAD obj/SCROLLBAR_CreateIndirect.o
LOAD obj/SCROLLBAR_Defaults.o
LOAD obj/SCROLLBAR_GetValue.o
LOAD obj/SCROLLBAR_SetWidth.o
LOAD obj/SLIDER.o
LOAD obj/SLIDER_Create.o
LOAD obj/SLIDER_CreateIndirect.o
LOAD obj/TEXT.o
LOAD obj/TEXT_Create.o
LOAD obj/TEXT_CreateIndirect.o
LOAD obj/TEXT_SetBkColor.o
LOAD obj/TEXT_SetFont.o
LOAD obj/TEXT_SetText.o
LOAD obj/TEXT_SetTextAlign.o
LOAD obj/TEXT_SetTextColor.o
LOAD obj/WIDGET.o
LOAD obj/WIDGET_Effect_3D.o
LOAD obj/WIDGET_Effect_3D1L.o
LOAD obj/WIDGET_Effect_3D2L.o
LOAD obj/WIDGET_Effect_None.o
LOAD obj/WIDGET_Effect_Simple.o
LOAD obj/WIDGET_FillStringInRect.o
LOAD obj/WIDGET_SetEffect.o
LOAD obj/WIDGET_SetWidth.o
LOAD obj/WINDOW.o
LOAD obj/WINDOW_Default.o
LOAD obj/WM.o
LOAD obj/WMMemDev.o
LOAD obj/WMTouch.o
LOAD obj/WM_AttachWindow.o
LOAD obj/WM_BringToBottom.o
LOAD obj/WM_BringToTop.o
LOAD obj/WM_Broadcast.o
LOAD obj/WM_CheckScrollPos.o
LOAD obj/WM_CriticalHandle.o
LOAD obj/WM_DIAG.o
LOAD obj/WM_EnableWindow.o
LOAD obj/WM_ForEachDesc.o
LOAD obj/WM_GetBkColor.o
LOAD obj/WM_GetClientRect.o
LOAD obj/WM_GetClientWindow.o
LOAD obj/WM_GetDesktopWindow.o
LOAD obj/WM_GetDesktopWindowEx.o
LOAD obj/WM_GetDiagInfo.o
LOAD obj/WM_GetDialogItem.o
LOAD obj/WM_GetFirstChild.o
LOAD obj/WM_GetFlags.o
LOAD obj/WM_GetFocussedWindow.o
LOAD obj/WM_GetId.o
LOAD obj/WM_GetInsideRect.o
LOAD obj/WM_GetInsideRectExScrollbar.o
LOAD obj/WM_GetInvalidRect.o
LOAD obj/WM_GetNextSibling.o
LOAD obj/WM_GetOrg.o
LOAD obj/WM_GetParent.o
LOAD obj/WM_GetPrevSibling.o
LOAD obj/WM_GetScrollbar.o
LOAD obj/WM_GetScrollPartner.o
LOAD obj/WM_GetScrollState.o
LOAD obj/WM_GetWindowRect.o
LOAD obj/WM_GetWindowSize.o
LOAD obj/WM_HasCaptured.o
LOAD obj/WM_HasFocus.o
LOAD obj/WM_Hide.o
LOAD obj/WM_IsCompletelyVisible.o
LOAD obj/WM_IsEnabled.o
LOAD obj/WM_IsFocussable.o
LOAD obj/WM_IsVisible.o
LOAD obj/WM_IsWindow.o
LOAD obj/WM_MakeModal.o
LOAD obj/WM_Move.o
LOAD obj/WM_MoveChildTo.o
LOAD obj/WM_NotifyParent.o
LOAD obj/WM_OnKey.o
LOAD obj/WM_Paint.o
LOAD obj/WM_PID__GetPrevState.o
LOAD obj/WM_ResizeWindow.o
LOAD obj/WM_Screen2Win.o
LOAD obj/WM_SendMessageNoPara.o
LOAD obj/WM_SendToParent.o
LOAD obj/WM_SetAnchor.o
LOAD obj/WM_SetCallback.o
LOAD obj/WM_SetCapture.o
LOAD obj/WM_SetCaptureMove.o
LOAD obj/WM_SetCreateFlags.o
LOAD obj/WM_SetDesktopColor.o
LOAD obj/WM_SetFocus.o
LOAD obj/WM_SetFocusOnNextChild.o
LOAD obj/WM_SetFocusOnPrevChild.o
LOAD obj/WM_SetId.o
LOAD obj/WM_SetpfPollPID.o
LOAD obj/WM_SetScrollbar.o
LOAD obj/WM_SetScrollState.o
LOAD obj/WM_SetSize.o
LOAD obj/WM_SetTrans.o
LOAD obj/WM_SetTransState.o
LOAD obj/WM_SetUserClipRect.o
LOAD obj/WM_SetXSize.o
LOAD obj/WM_SetYSize.o
LOAD obj/WM_Show.o
LOAD obj/WM_StayOnTop.o
LOAD obj/WM_Timer.o
LOAD obj/WM_TimerExternal.o
LOAD obj/WM_UserData.o
LOAD obj/WM_Validate.o
LOAD obj/WM_ValidateWindow.o
LOAD obj/WM__ForEachDesc.o
LOAD obj/WM__GetFirstSibling.o
LOAD obj/WM__GetFocussedChild.o
LOAD obj/WM__GetLastSibling.o
LOAD obj/WM__GetOrg_AA.o
LOAD obj/WM__GetPrevSibling.o
LOAD obj/WM__IsAncestor.o
LOAD obj/WM__IsChild.o
LOAD obj/WM__IsEnabled.o
LOAD obj/WM__NotifyVisChanged.o
LOAD obj/WM__Screen2Client.o
LOAD obj/WM__SendMessage.o
LOAD obj/WM__SendMessageIfEnabled.o
LOAD obj/WM__SendMessageNoPara.o
LOAD obj/WM__UpdateChildPositions.o
LOAD obj/dialog_all.o
LOAD obj/GUI_X_Touch.o
LOAD obj/GUI_X_uCOS.o
LOAD obj/l32_screen.o
LOAD obj/syscall.o
LOAD obj/uart.o
LOAD obj/main.o
LOAD obj/hooks.o
LOAD obj/BSP.o
LOAD obj/led.o
LOAD obj/app.o
LOAD obj/os_core.o
LOAD obj/os_q.o
LOAD obj/os_flag.o
LOAD obj/os_sem.o
LOAD obj/os_tmr.o
LOAD obj/os_task.o
LOAD obj/os_time.o
LOAD obj/os_mbox.o
LOAD obj/os_mem.o
LOAD obj/os_mutex.o
LOAD obj/os_cpu_c.o
LOAD /home/jialiang/logic32-elf/lib/gcc/logic32-elf/3.4.2/../../../../logic32-elf/lib/libc.a
LOAD /home/jialiang/logic32-elf/lib/gcc/logic32-elf/3.4.2/../../../../logic32-elf/lib/libm.a
LOAD /home/jialiang/logic32-elf/lib/gcc/logic32-elf/3.4.2/libgcc.a
LOAD /home/jialiang/logic32-elf/lib/gcc/logic32-elf/3.4.2/libgcc.a
                0x00000000                . = 0x0

.text           0x00000000    0x75284
 CREATE_OBJECT_SYMBOLS
 *(.text)
 .text          0x00000000       0xa8 obj/crt0.o
                0x00000098                sei
                0x000000a0                cli
                0x00000094                halt
 .text          0x000000a8      0x3b0 obj/os_cpu_a.o
                0x000000bc                OSStartHighRdy
                0x00000190                OSCtxSw
                0x00000234                OSIntCtxSw
                0x00000308                systick_isr
                0x000000b4                OS_CPU_SR_Restore
                0x000000a8                OS_CPU_SR_Save
                0x00000198                OSIntCtxSw_no_save
 *fill*         0x00000458        0x8 00
 .text          0x00000460      0x1e8 obj/GUIAAArc.o
                0x00000460                GUI_AA_DrawArc
 *fill*         0x00000648        0x8 00
 .text          0x00000650      0x528 obj/GUIAAChar.o
                0x00000650                GUIPROPAA_DispChar
                0x00000af0                GUIPROPAA_IsInFont
                0x00000a10                GUIPROPAA_GetCharDistX
                0x00000ae0                GUIPROPAA_GetFontInfo
 *fill*         0x00000b78        0x8 00
 .text          0x00000b80      0x6b8 obj/GUIAAChar2.o
                0x000010e0                GUIPROP_AA2_GetCharDistX
                0x000011a0                GUIPROP_AA2_GetFontInfo
                0x000011b0                GUIPROP_AA2_IsInFont
                0x00000b80                GUIPROP_AA2_DispChar
 *fill*         0x00001238        0x8 00
 .text          0x00001240      0x3f8 obj/GUIAAChar4.o
                0x000015a0                GUIPROP_AA4_GetFontInfo
                0x000015b0                GUIPROP_AA4_IsInFont
                0x00001240                GUIPROP_AA4_DispChar
                0x000014e0                GUIPROP_AA4_GetCharDistX
 *fill*         0x00001638        0x8 00
 .text          0x00001640      0x2f0 obj/GUIAACircle.o
                0x00001640                GL_FillCircleAA_HiRes
                0x00001800                GUI_AA_FillCircle
 .text          0x00001930      0x938 obj/GUIAALib.o
                0x000020e0                GUI_AA_SetFactor
                0x00002180                GUI_AA_GetFactor
                0x00002230                GUI_AA_Exit
                0x00001f40                GUI_AA_Init_HiRes
                0x000021e0                GUI_AA_HiRes2Pixel
                0x000021c0                GUI_AA_EnableHiRes
                0x000021a0                GUI_AA_DisableHiRes
                0x00001db0                GUI_AA_Init
 *fill*         0x00002268        0x8 00
 .text          0x00002270      0x2a8 obj/GUIAALine.o
                0x00002270                GUI_AA_DrawLine
 *fill*         0x00002518        0x8 00
 .text          0x00002520      0x378 obj/GUIAAPoly.o
                0x00002520                GUI_AA_FillPolygon
 *fill*         0x00002898        0x8 00
 .text          0x000028a0       0xc4 obj/GUIAAPolyOut.o
                0x000028a0                GUI_AA_DrawPolyOutline
 *fill*         0x00002964        0xc 00
 .text          0x00002970      0x118 obj/LCDP111.o
                0x000029a0                LCD_Index2Color_111
                0x000029f0                LCD_GetIndexMask_111
                0x00002970                LCD_Color2Index_111
                0x00002a00                LCD_Color2Index_M111
                0x00002a80                LCD_GetIndexMask_M111
                0x00002a30                LCD_Index2Color_M111
 *fill*         0x00002a88        0x8 00
 .text          0x00002a90      0x138 obj/LCDP222.o
                0x00002a90                LCD_Color2Index_222
                0x00002bc0                LCD_GetIndexMask_M222
                0x00002ae0                LCD_Index2Color_222
                0x00002b30                LCD_Color2Index_M222
                0x00002b20                LCD_GetIndexMask_222
                0x00002b80                LCD_Index2Color_M222
 *fill*         0x00002bc8        0x8 00
 .text          0x00002bd0       0xc8 obj/LCDP233.o
                0x00002bd0                LCD_Color2Index_233
                0x00002c30                LCD_Index2Color_233
                0x00002c90                LCD_GetIndexMask_233
 *fill*         0x00002c98        0x8 00
 .text          0x00002ca0       0xc8 obj/LCDP323.o
                0x00002d00                LCD_Index2Color_323
                0x00002d60                LCD_GetIndexMask_323
                0x00002ca0                LCD_Color2Index_323
 *fill*         0x00002d68        0x8 00
 .text          0x00002d70       0xc8 obj/LCDP332.o
                0x00002e30                LCD_GetIndexMask_332
                0x00002dd0                LCD_Index2Color_332
                0x00002d70                LCD_Color2Index_332
 *fill*         0x00002e38        0x8 00
 .text          0x00002e40       0x98 obj/LCDP444_12.o
                0x00002e90                LCD_Index2Color_444_12
                0x00002ed0                LCD_GetIndexMask_444_12
                0x00002e40                LCD_Color2Index_444_12
 *fill*         0x00002ed8        0x8 00
 .text          0x00002ee0       0xa8 obj/LCDP444_12_1.o
                0x00002f80                LCD_GetIndexMask_444_12_1
                0x00002ee0                LCD_Color2Index_444_12_1
                0x00002f30                LCD_Index2Color_444_12_1
 *fill*         0x00002f88        0x8 00
 .text          0x00002f90       0xa8 obj/LCDP444_16.o
                0x00002f90                LCD_Color2Index_444_16
                0x00003030                LCD_GetIndexMask_444_16
                0x00002fe0                LCD_Index2Color_444_16
 *fill*         0x00003038        0x8 00
 .text          0x00003040       0x88 obj/LCDP555.o
                0x00003070                LCD_Index2Color_555
                0x000030c0                LCD_GetIndexMask_555
                0x00003040                LCD_Color2Index_555
 *fill*         0x000030c8        0x8 00
 .text          0x000030d0       0x98 obj/LCDP556.o
                0x00003100                LCD_Index2Color_556
                0x000030d0                LCD_Color2Index_556
                0x00003160                LCD_GetIndexMask_556
 *fill*         0x00003168        0x8 00
 .text          0x00003170       0x38 obj/LCDP565.o
                0x00003170                LCD_Color2Index_565
                0x000031a0                LCD_GetIndexMask_565
 *fill*         0x000031a8        0x8 00
 .text          0x000031b0       0x98 obj/LCDP655.o
                0x00003240                LCD_GetIndexMask_655
                0x000031e0                LCD_Index2Color_655
                0x000031b0                LCD_Color2Index_655
 *fill*         0x00003248        0x8 00
 .text          0x00003250      0x158 obj/LCDP8666.o
                0x00003250                LCD_Color2Index_8666
                0x000033a0                LCD_GetIndexMask_8666
                0x00003300                LCD_Index2Color_8666
 *fill*         0x000033a8        0x8 00
 .text          0x000033b0      0x198 obj/LCDP8666_1.o
                0x000033b0                LCD_Color2Index_8666_1
                0x00003540                LCD_GetIndexMask_8666_1
                0x00003460                LCD_Index2Color_8666_1
 *fill*         0x00003548        0x8 00
 .text          0x00003550       0xc8 obj/LCDPM233.o
                0x00003610                LCD_GetIndexMask_M233
                0x000035b0                LCD_Index2Color_M233
                0x00003550                LCD_Color2Index_M233
 *fill*         0x00003618        0x8 00
 .text          0x00003620       0xc8 obj/LCDPM323.o
                0x000036e0                LCD_GetIndexMask_M323
                0x00003680                LCD_Index2Color_M323
                0x00003620                LCD_Color2Index_M323
 *fill*         0x000036e8        0x8 00
 .text          0x000036f0       0xc8 obj/LCDPM332.o
                0x000036f0                LCD_Color2Index_M332
                0x000037b0                LCD_GetIndexMask_M332
                0x00003750                LCD_Index2Color_M332
 *fill*         0x000037b8        0x8 00
 .text          0x000037c0       0x98 obj/LCDPM444_12.o
                0x000037c0                LCD_Color2Index_M444_12
                0x00003810                LCD_Index2Color_M444_12
                0x00003850                LCD_GetIndexMask_M444_12
 *fill*         0x00003858        0x8 00
 .text          0x00003860       0xa8 obj/LCDPM444_16.o
                0x000038b0                LCD_Index2Color_M444_16
                0x00003860                LCD_Color2Index_M444_16
                0x00003900                LCD_GetIndexMask_M444_16
 *fill*         0x00003908        0x8 00
 .text          0x00003910       0x88 obj/LCDPM555.o
                0x00003910                LCD_Color2Index_M555
                0x00003940                LCD_Index2Color_M555
                0x00003990                LCD_GetIndexMask_M555
 *fill*         0x00003998        0x8 00
 .text          0x000039a0       0x98 obj/LCDPM556.o
                0x000039a0                LCD_Color2Index_M556
                0x000039d0                LCD_Index2Color_M556
                0x00003a30                LCD_GetIndexMask_M556
 *fill*         0x00003a38        0x8 00
 .text          0x00003a40       0x38 obj/LCDPM565.o
                0x00003a40                LCD_Color2Index_M565
                0x00003a70                LCD_GetIndexMask_M565
 *fill*         0x00003a78        0x8 00
 .text          0x00003a80       0x98 obj/LCDPM655.o
                0x00003ab0                LCD_Index2Color_M655
                0x00003b10                LCD_GetIndexMask_M655
                0x00003a80                LCD_Color2Index_M655
 *fill*         0x00003b18        0x8 00
 .text          0x00003b20      0x128 obj/LCDP0.o
                0x00003c10                LCD_Index2Color_0
                0x00003c40                LCD_GetIndexMask_0
                0x00003b20                LCD_Color2Index_0
 *fill*         0x00003c48        0x8 00
 .text          0x00003c50       0x48 obj/LCDP2.o
                0x00003c50                LCD_Color2Index_2
                0x00003c80                LCD_Index2Color_2
                0x00003c90                LCD_GetIndexMask_2
 *fill*         0x00003c98        0x8 00
 .text          0x00003ca0       0x48 obj/LCDP4.o
                0x00003ca0                LCD_Color2Index_4
                0x00003ce0                LCD_GetIndexMask_4
                0x00003cd0                LCD_Index2Color_4
 *fill*         0x00003ce8        0x8 00
 .text          0x00003cf0     0x1408 obj/GUI2DLib.o
                0x00003f30                GUI_DrawRect
                0x00004bb0                GL_DrawPolygon
                0x000044d0                GL_DrawLine
                0x00004060                GL_DrawPoint
                0x00004a90                GUI_DrawLineTo
                0x00004d10                GUI_DrawPolygon
                0x00003ed0                GUI_MoveTo
                0x00003e70                GUI_MoveRel
                0x00003cf0                GUI_sin
                0x00003da0                GUI_cos
                0x00004ec0                GUI_DrawLineRel
                0x00005030                GUI_DrawPoint
                0x00003e50                GL_MoveTo
                0x00004f80                GUI_DrawLine
                0x000040c0                GL_DrawLine1
                0x00004b40                GL_DrawLineTo
 *fill*         0x000050f8        0x8 00
 .text          0x00005100      0xb84 obj/GUIAlloc.o
                0x00005a10                GUI_ALLOC_Free
                0x00005820                GUI_ALLOC_GetMaxSize
                0x000056a0                GUI_ALLOC_h2p
                0x00005990                GUI_ALLOC_GetSize
                0x00005760                GUI_ALLOC_GetNumFreeBytes
                0x00005180                GUI_ALLOC_AllocNoInit
                0x00005b40                GUI_ALLOC_FreePtr
                0x00005100                GUI_ALLOC_Init
 *fill*         0x00005c84        0xc 00
 .text          0x00005c90      0xcac obj/GUIArc.o
                0x00006870                GUI_DrawArc
                0x00006610                GL_DrawArc
 *fill*         0x0000693c        0x4 00
 .text          0x00006940      0x2a8 obj/GUIChar.o
                0x00006990                GUI_DispNextLine
                0x00006ae0                GUI_GetYAdjust
                0x00006ba0                GUI_GetCharDistX
                0x00006940                GUI_GetFontDistY
                0x00006a00                GL_DispChar
 *fill*         0x00006be8        0x8 00
 .text          0x00006bf0      0x488 obj/GUICharLine.o
                0x00006d90                GUI__DispLine
                0x00006cd0                GUI__GetLineDistX
                0x00006bf0                GUI__GetLineNumChars
 *fill*         0x00007078        0x8 00
 .text          0x00007080      0x444 obj/GUICharM.o
                0x00007420                GUIMONO_GetFontInfo
                0x00007430                GUIMONO_IsInFont
                0x000073f0                GUIMONO_GetCharDistX
                0x00007080                GUIMONO_DispChar
 *fill*         0x000074c4        0xc 00
 .text          0x000074d0      0x39c obj/GUICharP.o
                0x00007720                GUIPROP_GetCharDistX
                0x000077e0                GUIPROP_GetFontInfo
                0x000074d0                GUIPROP_DispChar
                0x000077f0                GUIPROP_IsInFont
 *fill*         0x0000786c        0x4 00
 .text          0x00007870      0xe7c obj/GUICirc.o
                0x000080b0                GUI_FillCircle
                0x00007870                GL_DrawCircle
                0x00007f30                GL_FillCircle
                0x000082a0                GUI_FillEllipse
                0x00008470                GL_DrawEllipse
                0x00007b80                GUI_DrawCircle
                0x00008150                GL_FillEllipse
                0x00008620                GUI_DrawEllipse
 *fill*         0x000086ec        0x4 00
 .text          0x000086f0       0x38 obj/GUIColor2Index.o
                0x000086f0                GUI_Color2Index
 *fill*         0x00008728        0x8 00
 .text          0x00008730      0x2a8 obj/GUICore.o
                0x00008810                GUI_Clear
                0x000088f0                GUI_Init
                0x00008730                GUI_ClearRect
 *fill*         0x000089d8        0x8 00
 .text          0x000089e0     0x1938 obj/GUICurs.o
                0x00009010                GUI_CURSOR_Deactivate
                0x00008f80                GUI_CURSOR_Activate
                0x00009280                GUI_CURSOR_Select
                0x000096a0                GUI_CURSOR_Hide
                0x000098e0                GUI_CURSOR_Show
                0x00009bf0                GUI_CURSOR_SetPosition
 *fill*         0x0000a318        0x8 00
 .text          0x0000a320      0x1f4 obj/GUIEncJS.o
 *fill*         0x0000a514        0xc 00
 .text          0x0000a520       0x38 obj/GUIIndex2Color.o
                0x0000a520                GUI_Index2Color
 *fill*         0x0000a558        0x8 00
 .text          0x0000a560      0x5c4 obj/GUIPolyE.o
                0x0000a560                GUI_EnlargePolygon
 *fill*         0x0000ab24        0xc 00
 .text          0x0000ab30       0x6c obj/GUIPolyM.o
                0x0000ab30                GUI_MagnifyPolygon
 *fill*         0x0000ab9c        0x4 00
 .text          0x0000aba0      0x1bc obj/GUIPolyR.o
                0x0000aba0                GUI_RotatePolygon
 *fill*         0x0000ad5c        0x4 00
 .text          0x0000ad60       0xc4 obj/GUIRealloc.o
                0x0000ad60                GUI_ALLOC_Realloc
 *fill*         0x0000ae24        0xc 00
 .text          0x0000ae30       0x98 obj/GUIStream.o
                0x0000ae30                GUI_DrawStreamedBitmap
 *fill*         0x0000aec8        0x8 00
 .text          0x0000aed0      0x2fc obj/GUITask.o
                0x0000af50                GUI_Lock
                0x0000b170                GUITASK_CopyContext
                0x0000b140                GUITASK_Init
                0x0000aed0                GUI_Unlock
 *fill*         0x0000b1cc        0x4 00
 .text          0x0000b1d0       0x98 obj/GUITime.o
                0x0000b1f0                GUI_Delay
                0x0000b1d0                GUI_GetTime
 *fill*         0x0000b268        0x8 00
 .text          0x0000b270      0x8b0 obj/GUITimer.o
                0x0000b650                GUI_TIMER_SetTime
                0x0000b500                GUI_TIMER_Delete
                0x0000b690                GUI_TIMER_Context
                0x0000b270                GUI_TIMER_Exec
                0x0000b360                GUI_TIMER_Create
                0x0000b6d0                GUI_TIMER_SetDelay
                0x0000b610                GUI_TIMER_SetPeriod
                0x0000b8b0                GUI_TIMER_Restart
 .text          0x0000bb20       0xdc obj/GUIUC0.o
                0x0000bb20                GUI_UC2DB
                0x0000bb90                GUI_DB2UC
 *fill*         0x0000bbfc        0x4 00
 .text          0x0000bc00      0x2cc obj/GUIVal.o
                0x0000bc00                GUI_DispDecShift
                0x0000bdc0                GUI_DispSDec
                0x0000be20                GUI_DispDec
                0x0000bcb0                GUI_DispDecMin
                0x0000bcf0                GUI_DispDecSpace
                0x0000be60                GUI_DispDecAt
                0x0000bc40                GUI_DispSDecShift
 *fill*         0x0000becc        0x4 00
 .text          0x0000bed0      0x8e4 obj/GUIValf.o
                0x0000bed0                GUI_DispFloatFix
                0x0000c430                GUI_DispSFloatFix
                0x0000c050                GUI_DispFloatMin
                0x0000c240                GUI_DispFloat
                0x0000c5b0                GUI_DispSFloatMin
 *fill*         0x0000c7b4        0xc 00
 .text          0x0000c7c0       0xe4 obj/GUI_AddBin.o
                0x0000c7c0                GUI_AddBin
 *fill*         0x0000c8a4        0xc 00
 .text          0x0000c8b0       0x20 obj/GUI_AddDec.o
                0x0000c8b0                GUI_AddDec
 .text          0x0000c8d0       0x44 obj/GUI_AddDecMin.o
                0x0000c8d0                GUI_AddDecMin
 *fill*         0x0000c914        0xc 00
 .text          0x0000c920      0x294 obj/GUI_AddDecShift.o
                0x0000c990                GUI_AddSign
                0x0000c920                GUI_Long2Len
                0x0000c9d0                GUI_AddDecShift
 *fill*         0x0000cbb4        0xc 00
 .text          0x0000cbc0       0x94 obj/GUI_AddHex.o
                0x0000cbc0                GUI_AddHex
 *fill*         0x0000cc54        0xc 00
 .text          0x0000cc60       0x18 obj/GUI_AddKeyMsgHook.o
                0x0000cc60                GUI_SetKeyMsgHook
 *fill*         0x0000cc78        0x8 00
 .text          0x0000cc80       0xac obj/GUI_ALLOC_AllocInit.o
                0x0000cc80                GUI_ALLOC_AllocInit
 *fill*         0x0000cd2c        0x4 00
 .text          0x0000cd30       0x88 obj/GUI_ALLOC_AllocZero.o
                0x0000cd30                GUI_ALLOC_AllocZero
 *fill*         0x0000cdb8        0x8 00
 .text          0x0000cdc0      0x684 obj/GUI_BMP.o
                0x0000cdc0                GUI_BMP_GetXSize
                0x0000ce20                GUI_BMP_GetYSize
                0x0000cea0                GUI_BMP_Draw
 *fill*         0x0000d444        0xc 00
 .text          0x0000d450      0x5c4 obj/GUI_BMP_Serialize.o
                0x0000d9b0                GUI_BMP_Serialize
                0x0000d450                GUI_BMP_SerializeEx
 *fill*         0x0000da14        0xc 00
 .text          0x0000da20       0xb0 obj/GUI_CalcColorDist.o
                0x0000da20                GUI_CalcColorDist
 .text          0x0000dad0       0x50 obj/GUI_ClearRectEx.o
                0x0000dad0                GUI_ClearRectEx
 .text          0x0000db20      0x124 obj/GUI_Color2VisColor.o
                0x0000db70                GUI_ColorIsAvailable
                0x0000db20                GUI_Color2VisColor
                0x0000dbf0                GUI_CalcVisColorError
 *fill*         0x0000dc44        0xc 00
 .text          0x0000dc50       0xa8 obj/GUI_DispBin.o
                0x0000dc50                GUI_DispBin
                0x0000dc90                GUI_DispBinAt
 *fill*         0x0000dcf8        0x8 00
 .text          0x0000dd00       0x70 obj/GUI_DispCEOL.o
                0x0000dd00                GUI_DispCEOL
 .text          0x0000dd70      0x228 obj/GUI_DispChar.o
                0x0000dd70                GUI_DispChar
                0x0000de80                GUI_DispCharAt
 *fill*         0x0000df98        0x8 00
 .text          0x0000dfa0       0x58 obj/GUI_DispChars.o
                0x0000dfa0                GUI_DispChars
 *fill*         0x0000dff8        0x8 00
 .text          0x0000e000       0xa8 obj/GUI_DispHex.o
                0x0000e040                GUI_DispHexAt
                0x0000e000                GUI_DispHex
 *fill*         0x0000e0a8        0x8 00
 .text          0x0000e0b0      0x2c4 obj/GUI_DispString.o
                0x0000e0b0                GUI_DispString
 *fill*         0x0000e374        0xc 00
 .text          0x0000e380       0x58 obj/GUI_DispStringAt.o
                0x0000e380                GUI_DispStringAt
 *fill*         0x0000e3d8        0x8 00
 .text          0x0000e3e0       0x1c obj/GUI_DispStringAtCEOL.o
                0x0000e3e0                GUI_DispStringAtCEOL
 *fill*         0x0000e3fc        0x4 00
 .text          0x0000e400       0x78 obj/GUI_DispStringHCenter.o
                0x0000e400                GUI_DispStringHCenterAt
 *fill*         0x0000e478        0x8 00
 .text          0x0000e480      0x528 obj/GUI_DispStringInRect.o
                0x0000e820                GUI_DispStringInRectMax
                0x0000e480                GUI__DispStringInRect
                0x0000e8f0                GUI_DispStringInRect
 *fill*         0x0000e9a8        0x8 00
 .text          0x0000e9b0      0x200 obj/GUI_DispStringInRectEx.o
                0x0000e9b0                GUI_DispStringInRectEx
 .text          0x0000ebb0       0xa0 obj/GUI_DispStringLen.o
                0x0000ebb0                GUI_DispStringLen
 .text          0x0000ec50      0x4ac obj/GUI_DrawBitmap.o
                0x0000ec50                GL_DrawBitmap
                0x0000ee80                GUI_DrawBitmap
 *fill*         0x0000f0fc        0x4 00
 .text          0x0000f100      0x6b8 obj/GUI_DrawBitmapEx.o
                0x0000f100                GUI_DrawBitmapEx
 *fill*         0x0000f7b8        0x8 00
 .text          0x0000f7c0      0x178 obj/GUI_DrawBitmapExp.o
                0x0000f7c0                GUI_DrawBitmapExp
 *fill*         0x0000f938        0x8 00
 .text          0x0000f940      0x230 obj/GUI_DrawBitmapMag.o
                0x0000f940                GUI_DrawBitmapMag
 .text          0x0000fb70      0x170 obj/GUI_DrawFocusRect.o
                0x0000fb70                GUI_DrawFocusRect
 .text          0x0000fce0      0x210 obj/GUI_DrawGraph.o
                0x0000fce0                GUI_DrawGraph
 .text          0x0000fef0       0xc0 obj/GUI_DrawHLine.o
                0x0000fef0                GUI_DrawHLine
 .text          0x0000ffb0       0xf0 obj/GUI_DrawPie.o
                0x0000ffb0                GUI_DrawPie
 .text          0x000100a0       0xac obj/GUI_DrawPixel.o
                0x000100a0                GUI_DrawPixel
 *fill*         0x0001014c        0x4 00
 .text          0x00010150      0x118 obj/GUI_DrawPolyline.o
                0x00010150                GUI_DrawPolyLine
 *fill*         0x00010268        0x8 00
 .text          0x00010270       0x50 obj/GUI_DrawRectEx.o
                0x00010270                GUI_DrawRectEx
 .text          0x000102c0       0xb0 obj/GUI_DrawVLine.o
                0x000102c0                GUI_DrawVLine
 .text          0x00010370      0x3d8 obj/GUI_ErrorOut.o
                0x00010390                GUI_ErrorOut1
                0x00010530                GUI_ErrorOut3
                0x00010450                GUI_ErrorOut2
                0x00010630                GUI_ErrorOut4
                0x00010370                GUI_ErrorOut
 *fill*         0x00010748        0x8 00
 .text          0x00010750       0xe0 obj/GUI_Exec.o
                0x000107b0                GUI_Exec
                0x00010750                GUI_Exec1
 .text          0x00010830      0x6d4 obj/GUI_FillPolygon.o
                0x00010830                GL_FillPolygon
                0x00010e60                GUI_FillPolygon
 *fill*         0x00010f04        0xc 00
 .text          0x00010f10       0xc4 obj/GUI_FillRect.o
                0x00010f10                GUI_FillRect
 *fill*         0x00010fd4        0xc 00
 .text          0x00010fe0       0x50 obj/GUI_FillRectEx.o
                0x00010fe0                GUI_FillRectEx
 .text          0x00011030       0x68 obj/GUI_GetBitmapPixelColor.o
                0x00011030                GUI_GetBitmapPixelColor
 *fill*         0x00011098        0x8 00
 .text          0x000110a0      0x1d8 obj/GUI_GetBitmapPixelIndex.o
                0x000110a0                GUI_GetBitmapPixelIndex
 *fill*         0x00011278        0x8 00
 .text          0x00011280       0x24 obj/GUI_GetClientRect.o
                0x00011280                GUI_GetClientRect
 *fill*         0x000112a4        0xc 00
 .text          0x000112b0       0xd8 obj/GUI_GetColor.o
                0x000112b0                GUI_GetBkColorIndex
                0x00011350                GUI_GetColor
                0x00011320                GUI_GetColorIndex
                0x000112e0                GUI_GetBkColor
 *fill*         0x00011388        0x8 00
 .text          0x00011390       0x7c obj/GUI_GetDispPos.o
                0x00011390                GUI_GetDispPosX
                0x000113d0                GUI_GetDispPosY
 *fill*         0x0001140c        0x4 00
 .text          0x00011410       0x34 obj/GUI_GetFont.o
                0x00011410                GUI_GetFont
 *fill*         0x00011444        0xc 00
 .text          0x00011450       0xb4 obj/GUI_GetFontInfo.o
                0x00011450                GUI_GetFontInfo
 *fill*         0x00011504        0xc 00
 .text          0x00011510       0x30 obj/GUI_GetFontSizeY.o
                0x00011510                GUI_GetFontSizeY
 .text          0x00011540       0x38 obj/GUI_GetLineStyle.o
                0x00011540                GUI_GetLineStyle
 *fill*         0x00011578        0x8 00
 .text          0x00011580       0x30 obj/GUI_GetStringDistX.o
                0x00011580                GUI_GetStringDistX
 .text          0x000115b0       0x3c obj/GUI_GetTextAlign.o
                0x000115b0                GUI_GetTextAlign
 *fill*         0x000115ec        0x4 00
 .text          0x000115f0      0x180 obj/GUI_GetTextExtend.o
                0x000115f0                GUI_GetTextExtend
 .text          0x00011770       0x3c obj/GUI_GetTextMode.o
                0x00011770                GUI_GetTextMode
 *fill*         0x000117ac        0x4 00
 .text          0x000117b0       0x30 obj/GUI_GetVersionString.o
                0x000117b0                GUI_GetVersionString
 .text          0x000117e0       0x40 obj/GUI_GetYSizeOfFont.o
                0x00011800                GUI_GetYDistOfFont
                0x000117e0                GUI_GetYSizeOfFont
 .text          0x00011820       0xc8 obj/GUI_Goto.o
                0x00011820                GUI_GotoY
                0x000118a0                GUI_GotoXY
                0x00011860                GUI_GotoX
 *fill*         0x000118e8        0x8 00
 .text          0x000118f0       0x20 obj/GUI_InitLUT.o
                0x000118f0                GUI_InitLUT
 .text          0x00011910       0xe0 obj/GUI_InvertRect.o
                0x00011910                GUI_InvertRect
 .text          0x000119f0       0x64 obj/GUI_IsInFont.o
                0x000119f0                GUI_IsInFont
 *fill*         0x00011a54        0xc 00
 .text          0x00011a60      0x388 obj/GUI_Log.o
                0x00011a80                GUI_Log1
                0x00011a60                GUI_Log
                0x00011cf0                GUI_Log4
                0x00011b30                GUI_Log2
                0x00011c00                GUI_Log3
 *fill*         0x00011de8        0x8 00
 .text          0x00011df0      0x10c obj/GUI_MergeRect.o
                0x00011df0                GUI_MergeRect
 *fill*         0x00011efc        0x4 00
 .text          0x00011f00       0xa8 obj/GUI_MOUSE.o
                0x00011f50                GUI_MOUSE_StoreState
                0x00011f00                GUI_MOUSE_GetState
 *fill*         0x00011fa8        0x8 00
 .text          0x00011fb0      0x244 obj/GUI_MOUSE_DriverPS2.o
                0x00011fb0                GUI_MOUSE_DRIVER_PS2_OnRx
                0x000121e0                GUI_MOUSE_DRIVER_PS2_Init
 *fill*         0x000121f4        0xc 00
 .text          0x00012200       0x54 obj/GUI_MoveRect.o
                0x00012200                GUI_MoveRect
 *fill*         0x00012254        0xc 00
 .text          0x00012260      0x1d0 obj/GUI_OnKey.o
                0x00012280                GUI_StoreKey
                0x000123c0                GUI_SendKeyMsg
                0x000122e0                GUI_StoreKeyMsg
                0x00012310                GUI_PollKeyMsg
                0x000122b0                GUI_ClearKeyBuffer
                0x00012260                GUI_GetKey
 .text          0x00012430      0x118 obj/GUI_Pen.o
                0x00012430                GUI_GetPenSize
                0x00012470                GUI_GetPenShape
                0x000124b0                GUI_SetPenSize
                0x00012500                GUI_SetPenShape
 *fill*         0x00012548        0x8 00
 .text          0x00012550       0xb8 obj/GUI_PID.o
                0x000125a0                GUI_PID_StoreState
                0x00012550                GUI_PID_GetState
 *fill*         0x00012608        0x8 00
 .text          0x00012610       0xa8 obj/GUI_RectsIntersect.o
                0x00012610                GUI_RectsIntersect
 *fill*         0x000126b8        0x8 00
 .text          0x000126c0       0x58 obj/GUI_SaveContext.o
                0x000126f0                GUI_RestoreContext
                0x000126c0                GUI_SaveContext_W_M
 *fill*         0x00012718        0x8 00
 .text          0x00012720       0x78 obj/GUI_SelectLayer.o
                0x00012720                GUI_SelectLayer
 *fill*         0x00012798        0x8 00
 .text          0x000127a0       0x28 obj/GUI_SelectLCD.o
                0x000127a0                GUI_SelectLCD
 *fill*         0x000127c8        0x8 00
 .text          0x000127d0       0x60 obj/GUI_SetColor.o
                0x00012800                GUI_SetColor
                0x000127d0                GUI_SetBkColor
 .text          0x00012830       0x94 obj/GUI_SetColorIndex.o
                0x00012830                GUI_SetBkColorIndex
                0x00012880                GUI_SetColorIndex
 *fill*         0x000128c4        0xc 00
 .text          0x000128d0       0x38 obj/GUI_SetDecChar.o
                0x000128f0                GUI_GetDecChar
                0x000128d0                GUI_SetDecChar
 *fill*         0x00012908        0x8 00
 .text          0x00012910       0xc4 obj/GUI_SetDefault.o
                0x00012970                GUI_SetDefault
                0x00012910                GL_SetDefault
 *fill*         0x000129d4        0xc 00
 .text          0x000129e0       0x38 obj/GUI_SetDrawMode.o
                0x000129e0                GUI_SetDrawMode
 *fill*         0x00012a18        0x8 00
 .text          0x00012a20       0x58 obj/GUI_SetFont.o
                0x00012a20                GUI_SetFont
 *fill*         0x00012a78        0x8 00
 .text          0x00012a80       0x4c obj/GUI_SetLBorder.o
                0x00012a80                GUI_SetLBorder
 *fill*         0x00012acc        0x4 00
 .text          0x00012ad0       0x48 obj/GUI_SetLineStyle.o
                0x00012ad0                GUI_SetLineStyle
 *fill*         0x00012b18        0x8 00
 .text          0x00012b20        0x4 obj/GUI_SetLUTColor.o
                0x00012b20                GUI_SetLUTColor
 *fill*         0x00012b24        0xc 00
 .text          0x00012b30       0xa0 obj/GUI_SetLUTColorEx.o
                0x00012b30                GUI_SetLUTColorEx
 .text          0x00012bd0       0x40 obj/GUI_SetLUTEntry.o
                0x00012bd0                GUI_SetLUTEntry
 .text          0x00012c10       0x40 obj/GUI_SetOrg.o
                0x00012c10                GUI_SetOrg
 .text          0x00012c50       0x90 obj/GUI_SetPixelIndex.o
                0x00012c50                LCD_SetPixelIndex
 .text          0x00012ce0       0x4c obj/GUI_SetTextAlign.o
                0x00012ce0                GUI_SetTextAlign
 *fill*         0x00012d2c        0x4 00
 .text          0x00012d30       0x4c obj/GUI_SetTextMode.o
                0x00012d30                GUI_SetTextMode
 *fill*         0x00012d7c        0x4 00
 .text          0x00012d80      0x1ec obj/GUI_SetTextStyle.o
                0x00012f10                GUI_SetTextStyle
 *fill*         0x00012f6c        0x4 00
 .text          0x00012f70       0xf4 obj/GUI_SIF.o
                0x00012f70                GUI_SIF_CreateFont
                0x00013060                GUI_SIF_DeleteFont
 *fill*         0x00013064        0xc 00
 .text          0x00013070      0x5c4 obj/GUI_SIF_Prop.o
 *fill*         0x00013634        0xc 00
 .text          0x00013640       0xa8 obj/GUI_TOUCH.o
                0x00013690                GUI_TOUCH_StoreStateEx
                0x00013640                GUI_TOUCH_GetState
 *fill*         0x000136e8        0x8 00
 .text          0x000136f0      0x3b8 obj/GUI_TOUCH_DriverAnalog.o
                0x000137e0                GUI_TOUCH_GetCalData
                0x00013810                GUI_TOUCH_Exec
                0x00013740                GUI_TOUCH_Calibrate
                0x000136f0                GUI_TOUCH_GetxPhys
                0x00013700                GUI_TOUCH_GetyPhys
                0x00013710                GUI_TOUCH_SetDefaultCalibration
 *fill*         0x00013aa8        0x8 00
 .text          0x00013ab0       0x78 obj/GUI_TOUCH_StoreState.o
                0x00013ab0                GUI_TOUCH_StoreState
 *fill*         0x00013b28        0x8 00
 .text          0x00013b30       0xa4 obj/GUI_TOUCH_StoreUnstable.o
                0x00013bb0                GUI_TOUCH_GetUnstable
                0x00013b30                GUI_TOUCH_StoreUnstable
 *fill*         0x00013bd4        0xc 00
 .text          0x00013be0      0x2c0 obj/GUI_UC.o
                0x00013d10                GUI_UC__GetCharCodeInc
                0x00013ce0                GUI_UC__CalcSizeOfChar
                0x00013c30                GUI_UC_GetCharCode
                0x00013c80                GUI_UC_Encode
                0x00013d90                GUI_UC__NumChars2NumBytes
                0x00013e20                GUI_UC__NumBytes2NumChars
                0x00013be0                GUI_UC_GetCharSize
 .text          0x00013ea0      0x3b4 obj/GUI_UC_DispString.o
                0x00013ea0                GUI_UC_DispString
 *fill*         0x00014254        0xc 00
 .text          0x00014260       0x70 obj/GUI_UC_EncodeNone.o
                0x000142a0                GUI_UC_SetEncodeNone
 .text          0x000142d0      0x2c0 obj/GUI_UC_EncodeUTF8.o
                0x00014560                GUI_UC_SetEncodeUTF8
 .text          0x00014590       0x18 obj/GUI_WaitEvent.o
                0x00014590                GUI_WaitEvent
 *fill*         0x000145a8        0x8 00
 .text          0x000145b0       0x58 obj/GUI_WaitKey.o
                0x000145b0                GUI_WaitKey
 *fill*         0x00014608        0x8 00
 .text          0x00014610      0x388 obj/GUI_Warn.o
                0x00014610                GUI_Warn
                0x00014630                GUI_Warn1
                0x000148a0                GUI_Warn4
                0x000146e0                GUI_Warn2
                0x000147b0                GUI_Warn3
 *fill*         0x00014998        0x8 00
 .text          0x000149a0       0x3c obj/GUI__AddSpaceHex.o
                0x000149a0                GUI__AddSpaceHex
 *fill*         0x000149dc        0x4 00
 .text          0x000149e0      0x1f8 obj/GUI__CalcTextRect.o
                0x000149e0                GUI__CalcTextRect
 *fill*         0x00014bd8        0x8 00
 .text          0x00014be0       0x2c obj/GUI__DivideRound.o
                0x00014be0                GUI__DivideRound
 *fill*         0x00014c0c        0x4 00
 .text          0x00014c10       0x40 obj/GUI__DivideRound32.o
                0x00014c10                GUI__DivideRound32
 .text          0x00014c50       0x2c obj/GUI__GetFontSizeY.o
                0x00014c50                GUI__GetFontSizeY
 *fill*         0x00014c7c        0x4 00
 .text          0x00014c80       0x78 obj/GUI__GetNumChars.o
                0x00014c80                GUI__GetNumChars
 *fill*         0x00014cf8        0x8 00
 .text          0x00014d00       0x4c obj/GUI__HandleEOLine.o
                0x00014d00                GUI__HandleEOLine
 *fill*         0x00014d4c        0x4 00
 .text          0x00014d50       0x9c obj/GUI__IntersectRect.o
                0x00014d50                GUI__IntersectRect
 *fill*         0x00014dec        0x4 00
 .text          0x00014df0       0xf0 obj/GUI__IntersectRects.o
                0x00014df0                GUI__IntersectRects
 .text          0x00014ee0       0xe0 obj/GUI__memset.o
                0x00014ee0                GUI__memset
 .text          0x00014fc0       0xb0 obj/GUI__memset16.o
                0x00014fc0                GUI__memset16
 .text          0x00015070       0x98 obj/GUI__Read.o
                0x00015070                GUI__Read16
                0x000150b0                GUI__Read32
 *fill*         0x00015108        0x8 00
 .text          0x00015110       0x44 obj/GUI__ReduceRect.o
                0x00015110                GUI__ReduceRect
 *fill*         0x00015154        0xc 00
 .text          0x00015160       0x9c obj/GUI__SetText.o
                0x00015160                GUI__SetText
 *fill*         0x000151fc        0x4 00
 .text          0x00015200      0x1d8 obj/GUI__strcmp.o
                0x00015200                GUI__strcmp
                0x000152c0                GUI__strcmp_hp
 *fill*         0x000153d8        0x8 00
 .text          0x000153e0       0x40 obj/GUI__strlen.o
                0x000153e0                GUI__strlen
 .text          0x00015420      0x42c obj/GUI__Wrap.o
                0x00015740                GUI__WrapGetNumBytesToNextLine
                0x00015420                GUI__WrapGetNumCharsDisp
                0x00015650                GUI__WrapGetNumCharsToNextLine
 *fill*         0x0001584c        0x4 00
 .text          0x00015850      0xb4c obj/LCD.o
                0x000159f0                LCD_DrawHLine
                0x00016330                LCD_SetColor
                0x00016260                LCD_Color2Index
                0x00015b60                LCD_DrawBitmap
                0x000160c0                LCD_SetClipRectMax
                0x000158e0                LCD_SetDrawMode
                0x00015850                LCD_SetColorIndex
                0x000160f0                LCD_Init
                0x00015930                LCD_DrawPixel
                0x00015a90                LCD_FillRect
                0x000162c0                LCD_SetBkColor
                0x00016290                LCD_Index2Color
                0x00015890                LCD_SetBkColorIndex
 *fill*         0x0001639c        0x4 00
 .text          0x000163a0      0x404 obj/LCDAA.o
                0x000163a0                LCD_AA_MixColors
                0x00016450                LCD_SetPixelAA
                0x000165f0                LCD_SetPixelAA_NoTrans
 *fill*         0x000167a4        0xc 00
 .text          0x000167b0      0x184 obj/LCDColor.o
                0x000167b0                LCD_GetpPalConvTableUncached
                0x00016930                LCD_InitLUT
                0x00016870                LCD_GetpPalConvTable
 *fill*         0x00016934        0xc 00
 .text          0x00016940       0xf0 obj/LCDGetP.o
                0x00016940                LCD_GetPixelIndex
 .text          0x00016a30       0xf4 obj/LCDInfo.o
                0x00016a30                LCD_GetDevCap
 *fill*         0x00016b24        0xc 00
 .text          0x00016b30       0x88 obj/LCDInfo0.o
                0x00016b70                LCD_GetBitsPerPixel
                0x00016b80                LCD_GetNumColors
                0x00016b30                LCD_GetXSize
                0x00016ba0                LCD_GetXMag
                0x00016bb0                LCD_GetFixedPalette
                0x00016b60                LCD_GetVYSize
                0x00016b40                LCD_GetYSize
                0x00016b90                LCD_GetYMag
                0x00016b50                LCD_GetVXSize
 *fill*         0x00016bb8        0x8 00
 .text          0x00016bc0       0x88 obj/LCDInfo1.o
                0x00016bc0                LCD_GetXSize_1
                0x00016c00                LCD_GetBitsPerPixel_1
                0x00016bf0                LCD_GetVYSize_1
                0x00016c30                LCD_GetXMag_1
                0x00016be0                LCD_GetVXSize_1
                0x00016c10                LCD_GetNumColors_1
                0x00016c20                LCD_GetYMag_1
                0x00016bd0                LCD_GetYSize_1
                0x00016c40                LCD_GetFixedPalette_1
 *fill*         0x00016c48        0x8 00
 .text          0x00016c50        0x4 obj/LCDL0Delta.o
                0x00016c50                LCDL0Delta_c
 *fill*         0x00016c54        0xc 00
 .text          0x00016c60        0x4 obj/LCDL0Mag.o
                0x00016c60                LCDL0Mag_c
 *fill*         0x00016c64        0xc 00
 .text          0x00016c70       0x68 obj/LCDP1.o
                0x00016c70                LCD_Color2Index_1
                0x00016ca0                LCD_Index2Color_1
                0x00016cd0                LCD_GetIndexMask_1
 *fill*         0x00016cd8        0x8 00
 .text          0x00016ce0       0x54 obj/LCDP565_Index2Color.o
                0x00016ce0                LCD_Index2Color_565
 *fill*         0x00016d34        0xc 00
 .text          0x00016d40       0x54 obj/LCDPM565_Index2Color.o
                0x00016d40                LCD_Index2Color_M565
 *fill*         0x00016d94        0xc 00
 .text          0x00016da0      0x5a0 obj/LCDRLE4.o
 .text          0x00017340      0x620 obj/LCDRLE8.o
 .text          0x00017960      0x448 obj/LCD_DrawBitmap_565.o
 *fill*         0x00017da8        0x8 00
 .text          0x00017db0      0x44c obj/LCD_DrawBitmap_M565.o
 *fill*         0x000181fc        0x4 00
 .text          0x00018200       0x9c obj/LCD_DrawVLine.o
                0x00018200                LCD_DrawVLine
 *fill*         0x0001829c        0x4 00
 .text          0x000182a0       0x38 obj/LCD_GetColorIndex.o
                0x000182a0                LCD_GetBkColorIndex
                0x000182c0                LCD_GetColorIndex
 *fill*         0x000182d8        0x8 00
 .text          0x000182e0      0x188 obj/LCD_GetEx.o
                0x00018420                LCD_GetMirrorXEx
                0x000183e0                LCD_GetXMagEx
                0x00018300                LCD_GetYSizeEx
                0x00018440                LCD_GetSwapXYEx
                0x000183a0                LCD_GetNumColorsEx
                0x000182e0                LCD_GetXSizeEx
                0x00018360                LCD_GetBitsPerPixelEx
                0x00018450                LCD_GetSwapRBEx
                0x00018460                LCD_GetDeltaModeEx
                0x00018380                LCD_GetBitsPerPixel_L0Ex
                0x000183c0                LCD_GetYMagEx
                0x00018320                LCD_GetVXSizeEx
                0x00018430                LCD_GetMirrorYEx
                0x00018400                LCD_GetFixedPaletteEx
                0x00018340                LCD_GetVYSizeEx
 *fill*         0x00018468        0x8 00
 .text          0x00018470        0x8 obj/LCD_GetNumDisplays.o
                0x00018470                LCD_GetNumLayers
 *fill*         0x00018478        0x8 00
 .text          0x00018480       0x20 obj/LCD_GetPixelColor.o
                0x00018480                LCD_GetPixelColor
 .text          0x000184a0       0x4c obj/LCD_Index2ColorEx.o
                0x000184a0                LCD_Index2ColorEx
 *fill*         0x000184ec        0x4 00
 .text          0x000184f0       0x80 obj/LCD_L0_Generic.o
                0x000184f0                LCD_L0_Color2Index
                0x00018550                LCD_L0_GetRect
                0x00018530                LCD_L0_GetIndexMask
                0x00018510                LCD_L0_Index2Color
 .text          0x00018570       0x7c obj/LCD_MixColors256.o
                0x00018570                LCD_MixColors256
 *fill*         0x000185ec        0x4 00
 .text          0x000185f0      0x7fc obj/LCD_Rotate180.o
 *fill*         0x00018dec        0x4 00
 .text          0x00018df0      0x86c obj/LCD_RotateCCW.o
 *fill*         0x0001965c        0x4 00
 .text          0x00019660      0x84c obj/LCD_RotateCW.o
 *fill*         0x00019eac        0x4 00
 .text          0x00019eb0       0x40 obj/LCD_SelectLCD.o
                0x00019eb0                LCD_SelectLCD
 .text          0x00019ef0       0x88 obj/LCD_SetAPI.o
                0x00019ef0                LCD_SetAPI
 *fill*         0x00019f78        0x8 00
 .text          0x00019f80       0x58 obj/LCD_SetClipRectEx.o
                0x00019f80                LCD_SetClipRectEx
 *fill*         0x00019fd8        0x8 00
 .text          0x00019fe0       0x44 obj/LCD_UpdateColorIndices.o
                0x00019fe0                LCD_UpdateColorIndices
 *fill*         0x0001a024        0xc 00
 .text          0x0001a030     0x1294 obj/LCDNull.o
                0x0001a060                LCD_L0_GetPixelIndex
                0x0001a1d0                LCD_L0_DrawVLine
                0x0001b270                LCD_L0_SetOrg
                0x0001a0a0                LCD_L0_XorPixel
                0x0001b2a0                LCD_L0_Off
                0x0001b2c0                LCD_L0_SetLUTEntry
                0x0001b290                LCD_L0_On
                0x0001a3d0                LCD_L0_DrawBitmap
                0x0001a0e0                LCD_L0_DrawHLine
                0x0001a030                LCD_L0_SetPixelIndex
                0x0001b2b0                LCD_L0_Init
                0x0001a2c0                LCD_L0_FillRect
 *fill*         0x0001b2c4        0xc 00
 .text          0x0001b2d0      0xc64 obj/GUIDEV.o
                0x0001b840                GUI_MEMDEV_Create
                0x0001b4a0                GUI_MEMDEV__CreateFixed
                0x0001b6f0                GUI_MEMDEV_CreateEx
                0x0001b2d0                GUI_MEMDEV__GetRect
                0x0001b380                GUI_MEMDEV__Index2Color
                0x0001b990                GUI_MEMDEV_Select
                0x0001bf10                GUI_MEMDEV_CopyToLCD
                0x0001b340                GUI_MEMDEV__Color2Index
                0x0001baa0                GUI_MEMDEV__WriteToActiveAt
                0x0001b3f0                GUI_MEMDEV_Delete
                0x0001bd60                GUI_MEMDEV_CopyToLCDAt
                0x0001b3c0                GUI_MEMDEV__GetIndexMask
 *fill*         0x0001bf34        0xc 00
 .text          0x0001bf40     0x1884 obj/GUIDEV_1.o
 *fill*         0x0001d7c4        0xc 00
 .text          0x0001d7d0     0x1b94 obj/GUIDEV_16.o
 *fill*         0x0001f364        0xc 00
 .text          0x0001f370     0x19bc obj/GUIDEV_8.o
 *fill*         0x00020d2c        0x4 00
 .text          0x00020d30      0x4c8 obj/GUIDEV_AA.o
                0x00020d30                GUI_MEMDEV_CopyToLCDAA
                0x00020fe0                GUI_MEMDEV_CopyFromLCDAA
 *fill*         0x000211f8        0x8 00
 .text          0x00021200      0x1f4 obj/GUIDEV_Auto.o
                0x00021220                GUI_MEMDEV_DrawAuto
                0x00021210                GUI_MEMDEV_DeleteAuto
                0x00021200                GUI_MEMDEV_CreateAuto
 *fill*         0x000213f4        0xc 00
 .text          0x00021400      0x2a8 obj/GUIDEV_Banding.o
                0x00021400                GUI_MEMDEV_Draw
 *fill*         0x000216a8        0x8 00
 .text          0x000216b0       0xb8 obj/GUIDEV_Clear.o
                0x000216b0                GUI_MEMDEV_Clear
 *fill*         0x00021768        0x8 00
 .text          0x00021770      0x248 obj/GUIDEV_CmpWithLCD.o
                0x00021770                GUI_MEMDEV_CompareWithLCD
 *fill*         0x000219b8        0x8 00
 .text          0x000219c0      0x2d8 obj/GUIDEV_CopyFromLCD.o
                0x000219c0                GUI_MEMDEV_CopyFromLCD
 *fill*         0x00021c98        0x8 00
 .text          0x00021ca0       0xa8 obj/GUIDEV_CreateFixed.o
                0x00021ca0                GUI_MEMDEV_CreateFixed
 *fill*         0x00021d48        0x8 00
 .text          0x00021d50       0x38 obj/GUIDEV_GetDataPtr.o
                0x00021d50                GUI_MEMDEV_GetDataPtr
 *fill*         0x00021d88        0x8 00
 .text          0x00021d90       0x7c obj/GUIDEV_GetXSize.o
                0x00021d90                GUI_MEMDEV_GetXSize
 *fill*         0x00021e0c        0x4 00
 .text          0x00021e10       0x7c obj/GUIDEV_GetYSize.o
                0x00021e10                GUI_MEMDEV_GetYSize
 *fill*         0x00021e8c        0x4 00
 .text          0x00021e90      0xb20 obj/GUIDEV_Measure.o
                0x00022930                GUI_MEASDEV_GetRect
                0x00022730                GUI_MEASDEV_Delete
                0x000227e0                GUI_MEASDEV_Create
                0x00022780                GUI_MEASDEV_ClearRect
                0x000228b0                GUI_MEASDEV_Select
 .text          0x000229b0       0x88 obj/GUIDEV_ReduceYSize.o
                0x000229b0                GUI_MEMDEV_ReduceYSize
 *fill*         0x00022a38        0x8 00
 .text          0x00022a40      0x118 obj/GUIDEV_SetOrg.o
                0x00022a40                GUI_MEMDEV_SetOrg
 *fill*         0x00022b58        0x8 00
 .text          0x00022b60      0x140 obj/GUIDEV_Usage.o
                0x00022ba0                GUI_USAGE_DecUseCnt
                0x00022b60                GUI_USAGE_Select
                0x00022c10                GUI_USAGE_AddRect
 .text          0x00022ca0      0x690 obj/GUIDEV_UsageBM.o
                0x00023230                GUI_USAGE_BM_Create
 .text          0x00023330      0x1f0 obj/GUIDEV_Write.o
                0x00023450                GUI_MEMDEV_Write
                0x00023330                GUI_MEMDEV_WriteAt
 .text          0x00023520      0x400 obj/GUIDEV_WriteAlpha.o
                0x00023840                GUI_MEMDEV_WriteAlpha
                0x00023710                GUI_MEMDEV_WriteAlphaAt
 .text          0x00023920      0xea8 obj/GUIDEV_WriteEx.o
                0x000246e0                GUI_MEMDEV_WriteEx
                0x00024590                GUI_MEMDEV_WriteExAt
 *fill*         0x000247c8        0x8 00
 .text          0x000247d0      0x174 obj/GUIDEV_XY2PTR.o
                0x00024910                GUI_MEMDEV__XY2PTREx
                0x000247d0                GUI_MEMDEV__XY2PTR
 *fill*         0x00024944        0xc 00
 .text          0x00024950        0x4 obj/LCD_1.o
                0x00024950                LCD_1_c
 *fill*         0x00024954        0xc 00
 .text          0x00024960        0x4 obj/LCD_2.o
                0x00024960                LCD_2_c
 *fill*         0x00024964        0xc 00
 .text          0x00024970        0x4 obj/LCD_3.o
                0x00024970                LCD_3_c
 *fill*         0x00024974        0xc 00
 .text          0x00024980        0x4 obj/LCD_4.o
                0x00024980                LCD_4_c
 *fill*         0x00024984        0xc 00
 .text          0x00024990      0x8bc obj/BUTTON.o
                0x00024f80                BUTTON_SetFont
                0x000251b0                BUTTON_SetState
                0x00024990                BUTTON_Callback
                0x00024f00                BUTTON_SetText
                0x000250e0                BUTTON_SetTextColor
                0x00025210                BUTTON_SetFocussable
                0x00024de0                BUTTON_CreateEx
                0x00025010                BUTTON_SetBkColor
                0x000251d0                BUTTON_SetPressed
 *fill*         0x0002524c        0x4 00
 .text          0x00025250       0x9c obj/BUTTON_Bitmap.o
                0x000252a0                BUTTON_SetBitmap
                0x00025250                BUTTON_SetBitmapEx
 *fill*         0x000252ec        0x4 00
 .text          0x000252f0       0x9c obj/BUTTON_BMP.o
                0x000252f0                BUTTON_SetBMPEx
                0x00025340                BUTTON_SetBMP
 *fill*         0x0002538c        0x4 00
 .text          0x00025390       0xa0 obj/BUTTON_Create.o
                0x00025390                BUTTON_Create
                0x000253e0                BUTTON_CreateAsChild
 .text          0x00025430       0xc8 obj/BUTTON_CreateIndirect.o
                0x00025430                BUTTON_CreateIndirect
 *fill*         0x000254f8        0x8 00
 .text          0x00025500      0x128 obj/BUTTON_Default.o
                0x00025570                BUTTON_SetDefaultTextAlign
                0x00025510                BUTTON_SetDefaultTextColor
                0x00025500                BUTTON_SetDefaultFont
                0x00025580                BUTTON_GetDefaultFont
                0x00025540                BUTTON_SetDefaultBkColor
                0x000255d0                BUTTON_GetDefaultBkColor
                0x00025590                BUTTON_GetDefaultTextColor
                0x00025610                BUTTON_GetDefaultTextAlign
 *fill*         0x00025628        0x8 00
 .text          0x00025630      0x250 obj/BUTTON_Get.o
                0x00025720                BUTTON_GetText
                0x00025630                BUTTON_GetBkColor
                0x000256c0                BUTTON_GetFont
                0x000257f0                BUTTON_GetTextColor
 .text          0x00025880       0x58 obj/BUTTON_IsPressed.o
                0x00025880                BUTTON_IsPressed
 *fill*         0x000258d8        0x8 00
 .text          0x000258e0       0x9c obj/BUTTON_SelfDraw.o
                0x000258e0                BUTTON_SetSelfDrawEx
                0x00025930                BUTTON_SetSelfDraw
 *fill*         0x0002597c        0x4 00
 .text          0x00025980       0x88 obj/BUTTON_SetTextAlign.o
                0x00025980                BUTTON_SetTextAlign
 *fill*         0x00025a08        0x8 00
 .text          0x00025a10       0x9c obj/BUTTON_StreamedBitmap.o
                0x00025a60                BUTTON_SetStreamedBitmap
                0x00025a10                BUTTON_SetStreamedBitmapEx
 *fill*         0x00025aac        0x4 00
 .text          0x00025ab0       0xb8 obj/BUTTON__SetBitmapObj.o
                0x00025ab0                BUTTON__SetDrawObj
 *fill*         0x00025b68        0x8 00
 .text          0x00025b70      0x750 obj/CHECKBOX.o
                0x000260a0                CHECKBOX_CreateEx
 .text          0x000262c0       0x50 obj/CHECKBOX_Create.o
                0x000262c0                CHECKBOX_Create
 .text          0x00026310       0xb4 obj/CHECKBOX_CreateIndirect.o
                0x00026310                CHECKBOX_CreateIndirect
 *fill*         0x000263c4        0xc 00
 .text          0x000263d0       0xb8 obj/CHECKBOX_Default.o
                0x00026410                CHECKBOX_SetDefaultAlign
                0x000263d0                CHECKBOX_SetDefaultSpacing
                0x00026460                CHECKBOX_GetDefaultFont
                0x00026450                CHECKBOX_GetDefaultBkColor
                0x00026440                CHECKBOX_GetDefaultTextColor
                0x00026420                CHECKBOX_GetDefaultSpacing
                0x000263f0                CHECKBOX_SetDefaultBkColor
                0x00026400                CHECKBOX_SetDefaultFont
                0x00026470                CHECKBOX_GetDefaultAlign
                0x000263e0                CHECKBOX_SetDefaultTextColor
 *fill*         0x00026488        0x8 00
 .text          0x00026490       0x5c obj/CHECKBOX_GetState.o
                0x00026490                CHECKBOX_GetState
 *fill*         0x000264ec        0x4 00
 .text          0x000264f0       0x4c obj/CHECKBOX_IsChecked.o
                0x000264f0                CHECKBOX_IsChecked
 *fill*         0x0002653c        0x4 00
 .text          0x00026540       0xa4 obj/CHECKBOX_SetBkColor.o
                0x00026540                CHECKBOX_SetBkColor
 *fill*         0x000265e4        0xc 00
 .text          0x000265f0       0x28 obj/CHECKBOX_SetDefaultImage.o
                0x000265f0                CHECKBOX_SetDefaultImage
 *fill*         0x00026618        0x8 00
 .text          0x00026620       0x68 obj/CHECKBOX_SetFont.o
                0x00026620                CHECKBOX_SetFont
 *fill*         0x00026688        0x8 00
 .text          0x00026690       0x74 obj/CHECKBOX_SetImage.o
                0x00026690                CHECKBOX_SetImage
 *fill*         0x00026704        0xc 00
 .text          0x00026710       0xf4 obj/CHECKBOX_SetNumStates.o
                0x00026710                CHECKBOX_SetNumStates
 *fill*         0x00026804        0xc 00
 .text          0x00026810       0x70 obj/CHECKBOX_SetSpacing.o
                0x00026810                CHECKBOX_SetSpacing
 .text          0x00026880       0x78 obj/CHECKBOX_SetState.o
                0x00026880                CHECKBOX_SetState
 *fill*         0x000268f8        0x8 00
 .text          0x00026900       0x7c obj/CHECKBOX_SetText.o
                0x00026900                CHECKBOX_SetText
 *fill*         0x0002697c        0x4 00
 .text          0x00026980       0x70 obj/CHECKBOX_SetTextAlign.o
                0x00026980                CHECKBOX_SetTextAlign
 .text          0x000269f0       0x68 obj/CHECKBOX_SetTextColor.o
                0x000269f0                CHECKBOX_SetTextColor
 *fill*         0x00026a58        0x8 00
 .text          0x00026a60      0x398 obj/DIALOG.o
                0x00026a60                DIALOG_GetBkColor
                0x00026b10                GUI_CreateDialogBox
                0x00026ca0                GUI_ExecCreatedDialog
                0x00026a70                DIALOG_SetBkColor
                0x00026d40                GUI_ExecDialogBox
                0x00026c20                GUI_EndDialog
                0x00026ad0                GUI_GetDialogStatusPtr
                0x00026a90                GUI_SetDialogStatusPtr
 *fill*         0x00026df8        0x8 00
 .text          0x00026e00     0x1820 obj/DROPDOWN.o
                0x00027560                DROPDOWN_GetNumItems
                0x000270e0                DROPDOWN_Expand
                0x00027840                DROPDOWN_SetTextColor
                0x00028610                DROPDOWN_GetDefaultFont
                0x000275e0                DROPDOWN_SetFont
                0x00027930                DROPDOWN_GetSel
                0x000273f0                DROPDOWN_AddString
                0x00028550                DROPDOWN_SetScrollbarWidth
                0x00027750                DROPDOWN_SetBkColor
                0x00027480                DROPDOWN_SetSel
                0x00026f50                DROPDOWN_CreateEx
                0x00026ee0                DROPDOWN_Collapse
                0x00027af0                DROPDOWN_IncSel
                0x00028600                DROPDOWN_SetDefaultFont
                0x00026e00                DROPDOWN__AdjustHeight
                0x000279b0                DROPDOWN_DecSel
                0x00027c20                DROPDOWN_AddKey
 .text          0x00028620       0x50 obj/DROPDOWN_Create.o
                0x00028620                DROPDOWN_Create
 .text          0x00028670       0xb4 obj/DROPDOWN_CreateIndirect.o
                0x00028670                DROPDOWN_CreateIndirect
 *fill*         0x00028724        0xc 00
 .text          0x00028730       0xc0 obj/DROPDOWN_DeleteItem.o
                0x00028730                DROPDOWN_DeleteItem
 .text          0x000287f0      0x124 obj/DROPDOWN_InsertString.o
                0x000287f0                DROPDOWN_InsertString
 *fill*         0x00028914        0xc 00
 .text          0x00028920       0xdc obj/DROPDOWN_ItemSpacing.o
                0x00028920                DROPDOWN_SetItemSpacing
                0x000289a0                DROPDOWN_GetItemSpacing
 *fill*         0x000289fc        0x4 00
 .text          0x00028a00       0xb4 obj/DROPDOWN_SetAutoScroll.o
                0x00028a00                DROPDOWN_SetAutoScroll
 *fill*         0x00028ab4        0xc 00
 .text          0x00028ac0       0x5c obj/DROPDOWN_SetTextAlign.o
                0x00028ac0                DROPDOWN_SetTextAlign
 *fill*         0x00028b1c        0x4 00
 .text          0x00028b20       0x68 obj/DROPDOWN_SetTextHeight.o
                0x00028b20                DROPDOWN_SetTextHeight
 *fill*         0x00028b88        0x8 00
 .text          0x00028b90     0x1db4 obj/EDIT.o
                0x0002a200                EDIT_SetText
                0x00029fb0                EDIT_SetFont
                0x00029520                EDIT_AddKey
                0x00028ff0                ShowCurrsor
                0x0002a5a0                EDIT_GetValue
                0x0002a060                EDIT_SetBkColor
                0x00029070                EDIT__SetCursorPos
                0x000294b0                EDIT__GetCurrentChar
                0x00029e00                EDIT_CreateEx
                0x00029130                EDIT_SetCursorAtPixel
                0x00028b90                EDIT_h2p
                0x0002a630                EDIT_SetValue
                0x0002a720                EDIT_SetMaxLen
                0x0002a8a0                EDIT_SetTextAlign
                0x0002a130                EDIT_SetTextColor
                0x0002a490                EDIT_GetText
 *fill*         0x0002a944        0xc 00
 .text          0x0002a950      0x414 obj/EDITBin.o
                0x0002ac20                EDIT_SetBinMode
 *fill*         0x0002ad64        0xc 00
 .text          0x0002ad70      0x7a8 obj/EDITDec.o
                0x0002b390                EDIT_SetDecMode
 *fill*         0x0002b518        0x8 00
 .text          0x0002b520      0x730 obj/EDITFloat.o
                0x0002ba90                EDIT_SetFloatValue
                0x0002b9a0                EDIT_GetFloatValue
                0x0002b520                EDIT_SetFloatMode
 .text          0x0002bc50      0x3f4 obj/EDITHex.o
                0x0002bf00                EDIT_SetHexMode
 *fill*         0x0002c044        0xc 00
 .text          0x0002c050       0xb8 obj/EDIT_Create.o
                0x0002c050                EDIT_Create
                0x0002c0b0                EDIT_CreateAsChild
 *fill*         0x0002c108        0x8 00
 .text          0x0002c110       0xe8 obj/EDIT_CreateIndirect.o
                0x0002c110                EDIT_CreateIndirect
 *fill*         0x0002c1f8        0x8 00
 .text          0x0002c200      0x100 obj/EDIT_Default.o
                0x0002c220                EDIT_SetDefaultTextAlign
                0x0002c210                EDIT_GetDefaultFont
                0x0002c230                EDIT_GetDefaultTextAlign
                0x0002c270                EDIT_SetDefaultBkColor
                0x0002c2a0                EDIT_GetDefaultTextColor
                0x0002c2d0                EDIT_GetDefaultBkColor
                0x0002c200                EDIT_SetDefaultFont
                0x0002c240                EDIT_SetDefaultTextColor
 .text          0x0002c300       0x78 obj/EDIT_GetNumChars.o
                0x0002c300                EDIT_GetNumChars
 *fill*         0x0002c378        0x8 00
 .text          0x0002c380       0x64 obj/EDIT_SetCursorAtChar.o
                0x0002c380                EDIT_SetCursorAtChar
 *fill*         0x0002c3e4        0xc 00
 .text          0x0002c3f0       0x80 obj/EDIT_SetInsertMode.o
                0x0002c3f0                EDIT_SetInsertMode
 .text          0x0002c470       0x54 obj/EDIT_SetpfAddKeyEx.o
                0x0002c470                EDIT_SetpfAddKeyEx
 *fill*         0x0002c4c4        0xc 00
 .text          0x0002c4d0       0x54 obj/EDIT_SetpfUpdateBuffer.o
                0x0002c4d0                EDIT_SetpfUpdateBuffer
 *fill*         0x0002c524        0xc 00
 .text          0x0002c530       0xe8 obj/EDIT_SetSel.o
                0x0002c530                EDIT_SetSel
 *fill*         0x0002c618        0x8 00
 .text          0x0002c620     0x12d0 obj/FRAMEWIN.o
                0x0002cc50                FRAMEWIN_SetActive
                0x0002d800                FRAMEWIN_SetTextAlign
                0x0002d5c0                FRAMEWIN_SetText
                0x0002c880                FRAMEWIN__CalcTitleHeight
                0x0002cb40                FRAMEWIN__UpdatePositions
                0x0002d870                FRAMEWIN_SetMoveable
                0x0002d640                FRAMEWIN_CreateEx
                0x0002c8f0                FRAMEWIN__CalcPositions
 .text          0x0002d8f0      0x134 obj/FRAMEWIN_AddMenu.o
                0x0002d8f0                FRAMEWIN_AddMenu
 *fill*         0x0002da24        0xc 00
 .text          0x0002da30      0x150 obj/FRAMEWIN_Button.o
                0x0002da30                FRAMEWIN_AddButton
 .text          0x0002db80      0x1c4 obj/FRAMEWIN_ButtonClose.o
                0x0002dcf0                FRAMEWIN_AddCloseButton
 *fill*         0x0002dd44        0xc 00
 .text          0x0002dd50      0x614 obj/FRAMEWIN_ButtonMax.o
                0x0002e310                FRAMEWIN_AddMaxButton
 *fill*         0x0002e364        0xc 00
 .text          0x0002e370      0x314 obj/FRAMEWIN_ButtonMin.o
                0x0002e630                FRAMEWIN_AddMinButton
 *fill*         0x0002e684        0xc 00
 .text          0x0002e690       0xbc obj/FRAMEWIN_Create.o
                0x0002e6f0                FRAMEWIN_CreateAsChild
                0x0002e690                FRAMEWIN_Create
 *fill*         0x0002e74c        0x4 00
 .text          0x0002e750       0xc4 obj/FRAMEWIN_CreateIndirect.o
                0x0002e750                FRAMEWIN_CreateIndirect
 *fill*         0x0002e814        0xc 00
 .text          0x0002e820      0x160 obj/FRAMEWIN_Default.o
                0x0002e820                FRAMEWIN_SetDefaultFont
                0x0002e830                FRAMEWIN_GetDefaultFont
                0x0002e920                FRAMEWIN_SetDefaultTextColor
                0x0002e8c0                FRAMEWIN_SetDefaultTitleHeight
                0x0002e8b0                FRAMEWIN_GetDefaultClientColor
                0x0002e950                FRAMEWIN_GetDefaultTextColor
                0x0002e840                FRAMEWIN_SetDefaultBarColor
                0x0002e8d0                FRAMEWIN_GetDefaultTitleHeight
                0x0002e8f0                FRAMEWIN_SetDefaultBorderSize
                0x0002e870                FRAMEWIN_GetDefaultBarColor
                0x0002e8a0                FRAMEWIN_SetDefaultClientColor
                0x0002e900                FRAMEWIN_GetDefaultBorderSize
 .text          0x0002e980      0x15c obj/FRAMEWIN_Get.o
                0x0002e9e0                FRAMEWIN_GetTitleHeight
                0x0002ea80                FRAMEWIN_GetBorderSize
                0x0002e980                FRAMEWIN_GetFont
 *fill*         0x0002eadc        0x4 00
 .text          0x0002eae0       0xbc obj/FRAMEWIN_IsMinMax.o
                0x0002eb40                FRAMEWIN_IsMaximized
                0x0002eae0                FRAMEWIN_IsMinimized
 *fill*         0x0002eb9c        0x4 00
 .text          0x0002eba0      0x7a0 obj/FRAMEWIN_MinMaxRest.o
                0x0002eba0                FRAMEWIN_Minimize
                0x0002ee10                FRAMEWIN_Maximize
                0x0002f0f0                FRAMEWIN_Restore
 .text          0x0002f340      0x1cc obj/FRAMEWIN_SetBorderSize.o
                0x0002f340                FRAMEWIN_SetBorderSize
 *fill*         0x0002f50c        0x4 00
 .text          0x0002f510      0x1e8 obj/FRAMEWIN_SetColors.o
                0x0002f510                FRAMEWIN_SetBarColor
                0x0002f690                FRAMEWIN_SetClientColor
                0x0002f600                FRAMEWIN_SetTextColorEx
                0x0002f5a0                FRAMEWIN_SetTextColor
 *fill*         0x0002f6f8        0x8 00
 .text          0x0002f700       0x90 obj/FRAMEWIN_SetFont.o
                0x0002f700                FRAMEWIN_SetFont
 .text          0x0002f790      0x728 obj/FRAMEWIN_SetResizeable.o
                0x0002fe20                FRAMEWIN_SetResizeable
 *fill*         0x0002feb8        0x8 00
 .text          0x0002fec0       0xb0 obj/FRAMEWIN_SetTitleHeight.o
                0x0002fec0                FRAMEWIN_SetTitleHeight
 .text          0x0002ff70      0x1e4 obj/FRAMEWIN_SetTitleVis.o
                0x0002ff70                FRAMEWIN_SetTitleVis
 *fill*         0x00030154        0xc 00
 .text          0x00030160      0x278 obj/FRAMEWIN__UpdateButtons.o
                0x00030160                FRAMEWIN__UpdateButtons
 *fill*         0x000303d8        0x8 00
 .text          0x000303e0      0x8b4 obj/GUI_ARRAY.o
                0x000304d0                GUI_ARRAY_AddItem
                0x000306a0                GUI_ARRAY_Delete
                0x000303e0                GUI_ARRAY_Check
                0x00030b00                GUI_ARRAY_GetpItem
                0x00030890                GUI_ARRAY_SetItem
                0x000307a0                GUI_ARRAY_SethItem
                0x00030450                GUI_ARRAY_GetNumItems
                0x00030a20                GUI_ARRAY_GethItem
                0x00030c50                GUI_ARRAY_Create
 *fill*         0x00030c94        0xc 00
 .text          0x00030ca0       0xc0 obj/GUI_ARRAY_DeleteItem.o
                0x00030ca0                GUI_ARRAY_DeleteItem
 .text          0x00030d60      0x1c8 obj/GUI_ARRAY_InsertItem.o
                0x00030eb0                GUI_ARRAY_InsertItem
                0x00030d60                GUI_ARRAY_InsertBlankItem
 *fill*         0x00030f28        0x8 00
 .text          0x00030f30       0xf8 obj/GUI_ARRAY_ResizeItem.o
                0x00030f30                GUI_ARRAY_ResizeItem
 *fill*         0x00031028        0x8 00
 .text          0x00031030       0xf8 obj/GUI_DRAW.o
                0x00031090                GUI_DRAW__GetXSize
                0x00031030                GUI_DRAW__Draw
                0x000310e0                GUI_DRAW__GetYSize
 *fill*         0x00031128        0x8 00
 .text          0x00031130      0x124 obj/GUI_DRAW_BITMAP.o
                0x000311c0                GUI_DRAW_BITMAP_Create
 *fill*         0x00031254        0xc 00
 .text          0x00031260      0x124 obj/GUI_DRAW_BMP.o
                0x000312f0                GUI_DRAW_BMP_Create
 *fill*         0x00031384        0xc 00
 .text          0x00031390       0xd4 obj/GUI_DRAW_Self.o
                0x000313d0                GUI_DRAW_SELF_Create
 *fill*         0x00031464        0xc 00
 .text          0x00031470      0x124 obj/GUI_DRAW_STREAMED.o
                0x00031500                GUI_DRAW_STREAMED_Create
 *fill*         0x00031594        0xc 00
 .text          0x000315a0      0x208 obj/GUI_EditBin.o
                0x000315a0                GUI_EditBin
 *fill*         0x000317a8        0x8 00
 .text          0x000317b0      0x228 obj/GUI_EditDec.o
                0x000317b0                GUI_EditDec
 *fill*         0x000319d8        0x8 00
 .text          0x000319e0      0x288 obj/GUI_EditFloat.o
                0x000319e0                GUI_EditFloat
 *fill*         0x00031c68        0x8 00
 .text          0x00031c70      0x208 obj/GUI_EditHex.o
                0x00031c70                GUI_EditHex
 *fill*         0x00031e78        0x8 00
 .text          0x00031e80      0x1ec obj/GUI_EditString.o
                0x00031e80                GUI_EditString
 *fill*         0x0003206c        0x4 00
 .text          0x00032070       0x2c obj/GUI_HOOK.o
                0x00032090                GUI_HOOK_Remove
                0x00032070                GUI_HOOK_Add
 *fill*         0x0003209c        0x4 00
 .text          0x000320a0     0x130c obj/HEADER.o
                0x000324e0                HEADER_GetDefaultBorderH
                0x00033350                HEADER_GetNumItems
                0x000324b0                HEADER_GetDefaultCursor
                0x00032470                HEADER_SetDefaultBorderV
                0x00032800                HEADER_AddItem
                0x00032500                HEADER_GetDefaultFont
                0x00032ae0                HEADER_SetItemWidth
                0x00032570                HEADER_SetHeight
                0x000324c0                HEADER_GetDefaultBkColor
                0x000324d0                HEADER_GetDefaultTextColor
                0x00032130                HEADER_CreateEx
                0x00032490                HEADER_SetDefaultFont
                0x000323f0                HEADER_SetDefaultCursor
                0x00032510                HEADER_SetFont
                0x000326c0                HEADER_SetTextAlign
                0x00032450                HEADER_SetDefaultBorderH
                0x00032990                HEADER_DeleteItem
                0x00032410                HEADER_SetDefaultBkColor
                0x000332c0                HEADER_GetHeight
                0x000323a0                HEADER_Create
                0x00032430                HEADER_SetDefaultTextColor
                0x00032660                HEADER_SetBkColor
                0x00032760                HEADER_SetScrollPos
                0x000320a0                HEADER_GetItemWidth
                0x00032a30                HEADER_SetItemText
                0x000324f0                HEADER_GetDefaultBorderV
                0x00032600                HEADER_SetTextColor
 *fill*         0x000333ac        0x4 00
 .text          0x000333b0       0xb4 obj/HEADER_Bitmap.o
                0x000333b0                HEADER_SetBitmapEx
                0x00033410                HEADER_SetBitmap
 *fill*         0x00033464        0xc 00
 .text          0x00033470       0xb4 obj/HEADER_BMP.o
                0x000334d0                HEADER_SetBMP
                0x00033470                HEADER_SetBMPEx
 *fill*         0x00033524        0xc 00
 .text          0x00033530       0x4c obj/HEADER_Create.o
                0x00033530                HEADER_CreateAttached
 *fill*         0x0003357c        0x4 00
 .text          0x00033580       0xb4 obj/HEADER_CreateIndirect.o
                0x00033580                HEADER_CreateIndirect
 *fill*         0x00033634        0xc 00
 .text          0x00033640       0xb4 obj/HEADER_StreamedBitmap.o
                0x00033640                HEADER_SetStreamedBitmapEx
                0x000336a0                HEADER_SetStreamedBitmap
 *fill*         0x000336f4        0xc 00
 .text          0x00033700       0xa4 obj/HEADER__SetDrawObj.o
                0x00033700                HEADER__SetDrawObj
 *fill*         0x000337a4        0xc 00
 .text          0x000337b0     0x3248 obj/LISTBOX.o
                0x000358a0                LISTBOX_IncSel
                0x00035480                LISTBOX_SetText
                0x00035850                LISTBOX_DecSel
                0x00034030                LISTBOX__InvalidateItem
                0x00035520                LISTBOX_CreateEx
                0x00035190                LISTBOX_AddString
                0x00033810                LISTBOX_OwnerDraw
                0x000342b0                LISTBOX__InvalidateItemAndBelow
                0x00034f40                LISTBOX_InvalidateItem
                0x00034570                LISTBOX_UpdateScrollers
                0x000337d0                LISTBOX__GetpString
                0x00034490                LISTBOX__SetScrollbarWidth
                0x000349c0                LISTBOX_SetSel
                0x00033ff0                LISTBOX__InvalidateInsideArea
                0x00035df0                LISTBOX_AddKey
                0x00035650                LISTBOX_GetSel
                0x000337b0                LISTBOX__GetNumItems