Archive member included because of file (symbol)

/home/jialiang/logic32-elf/lib/gcc/logic32-elf/3.4.2/../../../../logic32-elf/lib/libc.a(memcpy.o)
                              obj/GUIAAPolyOut.o (memcpy)
/home/jialiang/logic32-elf/lib/gcc/logic32-elf/3.4.2/../../../../logic32-elf/lib/libc.a(memmove.o)
                              obj/GUIAlloc.o (memmove)
/home/jialiang/logic32-elf/lib/gcc/logic32-elf/3.4.2/../../../../logic32-elf/lib/libc.a(strlen.o)
                              obj/GUI_ErrorOut.o (strlen)
/home/jialiang/logic32-elf/lib/gcc/logic32-elf/3.4.2/../../../../logic32-elf/lib/libc.a(memset.o)
                              obj/GUI_ErrorOut.o (memset)
/home/jialiang/logic32-elf/lib/gcc/logic32-elf/3.4.2/../../../../logic32-elf/lib/libc.a(memcmp.o)
                              obj/GUI_MOUSE.o (memcmp)
/home/jialiang/logic32-elf/lib/gcc/logic32-elf/3.4.2/../../../../logic32-elf/lib/libc.a(strcpy.o)
                              obj/GUI__SetText.o (strcpy)
/home/jialiang/logic32-elf/lib/gcc/logic32-elf/3.4.2/../../../../logic32-elf/lib/libc.a(strncpy.o)
                              obj/MENU_GetItemText.o (strncpy)
/home/jialiang/logic32-elf/lib/gcc/logic32-elf/3.4.2/../../../../logic32-elf/lib/libc.a(printf.o)
                              obj/GUI_X_uCOS.o (printf)
/home/jialiang/logic32-elf/lib/gcc/logic32-elf/3.4.2/../../../../logic32-elf/lib/libc.a(puts.o)
                              obj/hooks.o (puts)
/home/jialiang/logic32-elf/lib/gcc/logic32-elf/3.4.2/../../../../logic32-elf/lib/libc.a(vfprintf.o)
                              /home/jialiang/logic32-elf/lib/gcc/logic32-elf/3.4.2/../../../../logic32-elf/lib/libc.a(printf.o) (_vfprintf_r)
/home/jialiang/logic32-elf/lib/gcc/logic32-elf/3.4.2/../../../../logic32-elf/lib/libc.a(impure.o)
                              /home/jialiang/logic32-elf/lib/gcc/logic32-elf/3.4.2/../../../../logic32-elf/lib/libc.a(printf.o) (_impure_ptr)
/home/jialiang/logic32-elf/lib/gcc/logic32-elf/3.4.2/../../../../logic32-elf/lib/libc.a(fvwrite.o)
                              /home/jialiang/logic32-elf/lib/gcc/logic32-elf/3.4.2/../../../../logic32-elf/lib/libc.a(puts.o) (__sfvwrite)
/home/jialiang/logic32-elf/lib/gcc/logic32-elf/3.4.2/../../../../logic32-elf/lib/libc.a(locale.o)
                              /home/jialiang/logic32-elf/lib/gcc/logic32-elf/3.4.2/../../../../logic32-elf/lib/libc.a(vfprintf.o) (localeconv)
/home/jialiang/logic32-elf/lib/gcc/logic32-elf/3.4.2/../../../../logic32-elf/lib/libc.a(wsetup.o)
                              /home/jialiang/logic32-elf/lib/gcc/logic32-elf/3.4.2/../../../../logic32-elf/lib/libc.a(vfprintf.o) (__swsetup)
/home/jialiang/logic32-elf/lib/gcc/logic32-elf/3.4.2/../../../../logic32-elf/lib/libc.a(fflush.o)
                              /home/jialiang/logic32-elf/lib/gcc/logic32-elf/3.4.2/../../../../logic32-elf/lib/libc.a(vfprintf.o) (fflush)
/home/jialiang/logic32-elf/lib/gcc/logic32-elf/3.4.2/../../../../logic32-elf/lib/libc.a(findfp.o)
                              /home/jialiang/logic32-elf/lib/gcc/logic32-elf/3.4.2/../../../../logic32-elf/lib/libc.a(vfprintf.o) (__sinit)
/home/jialiang/logic32-elf/lib/gcc/logic32-elf/3.4.2/../../../../logic32-elf/lib/libc.a(malloc.o)
                              /home/jialiang/logic32-elf/lib/gcc/logic32-elf/3.4.2/../../../../logic32-elf/lib/libc.a(vfprintf.o) (free)
/home/jialiang/logic32-elf/lib/gcc/logic32-elf/3.4.2/../../../../logic32-elf/lib/libc.a(s_isinf.o)
                              /home/jialiang/logic32-elf/lib/gcc/logic32-elf/3.4.2/../../../../logic32-elf/lib/libc.a(vfprintf.o) (isinf)
/home/jialiang/logic32-elf/lib/gcc/logic32-elf/3.4.2/../../../../logic32-elf/lib/libc.a(wcrtomb.o)
                              /home/jialiang/logic32-elf/lib/gcc/logic32-elf/3.4.2/../../../../logic32-elf/lib/libc.a(vfprintf.o) (_wcrtomb_r)
/home/jialiang/logic32-elf/lib/gcc/logic32-elf/3.4.2/../../../../logic32-elf/lib/libc.a(memchr.o)
                              /home/jialiang/logic32-elf/lib/gcc/logic32-elf/3.4.2/../../../../logic32-elf/lib/libc.a(vfprintf.o) (memchr)
/home/jialiang/logic32-elf/lib/gcc/logic32-elf/3.4.2/../../../../logic32-elf/lib/libc.a(mallocr.o)
                              /home/jialiang/logic32-elf/lib/gcc/logic32-elf/3.4.2/../../../../logic32-elf/lib/libc.a(vfprintf.o) (_malloc_r)
/home/jialiang/logic32-elf/lib/gcc/logic32-elf/3.4.2/../../../../logic32-elf/lib/libc.a(wcsrtombs.o)
                              /home/jialiang/logic32-elf/lib/gcc/logic32-elf/3.4.2/../../../../logic32-elf/lib/libc.a(vfprintf.o) (_wcsrtombs_r)
/home/jialiang/logic32-elf/lib/gcc/logic32-elf/3.4.2/../../../../logic32-elf/lib/libc.a(s_isnan.o)
                              /home/jialiang/logic32-elf/lib/gcc/logic32-elf/3.4.2/../../../../logic32-elf/lib/libc.a(vfprintf.o) (isnan)
/home/jialiang/logic32-elf/lib/gcc/logic32-elf/3.4.2/../../../../logic32-elf/lib/libc.a(dtoa.o)
[...]
Memory Configuration

Name             Origin             Length             Attributes
*default*        0x00000000         0xffffffff

Linker script and memory map

LOAD obj/crt0.o
LOAD obj/os_cpu_a.o
LOAD obj/GUIAAArc.o
LOAD obj/GUIAAChar.o
LOAD obj/GUIAAChar2.o
LOAD obj/GUIAAChar4.o
LOAD obj/GUIAACircle.o
LOAD obj/GUIAALib.o
LOAD obj/GUIAALine.o
LOAD obj/GUIAAPoly.o
LOAD obj/GUIAAPolyOut.o
LOAD obj/LCDP111.o
LOAD obj/LCDP222.o
LOAD obj/LCDP233.o
LOAD obj/LCDP323.o
LOAD obj/LCDP332.o
LOAD obj/LCDP444_12.o
LOAD obj/LCDP444_12_1.o
LOAD obj/LCDP444_16.o
LOAD obj/LCDP555.o
LOAD obj/LCDP556.o
LOAD obj/LCDP565.o
LOAD obj/LCDP655.o
LOAD obj/LCDP8666.o
LOAD obj/LCDP8666_1.o
LOAD obj/LCDPM233.o
LOAD obj/LCDPM323.o
LOAD obj/LCDPM332.o
LOAD obj/LCDPM444_12.o
LOAD obj/LCDPM444_16.o
LOAD obj/LCDPM555.o
LOAD obj/LCDPM556.o
LOAD obj/LCDPM565.o
LOAD obj/LCDPM655.o
LOAD obj/LCDP0.o
LOAD obj/LCDP2.o
LOAD obj/LCDP4.o
LOAD obj/GUI2DLib.o
LOAD obj/GUIAlloc.o
LOAD obj/GUIArc.o
LOAD obj/GUIChar.o
LOAD obj/GUICharLine.o
LOAD obj/GUICharM.o
LOAD obj/GUICharP.o
LOAD obj/GUICirc.o
LOAD obj/GUIColor2Index.o
LOAD obj/GUICore.o
LOAD obj/GUICurs.o
LOAD obj/GUIEncJS.o
LOAD obj/GUIIndex2Color.o
LOAD obj/GUIPolyE.o
LOAD obj/GUIPolyM.o
LOAD obj/GUIPolyR.o
LOAD obj/GUIRealloc.o
LOAD obj/GUIStream.o
LOAD obj/GUITask.o
LOAD obj/GUITime.o
LOAD obj/GUITimer.o
LOAD obj/GUIUC0.o
LOAD obj/GUIVal.o
LOAD obj/GUIValf.o
LOAD obj/GUI_AddBin.o
LOAD obj/GUI_AddDec.o
LOAD obj/GUI_AddDecMin.o
LOAD obj/GUI_AddDecShift.o
LOAD obj/GUI_AddHex.o
LOAD obj/GUI_AddKeyMsgHook.o
LOAD obj/GUI_ALLOC_AllocInit.o
LOAD obj/GUI_ALLOC_AllocZero.o
LOAD obj/GUI_BMP.o
LOAD obj/GUI_BMP_Serialize.o
LOAD obj/GUI_CalcColorDist.o
LOAD obj/GUI_ClearRectEx.o
LOAD obj/GUI_Color2VisColor.o
LOAD obj/GUI_CursorArrowL.o
LOAD obj/GUI_CursorArrowLI.o
LOAD obj/GUI_CursorArrowLPx.o
LOAD obj/GUI_CursorArrowM.o
LOAD obj/GUI_CursorArrowMI.o
LOAD obj/GUI_CursorArrowMPx.o
LOAD obj/GUI_CursorArrowS.o
LOAD obj/GUI_CursorArrowSI.o
LOAD obj/GUI_CursorArrowSPx.o
LOAD obj/GUI_CursorCrossL.o
LOAD obj/GUI_CursorCrossLI.o
LOAD obj/GUI_CursorCrossLPx.o
LOAD obj/GUI_CursorCrossM.o
LOAD obj/GUI_CursorCrossMI.o
LOAD obj/GUI_CursorCrossMPx.o
LOAD obj/GUI_CursorCrossS.o
LOAD obj/GUI_CursorCrossSI.o
LOAD obj/GUI_CursorCrossSPx.o
LOAD obj/GUI_CursorHeaderM.o
LOAD obj/GUI_CursorHeaderMI.o
LOAD obj/GUI_CursorHeaderMPx.o
LOAD obj/GUI_CursorPal.o
LOAD obj/GUI_CursorPalI.o
LOAD obj/GUI_DispBin.o
LOAD obj/GUI_DispCEOL.o
LOAD obj/GUI_DispChar.o
LOAD obj/GUI_DispChars.o
LOAD obj/GUI_DispHex.o
LOAD obj/GUI_DispString.o
LOAD obj/GUI_DispStringAt.o
LOAD obj/GUI_DispStringAtCEOL.o
LOAD obj/GUI_DispStringHCenter.o
LOAD obj/GUI_DispStringInRect.o
LOAD obj/GUI_DispStringInRectEx.o
LOAD obj/GUI_DispStringInRectMax.o
LOAD obj/GUI_DispStringLen.o
LOAD obj/GUI_DrawBitmap.o
LOAD obj/GUI_DrawBitmapEx.o
LOAD obj/GUI_DrawBitmapExp.o
LOAD obj/GUI_DrawBitmapMag.o
LOAD obj/GUI_DrawFocusRect.o
LOAD obj/GUI_DrawGraph.o
LOAD obj/GUI_DrawHLine.o
LOAD obj/GUI_DrawPie.o
LOAD obj/GUI_DrawPixel.o
LOAD obj/GUI_DrawPolyline.o
LOAD obj/GUI_DrawRectEx.o
LOAD obj/GUI_DrawVLine.o
LOAD obj/GUI_ErrorOut.o
LOAD obj/GUI_Exec.o
LOAD obj/GUI_FillPolygon.o
LOAD obj/GUI_FillRect.o
LOAD obj/GUI_FillRectEx.o
LOAD obj/GUI_GetBitmapPixelColor.o
LOAD obj/GUI_GetBitmapPixelIndex.o
LOAD obj/GUI_GetClientRect.o
LOAD obj/GUI_GetColor.o
LOAD obj/GUI_GetDispPos.o
LOAD obj/GUI_GetFont.o
LOAD obj/GUI_GetFontInfo.o
LOAD obj/GUI_GetFontSizeY.o
LOAD obj/GUI_GetLineStyle.o
LOAD obj/GUI_GetStringDistX.o
LOAD obj/GUI_GetTextAlign.o
LOAD obj/GUI_GetTextExtend.o
LOAD obj/GUI_GetTextMode.o
LOAD obj/GUI_GetVersionString.o
LOAD obj/GUI_GetYSizeOfFont.o
LOAD obj/GUI_Goto.o
LOAD obj/GUI_InitLUT.o
LOAD obj/GUI_InvertRect.o
LOAD obj/GUI_IsInFont.o
LOAD obj/GUI_Log.o
LOAD obj/GUI_MergeRect.o
LOAD obj/GUI_MOUSE.o
LOAD obj/GUI_MOUSE_DriverPS2.o
LOAD obj/GUI_MoveRect.o
LOAD obj/GUI_OnKey.o
LOAD obj/GUI_Pen.o
LOAD obj/GUI_PID.o
LOAD obj/GUI_RectsIntersect.o
LOAD obj/GUI_SaveContext.o
LOAD obj/GUI_SelectLayer.o
LOAD obj/GUI_SelectLCD.o
LOAD obj/GUI_SetColor.o
LOAD obj/GUI_SetColorIndex.o
LOAD obj/GUI_SetDecChar.o
LOAD obj/GUI_SetDefault.o
LOAD obj/GUI_SetDrawMode.o
LOAD obj/GUI_SetFont.o
LOAD obj/GUI_SetLBorder.o
LOAD obj/GUI_SetLineStyle.o
LOAD obj/GUI_SetLUTColor.o
LOAD obj/GUI_SetLUTColorEx.o
LOAD obj/GUI_SetLUTEntry.o
LOAD obj/GUI_SetOrg.o
LOAD obj/GUI_SetPixelIndex.o
LOAD obj/GUI_SetTextAlign.o
LOAD obj/GUI_SetTextMode.o
LOAD obj/GUI_SetTextStyle.o
LOAD obj/GUI_SIF.o
LOAD obj/GUI_SIF_Prop.o
LOAD obj/GUI_TOUCH.o
LOAD obj/GUI_TOUCH_DriverAnalog.o
LOAD obj/GUI_TOUCH_StoreState.o
LOAD obj/GUI_TOUCH_StoreUnstable.o
LOAD obj/GUI_UC.o
LOAD obj/GUI_UC_DispString.o
LOAD obj/GUI_UC_EncodeNone.o
LOAD obj/GUI_UC_EncodeUTF8.o
LOAD obj/GUI_WaitEvent.o
LOAD obj/GUI_WaitKey.o
LOAD obj/GUI_Warn.o
LOAD obj/GUI__AddSpaceHex.o
LOAD obj/GUI__CalcTextRect.o
LOAD obj/GUI__DivideRound.o
LOAD obj/GUI__DivideRound32.o
LOAD obj/GUI__GetFontSizeY.o
LOAD obj/GUI__GetNumChars.o
LOAD obj/GUI__HandleEOLine.o
LOAD obj/GUI__IntersectRect.o
LOAD obj/GUI__IntersectRects.o
LOAD obj/GUI__memset.o
LOAD obj/GUI__memset16.o
LOAD obj/GUI__Read.o
LOAD obj/GUI__ReduceRect.o
LOAD obj/GUI__SetText.o
LOAD obj/GUI__strcmp.o
LOAD obj/GUI__strlen.o
LOAD obj/GUI__Wrap.o
LOAD obj/LCD.o
LOAD obj/LCDAA.o
LOAD obj/LCDColor.o
LOAD obj/LCDGetP.o
LOAD obj/LCDInfo.o
LOAD obj/LCDInfo0.o
LOAD obj/LCDInfo1.o
LOAD obj/LCDL0Delta.o
LOAD obj/LCDL0Mag.o
LOAD obj/LCDP1.o
LOAD obj/LCDP565_Index2Color.o
LOAD obj/LCDPM565_Index2Color.o
LOAD obj/LCDRLE4.o
LOAD obj/LCDRLE8.o
LOAD obj/LCD_API.o
LOAD obj/LCD_DrawBitmap_565.o
LOAD obj/LCD_DrawBitmap_M565.o
LOAD obj/LCD_DrawVLine.o
LOAD obj/LCD_GetColorIndex.o
LOAD obj/LCD_GetEx.o
LOAD obj/LCD_GetNumDisplays.o
LOAD obj/LCD_GetPixelColor.o
LOAD obj/LCD_Index2ColorEx.o
LOAD obj/LCD_L0_Generic.o
LOAD obj/LCD_Mirror.o
LOAD obj/LCD_MixColors256.o
LOAD obj/LCD_Rotate180.o
LOAD obj/LCD_RotateCCW.o
LOAD obj/LCD_RotateCW.o
LOAD obj/LCD_SelectLCD.o
LOAD obj/LCD_SetAPI.o
LOAD obj/LCD_SetClipRectEx.o
LOAD obj/LCD_UpdateColorIndices.o
LOAD obj/F08_1.o
LOAD obj/F08_ASCII.o
LOAD obj/F10S_1.o
LOAD obj/F10S_ASCII.o
LOAD obj/F10_1.o
LOAD obj/F10_ASCII.o
LOAD obj/F13B_1.o
LOAD obj/F13B_ASCII.o
LOAD obj/F13HB_1.o
LOAD obj/F13HB_ASCII.o
LOAD obj/F13H_1.o
LOAD obj/F13H_ASCII.o
LOAD obj/F13_1.o
LOAD obj/F13_ASCII.o
LOAD obj/F16B_1.o
LOAD obj/F16B_ASCII.o
LOAD obj/F16_1.o
LOAD obj/F16_1HK.o
LOAD obj/F16_ASCII.o
LOAD obj/F16_HK.o
LOAD obj/F24B_1.o
LOAD obj/F24B_ASCII.o
LOAD obj/F24_1.o
LOAD obj/F24_ASCII.o
LOAD obj/F32B_1.o
LOAD obj/F32B_ASCII.o
LOAD obj/F32_1.o
LOAD obj/F32_ASCII.o
LOAD obj/F4x6.o
LOAD obj/F6x8.o
LOAD obj/F8x10_ASCII.o
LOAD obj/F8x12_ASCII.o
LOAD obj/F8x13_1.o
LOAD obj/F8x13_ASCII.o
LOAD obj/F8x15B_1.o
LOAD obj/F8x15B_ASCII.o
LOAD obj/F8x16.o
LOAD obj/F8x8.o
LOAD obj/FComic18B_1.o
LOAD obj/FComic18B_ASCII.o
LOAD obj/FComic24B_1.o
LOAD obj/FComic24B_ASCII.o
LOAD obj/FD24x32.o
LOAD obj/FD32.o
LOAD obj/FD36x48.o
LOAD obj/FD48.o
LOAD obj/FD48x64.o
LOAD obj/FD60x80.o
LOAD obj/FD64.o
LOAD obj/FD80.o
LOAD obj/LCDNull.o
LOAD obj/GUIDEV.o
LOAD obj/GUIDEV_1.o
LOAD obj/GUIDEV_16.o
LOAD obj/GUIDEV_8.o
LOAD obj/GUIDEV_AA.o
LOAD obj/GUIDEV_Auto.o
LOAD obj/GUIDEV_Banding.o
LOAD obj/GUIDEV_Clear.o
LOAD obj/GUIDEV_CmpWithLCD.o
LOAD obj/GUIDEV_CopyFromLCD.o
LOAD obj/GUIDEV_CreateFixed.o
LOAD obj/GUIDEV_GetDataPtr.o
LOAD obj/GUIDEV_GetXSize.o
LOAD obj/GUIDEV_GetYSize.o
LOAD obj/GUIDEV_Measure.o
LOAD obj/GUIDEV_ReduceYSize.o
LOAD obj/GUIDEV_SetOrg.o
LOAD obj/GUIDEV_Usage.o
LOAD obj/GUIDEV_UsageBM.o
LOAD obj/GUIDEV_Write.o
LOAD obj/GUIDEV_WriteAlpha.o
LOAD obj/GUIDEV_WriteEx.o
LOAD obj/GUIDEV_XY2PTR.o
LOAD obj/LCD_1.o
LOAD obj/LCD_2.o
LOAD obj/LCD_3.o
LOAD obj/LCD_4.o
LOAD obj/BUTTON.o
LOAD obj/BUTTON_Bitmap.o
LOAD obj/BUTTON_BMP.o
LOAD obj/BUTTON_Create.o
LOAD obj/BUTTON_CreateIndirect.o
LOAD obj/BUTTON_Default.o
LOAD obj/BUTTON_Get.o
LOAD obj/BUTTON_IsPressed.o
LOAD obj/BUTTON_SelfDraw.o
LOAD obj/BUTTON_SetTextAlign.o
LOAD obj/BUTTON_StreamedBitmap.o
LOAD obj/BUTTON__SetBitmapObj.o
LOAD obj/CHECKBOX.o
LOAD obj/CHECKBOX_Create.o
LOAD obj/CHECKBOX_CreateIndirect.o
LOAD obj/CHECKBOX_Default.o
LOAD obj/CHECKBOX_GetState.o
LOAD obj/CHECKBOX_Image.o
LOAD obj/CHECKBOX_IsChecked.o
LOAD obj/CHECKBOX_SetBkColor.o
LOAD obj/CHECKBOX_SetDefaultImage.o
LOAD obj/CHECKBOX_SetFont.o
LOAD obj/CHECKBOX_SetImage.o
LOAD obj/CHECKBOX_SetNumStates.o
LOAD obj/CHECKBOX_SetSpacing.o
LOAD obj/CHECKBOX_SetState.o
LOAD obj/CHECKBOX_SetText.o
LOAD obj/CHECKBOX_SetTextAlign.o
LOAD obj/CHECKBOX_SetTextColor.o
LOAD obj/DIALOG.o
LOAD obj/DROPDOWN.o
LOAD obj/DROPDOWN_Create.o
LOAD obj/DROPDOWN_CreateIndirect.o
LOAD obj/DROPDOWN_DeleteItem.o
LOAD obj/DROPDOWN_InsertString.o
LOAD obj/DROPDOWN_ItemSpacing.o
LOAD obj/DROPDOWN_SetAutoScroll.o
LOAD obj/DROPDOWN_SetTextAlign.o
LOAD obj/DROPDOWN_SetTextHeight.o
LOAD obj/EDIT.o
LOAD obj/EDITBin.o
LOAD obj/EDITDec.o
LOAD obj/EDITFloat.o
LOAD obj/EDITHex.o
LOAD obj/EDIT_Create.o
LOAD obj/EDIT_CreateIndirect.o
LOAD obj/EDIT_Default.o
LOAD obj/EDIT_GetNumChars.o
LOAD obj/EDIT_SetCursorAtChar.o
LOAD obj/EDIT_SetInsertMode.o
LOAD obj/EDIT_SetpfAddKeyEx.o
LOAD obj/EDIT_SetpfUpdateBuffer.o
LOAD obj/EDIT_SetSel.o
LOAD obj/FRAMEWIN.o
LOAD obj/FRAMEWIN_AddMenu.o
LOAD obj/FRAMEWIN_Button.o
LOAD obj/FRAMEWIN_ButtonClose.o
LOAD obj/FRAMEWIN_ButtonMax.o
LOAD obj/FRAMEWIN_ButtonMin.o
LOAD obj/FRAMEWIN_Create.o
LOAD obj/FRAMEWIN_CreateIndirect.o
LOAD obj/FRAMEWIN_Default.o
LOAD obj/FRAMEWIN_Get.o
LOAD obj/FRAMEWIN_IsMinMax.o
LOAD obj/FRAMEWIN_MinMaxRest.o
LOAD obj/FRAMEWIN_SetBorderSize.o
LOAD obj/FRAMEWIN_SetColors.o
LOAD obj/FRAMEWIN_SetFont.o
LOAD obj/FRAMEWIN_SetResizeable.o
LOAD obj/FRAMEWIN_SetTitleHeight.o
LOAD obj/FRAMEWIN_SetTitleVis.o
LOAD obj/FRAMEWIN__UpdateButtons.o
LOAD obj/GUI_ARRAY.o
LOAD obj/GUI_ARRAY_DeleteItem.o
LOAD obj/GUI_ARRAY_InsertItem.o
LOAD obj/GUI_ARRAY_ResizeItem.o
LOAD obj/GUI_DRAW.o
LOAD obj/GUI_DRAW_BITMAP.o
LOAD obj/GUI_DRAW_BMP.o
LOAD obj/GUI_DRAW_Self.o
LOAD obj/GUI_DRAW_STREAMED.o
LOAD obj/GUI_EditBin.o
LOAD obj/GUI_EditDec.o
LOAD obj/GUI_EditFloat.o
LOAD obj/GUI_EditHex.o
LOAD obj/GUI_EditString.o
LOAD obj/GUI_HOOK.o
LOAD obj/HEADER.o
LOAD obj/HEADER_Bitmap.o
LOAD obj/HEADER_BMP.o
LOAD obj/HEADER_Create.o
LOAD obj/HEADER_CreateIndirect.o
LOAD obj/HEADER_StreamedBitmap.o
LOAD obj/HEADER__SetDrawObj.o
LOAD obj/LISTBOX.o
LOAD obj/LISTBOX_Create.o
LOAD obj/LISTBOX_CreateIndirect.o
LOAD obj/LISTBOX_Default.o
LOAD obj/LISTBOX_DeleteItem.o
LOAD obj/LISTBOX_Font.o
LOAD obj/LISTBOX_GetItemText.o
LOAD obj/LISTBOX_GetNumItems.o
LOAD obj/LISTBOX_InsertString.o
LOAD obj/LISTBOX_ItemDisabled.o
LOAD obj/LISTBOX_ItemSpacing.o
LOAD obj/LISTBOX_MultiSel.o
LOAD obj/LISTBOX_ScrollStep.o
LOAD obj/LISTBOX_SetAutoScroll.o
LOAD obj/LISTBOX_SetBkColor.o
LOAD obj/LISTBOX_SetOwner.o
LOAD obj/LISTBOX_SetOwnerDraw.o
LOAD obj/LISTBOX_SetScrollbarWidth.o
LOAD obj/LISTBOX_SetString.o
LOAD obj/LISTBOX_SetTextColor.o
LOAD obj/LISTVIEW.o
LOAD obj/LISTVIEW_Create.o
LOAD obj/LISTVIEW_CreateIndirect.o
LOAD obj/LISTVIEW_Default.o
LOAD obj/LISTVIEW_DeleteColumn.o
LOAD obj/LISTVIEW_DeleteRow.o
LOAD obj/LISTVIEW_GetBkColor.o
LOAD obj/LISTVIEW_GetFont.o
LOAD obj/LISTVIEW_GetHeader.o
LOAD obj/LISTVIEW_GetNumColumns.o
LOAD obj/LISTVIEW_GetNumRows.o
LOAD obj/LISTVIEW_GetSel.o
LOAD obj/LISTVIEW_GetTextColor.o
LOAD obj/LISTVIEW_SetBkColor.o
LOAD obj/LISTVIEW_SetColumnWidth.o
LOAD obj/LISTVIEW_SetFont.o
LOAD obj/LISTVIEW_SetGridVis.o
LOAD obj/LISTVIEW_SetItemColor.o
LOAD obj/LISTVIEW_SetItemText.o
LOAD obj/LISTVIEW_SetLBorder.o
LOAD obj/LISTVIEW_SetRBorder.o
LOAD obj/LISTVIEW_SetRowHeight.o
LOAD obj/LISTVIEW_SetSel.o
LOAD obj/LISTVIEW_SetTextAlign.o
LOAD obj/LISTVIEW_SetTextColor.o
LOAD obj/MENU.o
LOAD obj/MENU_Attach.o
LOAD obj/MENU_CreateIndirect.o
LOAD obj/MENU_Default.o
LOAD obj/MENU_DeleteItem.o
LOAD obj/MENU_DisableItem.o
LOAD obj/MENU_EnableItem.o
LOAD obj/MENU_GetItem.o
LOAD obj/MENU_GetItemText.o
LOAD obj/MENU_GetNumItems.o
LOAD obj/MENU_InsertItem.o
LOAD obj/MENU_Popup.o
LOAD obj/MENU_SetBkColor.o
LOAD obj/MENU_SetBorderSize.o
LOAD obj/MENU_SetFont.o
LOAD obj/MENU_SetItem.o
LOAD obj/MENU_SetTextColor.o
LOAD obj/MENU__FindItem.o
LOAD obj/MESSAGEBOX.o
LOAD obj/MULTIEDIT.o
LOAD obj/MULTIEDIT_Create.o
LOAD obj/MULTIEDIT_CreateIndirect.o
LOAD obj/MULTIPAGE.o
LOAD obj/MULTIPAGE_Create.o
LOAD obj/MULTIPAGE_CreateIndirect.o
LOAD obj/MULTIPAGE_Default.o
LOAD obj/PROGBAR.o
LOAD obj/PROGBAR_Create.o
LOAD obj/PROGBAR_CreateIndirect.o
LOAD obj/RADIO.o
LOAD obj/RADIO_Create.o
LOAD obj/RADIO_CreateIndirect.o
LOAD obj/RADIO_Default.o
LOAD obj/RADIO_Image.o
LOAD obj/RADIO_SetBkColor.o
LOAD obj/RADIO_SetDefaultImage.o
LOAD obj/RADIO_SetFont.o
LOAD obj/RADIO_SetGroupId.o
LOAD obj/RADIO_SetImage.o
LOAD obj/RADIO_SetText.o
LOAD obj/RADIO_SetTextColor.o
LOAD obj/SCROLLBAR.o
LOAD obj/SCROLLBAR_Create.o
LOAD obj/SCROLLBAR_CreateIndirect.o
LOAD obj/SCROLLBAR_Defaults.o
LOAD obj/SCROLLBAR_GetValue.o
LOAD obj/SCROLLBAR_SetWidth.o
LOAD obj/SLIDER.o
LOAD obj/SLIDER_Create.o
LOAD obj/SLIDER_CreateIndirect.o
LOAD obj/TEXT.o
LOAD obj/TEXT_Create.o
LOAD obj/TEXT_CreateIndirect.o
LOAD obj/TEXT_SetBkColor.o
LOAD obj/TEXT_SetFont.o
LOAD obj/TEXT_SetText.o
LOAD obj/TEXT_SetTextAlign.o
LOAD obj/TEXT_SetTextColor.o
LOAD obj/WIDGET.o
LOAD obj/WIDGET_Effect_3D.o
LOAD obj/WIDGET_Effect_3D1L.o
LOAD obj/WIDGET_Effect_3D2L.o
LOAD obj/WIDGET_Effect_None.o
LOAD obj/WIDGET_Effect_Simple.o
LOAD obj/WIDGET_FillStringInRect.o
LOAD obj/WIDGET_SetEffect.o
LOAD obj/WIDGET_SetWidth.o
LOAD obj/WINDOW.o
LOAD obj/WINDOW_Default.o
LOAD obj/WM.o
LOAD obj/WMMemDev.o
LOAD obj/WMTouch.o
LOAD obj/WM_AttachWindow.o
LOAD obj/WM_BringToBottom.o
LOAD obj/WM_BringToTop.o
LOAD obj/WM_Broadcast.o
LOAD obj/WM_CheckScrollPos.o
LOAD obj/WM_CriticalHandle.o
LOAD obj/WM_DIAG.o
LOAD obj/WM_EnableWindow.o
LOAD obj/WM_ForEachDesc.o
LOAD obj/WM_GetBkColor.o
LOAD obj/WM_GetClientRect.o
LOAD obj/WM_GetClientWindow.o
LOAD obj/WM_GetDesktopWindow.o
LOAD obj/WM_GetDesktopWindowEx.o
LOAD obj/WM_GetDiagInfo.o
LOAD obj/WM_GetDialogItem.o
LOAD obj/WM_GetFirstChild.o
LOAD obj/WM_GetFlags.o
LOAD obj/WM_GetFocussedWindow.o
LOAD obj/WM_GetId.o
LOAD obj/WM_GetInsideRect.o
LOAD obj/WM_GetInsideRectExScrollbar.o
LOAD obj/WM_GetInvalidRect.o
LOAD obj/WM_GetNextSibling.o
LOAD obj/WM_GetOrg.o
LOAD obj/WM_GetParent.o
LOAD obj/WM_GetPrevSibling.o
LOAD obj/WM_GetScrollbar.o
LOAD obj/WM_GetScrollPartner.o
LOAD obj/WM_GetScrollState.o
LOAD obj/WM_GetWindowRect.o
LOAD obj/WM_GetWindowSize.o
LOAD obj/WM_HasCaptured.o
LOAD obj/WM_HasFocus.o
LOAD obj/WM_Hide.o
LOAD obj/WM_IsCompletelyVisible.o
LOAD obj/WM_IsEnabled.o
LOAD obj/WM_IsFocussable.o
LOAD obj/WM_IsVisible.o
LOAD obj/WM_IsWindow.o
LOAD obj/WM_MakeModal.o
LOAD obj/WM_Move.o
LOAD obj/WM_MoveChildTo.o
LOAD obj/WM_NotifyParent.o
LOAD obj/WM_OnKey.o
LOAD obj/WM_Paint.o
LOAD obj/WM_PID__GetPrevState.o
LOAD obj/WM_ResizeWindow.o
LOAD obj/WM_Screen2Win.o
LOAD obj/WM_SendMessageNoPara.o
LOAD obj/WM_SendToParent.o
LOAD obj/WM_SetAnchor.o
LOAD obj/WM_SetCallback.o
LOAD obj/WM_SetCapture.o
LOAD obj/WM_SetCaptureMove.o
LOAD obj/WM_SetCreateFlags.o
LOAD obj/WM_SetDesktopColor.o
LOAD obj/WM_SetFocus.o
LOAD obj/WM_SetFocusOnNextChild.o
LOAD obj/WM_SetFocusOnPrevChild.o
LOAD obj/WM_SetId.o
LOAD obj/WM_SetpfPollPID.o
LOAD obj/WM_SetScrollbar.o
LOAD obj/WM_SetScrollState.o
LOAD obj/WM_SetSize.o
LOAD obj/WM_SetTrans.o
LOAD obj/WM_SetTransState.o
LOAD obj/WM_SetUserClipRect.o
LOAD obj/WM_SetXSize.o
LOAD obj/WM_SetYSize.o
LOAD obj/WM_Show.o
LOAD obj/WM_StayOnTop.o
LOAD obj/WM_Timer.o
LOAD obj/WM_TimerExternal.o
LOAD obj/WM_UserData.o
LOAD obj/WM_Validate.o
LOAD obj/WM_ValidateWindow.o
LOAD obj/WM__ForEachDesc.o
LOAD obj/WM__GetFirstSibling.o
LOAD obj/WM__GetFocussedChild.o
LOAD obj/WM__GetLastSibling.o
LOAD obj/WM__GetOrg_AA.o
LOAD obj/WM__GetPrevSibling.o
LOAD obj/WM__IsAncestor.o
LOAD obj/WM__IsChild.o
LOAD obj/WM__IsEnabled.o
LOAD obj/WM__NotifyVisChanged.o
LOAD obj/WM__Screen2Client.o
LOAD obj/WM__SendMessage.o
LOAD obj/WM__SendMessageIfEnabled.o
LOAD obj/WM__SendMessageNoPara.o
LOAD obj/WM__UpdateChildPositions.o
LOAD obj/dialog_all.o
LOAD obj/GUI_X_Touch.o
LOAD obj/GUI_X_uCOS.o
LOAD obj/l32_screen.o
LOAD obj/syscall.o
LOAD obj/uart.o
LOAD obj/main.o
LOAD obj/hooks.o
LOAD obj/BSP.o
LOAD obj/led.o
LOAD obj/app.o
LOAD obj/os_core.o
LOAD obj/os_q.o
LOAD obj/os_flag.o
LOAD obj/os_sem.o
LOAD obj/os_tmr.o
LOAD obj/os_task.o
LOAD obj/os_time.o
LOAD obj/os_mbox.o
LOAD obj/os_mem.o
LOAD obj/os_mutex.o
LOAD obj/os_cpu_c.o
LOAD /home/jialiang/logic32-elf/lib/gcc/logic32-elf/3.4.2/../../../../logic32-elf/lib/libc.a
LOAD /home/jialiang/logic32-elf/lib/gcc/logic32-elf/3.4.2/../../../../logic32-elf/lib/libm.a
LOAD /home/jialiang/logic32-elf/lib/gcc/logic32-elf/3.4.2/libgcc.a
LOAD /home/jialiang/logic32-elf/lib/gcc/logic32-elf/3.4.2/libgcc.a
                0x00000000                . = 0x0

.text           0x00000000    0x70c6c
 CREATE_OBJECT_SYMBOLS
 *(.text)
 .text          0x00000000       0xa8 obj/crt0.o
                0x00000098                sei
                0x000000a0                cli
                0x00000094                halt
 .text          0x000000a8      0x3b0 obj/os_cpu_a.o
                0x000000bc                OSStartHighRdy
                0x00000190                OSCtxSw
                0x00000234                OSIntCtxSw
                0x00000308                systick_isr
                0x000000b4                OS_CPU_SR_Restore
                0x000000a8                OS_CPU_SR_Save
                0x00000198                OSIntCtxSw_no_save
 *fill*         0x00000458        0x8 00
 .text          0x00000460      0x148 obj/GUIAAArc.o
                0x00000460                GUI_AA_DrawArc
 *fill*         0x000005a8        0x8 00
 .text          0x000005b0      0x460 obj/GUIAAChar.o
                0x000005b0                GUIPROPAA_DispChar
                0x000009b0                GUIPROPAA_IsInFont
                0x00000910                GUIPROPAA_GetCharDistX
                0x000009a0                GUIPROPAA_GetFontInfo
 .text          0x00000a10      0x5f0 obj/GUIAAChar2.o
                0x00000f00                GUIPROP_AA2_GetCharDistX
                0x00000f90                GUIPROP_AA2_GetFontInfo
                0x00000fa0                GUIPROP_AA2_IsInFont
                0x00000a10                GUIPROP_AA2_DispChar
 .text          0x00001000      0x380 obj/GUIAAChar4.o
                0x00001310                GUIPROP_AA4_GetFontInfo
                0x00001320                GUIPROP_AA4_IsInFont
                0x00001000                GUIPROP_AA4_DispChar
                0x00001280                GUIPROP_AA4_GetCharDistX
 .text          0x00001380      0x2c0 obj/GUIAACircle.o
                0x00001380                GL_FillCircleAA_HiRes
                0x00001540                GUI_AA_FillCircle
 .text          0x00001640      0x8b8 obj/GUIAALib.o
                0x00001d90                GUI_AA_SetFactor
                0x00001e20                GUI_AA_GetFactor
                0x00001ec0                GUI_AA_Exit
                0x00001c00                GUI_AA_Init_HiRes
                0x00001e80                GUI_AA_HiRes2Pixel
                0x00001e60                GUI_AA_EnableHiRes
                0x00001e40                GUI_AA_DisableHiRes
                0x00001a70                GUI_AA_Init
 *fill*         0x00001ef8        0x8 00
 .text          0x00001f00      0x24c obj/GUIAALine.o
                0x00001f00                GUI_AA_DrawLine
 *fill*         0x0000214c        0x4 00
 .text          0x00002150      0x278 obj/GUIAAPoly.o
                0x00002150                GUI_AA_FillPolygon
 *fill*         0x000023c8        0x8 00
 .text          0x000023d0       0xc0 obj/GUIAAPolyOut.o
                0x000023d0                GUI_AA_DrawPolyOutline
 .text          0x00002490      0x118 obj/LCDP111.o
                0x000024c0                LCD_Index2Color_111
                0x00002510                LCD_GetIndexMask_111
                0x00002490                LCD_Color2Index_111
                0x00002520                LCD_Color2Index_M111
                0x000025a0                LCD_GetIndexMask_M111
                0x00002550                LCD_Index2Color_M111
 *fill*         0x000025a8        0x8 00
 .text          0x000025b0      0x138 obj/LCDP222.o
                0x000025b0                LCD_Color2Index_222
                0x000026e0                LCD_GetIndexMask_M222
                0x00002600                LCD_Index2Color_222
                0x00002650                LCD_Color2Index_M222
                0x00002640                LCD_GetIndexMask_222
                0x000026a0                LCD_Index2Color_M222
 *fill*         0x000026e8        0x8 00
 .text          0x000026f0       0xc8 obj/LCDP233.o
                0x000026f0                LCD_Color2Index_233
                0x00002750                LCD_Index2Color_233
                0x000027b0                LCD_GetIndexMask_233
 *fill*         0x000027b8        0x8 00
 .text          0x000027c0       0xc8 obj/LCDP323.o
                0x00002820                LCD_Index2Color_323
                0x00002880                LCD_GetIndexMask_323
                0x000027c0                LCD_Color2Index_323
 *fill*         0x00002888        0x8 00
 .text          0x00002890       0xc8 obj/LCDP332.o
                0x00002950                LCD_GetIndexMask_332
                0x000028f0                LCD_Index2Color_332
                0x00002890                LCD_Color2Index_332
 *fill*         0x00002958        0x8 00
 .text          0x00002960       0x98 obj/LCDP444_12.o
                0x000029b0                LCD_Index2Color_444_12
                0x000029f0                LCD_GetIndexMask_444_12
                0x00002960                LCD_Color2Index_444_12
 *fill*         0x000029f8        0x8 00
 .text          0x00002a00       0xa8 obj/LCDP444_12_1.o
                0x00002aa0                LCD_GetIndexMask_444_12_1
                0x00002a00                LCD_Color2Index_444_12_1
                0x00002a50                LCD_Index2Color_444_12_1
 *fill*         0x00002aa8        0x8 00
 .text          0x00002ab0       0xa8 obj/LCDP444_16.o
                0x00002ab0                LCD_Color2Index_444_16
                0x00002b50                LCD_GetIndexMask_444_16
                0x00002b00                LCD_Index2Color_444_16
 *fill*         0x00002b58        0x8 00
 .text          0x00002b60       0x88 obj/LCDP555.o
                0x00002b90                LCD_Index2Color_555
                0x00002be0                LCD_GetIndexMask_555
                0x00002b60                LCD_Color2Index_555
 *fill*         0x00002be8        0x8 00
 .text          0x00002bf0       0x98 obj/LCDP556.o
                0x00002c20                LCD_Index2Color_556
                0x00002bf0                LCD_Color2Index_556
                0x00002c80                LCD_GetIndexMask_556
 *fill*         0x00002c88        0x8 00
 .text          0x00002c90       0x38 obj/LCDP565.o
                0x00002c90                LCD_Color2Index_565
                0x00002cc0                LCD_GetIndexMask_565
 *fill*         0x00002cc8        0x8 00
 .text          0x00002cd0       0x98 obj/LCDP655.o
                0x00002d60                LCD_GetIndexMask_655
                0x00002d00                LCD_Index2Color_655
                0x00002cd0                LCD_Color2Index_655
 *fill*         0x00002d68        0x8 00
 .text          0x00002d70      0x138 obj/LCDP8666.o
                0x00002d70                LCD_Color2Index_8666
                0x00002ea0                LCD_GetIndexMask_8666
                0x00002e10                LCD_Index2Color_8666
 *fill*         0x00002ea8        0x8 00
 .text          0x00002eb0      0x188 obj/LCDP8666_1.o
                0x00002eb0                LCD_Color2Index_8666_1
                0x00003030                LCD_GetIndexMask_8666_1
                0x00002f60                LCD_Index2Color_8666_1
 *fill*         0x00003038        0x8 00
 .text          0x00003040       0xc8 obj/LCDPM233.o
                0x00003100                LCD_GetIndexMask_M233
                0x000030a0                LCD_Index2Color_M233
                0x00003040                LCD_Color2Index_M233
 *fill*         0x00003108        0x8 00
 .text          0x00003110       0xc8 obj/LCDPM323.o
                0x000031d0                LCD_GetIndexMask_M323
                0x00003170                LCD_Index2Color_M323
                0x00003110                LCD_Color2Index_M323
 *fill*         0x000031d8        0x8 00
 .text          0x000031e0       0xc8 obj/LCDPM332.o
                0x000031e0                LCD_Color2Index_M332
                0x000032a0                LCD_GetIndexMask_M332
                0x00003240                LCD_Index2Color_M332
 *fill*         0x000032a8        0x8 00
 .text          0x000032b0       0x98 obj/LCDPM444_12.o
                0x000032b0                LCD_Color2Index_M444_12
                0x00003300                LCD_Index2Color_M444_12
                0x00003340                LCD_GetIndexMask_M444_12
 *fill*         0x00003348        0x8 00
 .text          0x00003350       0xa8 obj/LCDPM444_16.o
                0x000033a0                LCD_Index2Color_M444_16
                0x00003350                LCD_Color2Index_M444_16
                0x000033f0                LCD_GetIndexMask_M444_16
 *fill*         0x000033f8        0x8 00
 .text          0x00003400       0x88 obj/LCDPM555.o
                0x00003400                LCD_Color2Index_M555
                0x00003430                LCD_Index2Color_M555
                0x00003480                LCD_GetIndexMask_M555
 *fill*         0x00003488        0x8 00
 .text          0x00003490       0x98 obj/LCDPM556.o
                0x00003490                LCD_Color2Index_M556
                0x000034c0                LCD_Index2Color_M556
                0x00003520                LCD_GetIndexMask_M556
 *fill*         0x00003528        0x8 00
 .text          0x00003530       0x38 obj/LCDPM565.o
                0x00003530                LCD_Color2Index_M565
                0x00003560                LCD_GetIndexMask_M565
 *fill*         0x00003568        0x8 00
 .text          0x00003570       0x98 obj/LCDPM655.o
                0x000035a0                LCD_Index2Color_M655
                0x00003600                LCD_GetIndexMask_M655
                0x00003570                LCD_Color2Index_M655
 *fill*         0x00003608        0x8 00
 .text          0x00003610      0x128 obj/LCDP0.o
                0x00003700                LCD_Index2Color_0
                0x00003730                LCD_GetIndexMask_0
                0x00003610                LCD_Color2Index_0
 *fill*         0x00003738        0x8 00
 .text          0x00003740       0x48 obj/LCDP2.o
                0x00003740                LCD_Color2Index_2
                0x00003770                LCD_Index2Color_2
                0x00003780                LCD_GetIndexMask_2
 *fill*         0x00003788        0x8 00
 .text          0x00003790       0x48 obj/LCDP4.o
                0x00003790                LCD_Color2Index_4
                0x000037d0                LCD_GetIndexMask_4
                0x000037c0                LCD_Index2Color_4
 *fill*         0x000037d8        0x8 00
 .text          0x000037e0     0x12c8 obj/GUI2DLib.o
                0x00003a00                GUI_DrawRect
                0x00004580                GL_DrawPolygon
                0x00003f60                GL_DrawLine
                0x00003b20                GL_DrawPoint
                0x00004440                GUI_DrawLineTo
                0x000046e0                GUI_DrawPolygon
                0x000039a0                GUI_MoveTo
                0x00003940                GUI_MoveRel
                0x000037e0                GUI_sin
                0x00003880                GUI_cos
                0x00004880                GUI_DrawLineRel
                0x000049f0                GUI_DrawPoint
                0x00003920                GL_MoveTo
                0x00004930                GUI_DrawLine
                0x00003b80                GL_DrawLine1
                0x00004510                GL_DrawLineTo
 *fill*         0x00004aa8        0x8 00
 .text          0x00004ab0      0xb50 obj/GUIAlloc.o
                0x00005390                GUI_ALLOC_Free
                0x000051a0                GUI_ALLOC_GetMaxSize
                0x00005030                GUI_ALLOC_h2p
                0x00005320                GUI_ALLOC_GetSize
                0x000050e0                GUI_ALLOC_GetNumFreeBytes
                0x00004b30                GUI_ALLOC_AllocNoInit
                0x000054b0                GUI_ALLOC_FreePtr
                0x00004ab0                GUI_ALLOC_Init
 .text          0x00005600      0xc58 obj/GUIArc.o
                0x00006170                GUI_DrawArc
                0x00005f30                GL_DrawArc
 *fill*         0x00006258        0x8 00
 .text          0x00006260      0x288 obj/GUIChar.o
                0x000062b0                GUI_DispNextLine
                0x000063f0                GUI_GetYAdjust
                0x000064a0                GUI_GetCharDistX
                0x00006260                GUI_GetFontDistY
                0x00006320                GL_DispChar
 *fill*         0x000064e8        0x8 00
 .text          0x000064f0      0x47c obj/GUICharLine.o
                0x00006670                GUI__DispLine
                0x000065b0                GUI__GetLineDistX
                0x000064f0                GUI__GetLineNumChars
 *fill*         0x0000696c        0x4 00
 .text          0x00006970      0x398 obj/GUICharM.o
                0x00006c90                GUIMONO_GetFontInfo
                0x00006ca0                GUIMONO_IsInFont
                0x00006c60                GUIMONO_GetCharDistX
                0x00006970                GUIMONO_DispChar
 *fill*         0x00006d08        0x8 00
 .text          0x00006d10      0x304 obj/GUICharP.o
                0x00006f10                GUIPROP_GetCharDistX
                0x00006fb0                GUIPROP_GetFontInfo
                0x00006d10                GUIPROP_DispChar
                0x00006fc0                GUIPROP_IsInFont
 *fill*         0x00007014        0xc 00
 .text          0x00007020      0xf70 obj/GUICirc.o
                0x00007930                GUI_FillCircle
                0x00007020                GL_DrawCircle
                0x000077b0                GL_FillCircle
                0x00007b30                GUI_FillEllipse
                0x00007cf0                GL_DrawEllipse
                0x00007380                GUI_DrawCircle
                0x000079e0                GL_FillEllipse
                0x00007eb0                GUI_DrawEllipse
 .text          0x00007f90       0x38 obj/GUIColor2Index.o
                0x00007f90                GUI_Color2Index
 *fill*         0x00007fc8        0x8 00
 .text          0x00007fd0      0x2d8 obj/GUICore.o
                0x000080d0                GUI_Clear
                0x000081c0                GUI_Init
                0x00007fd0                GUI_ClearRect
 *fill*         0x000082a8        0x8 00
 .text          0x000082b0     0x18c0 obj/GUICurs.o
                0x000088c0                GUI_CURSOR_Deactivate
                0x00008840                GUI_CURSOR_Activate
                0x00008b20                GUI_CURSOR_Select
                0x00008f00                GUI_CURSOR_Hide
                0x00009190                GUI_CURSOR_Show
                0x000094d0                GUI_CURSOR_SetPosition
 .text          0x00009b70      0x1c8 obj/GUIEncJS.o
 *fill*         0x00009d38        0x8 00
 .text          0x00009d40       0x38 obj/GUIIndex2Color.o
                0x00009d40                GUI_Index2Color
 *fill*         0x00009d78        0x8 00
 .text          0x00009d80      0x5e0 obj/GUIPolyE.o
                0x00009d80                GUI_EnlargePolygon
 .text          0x0000a360       0x6c obj/GUIPolyM.o
                0x0000a360                GUI_MagnifyPolygon
 *fill*         0x0000a3cc        0x4 00
 .text          0x0000a3d0      0x1bc obj/GUIPolyR.o
                0x0000a3d0                GUI_RotatePolygon
 *fill*         0x0000a58c        0x4 00
 .text          0x0000a590       0xe4 obj/GUIRealloc.o
                0x0000a590                GUI_ALLOC_Realloc
 *fill*         0x0000a674        0xc 00
 .text          0x0000a680       0x8c obj/GUIStream.o
                0x0000a680                GUI_DrawStreamedBitmap
 *fill*         0x0000a70c        0x4 00
 .text          0x0000a710      0x2a8 obj/GUITask.o
                0x0000a780                GUI_Lock
                0x0000a960                GUITASK_CopyContext
                0x0000a930                GUITASK_Init
                0x0000a710                GUI_Unlock
 *fill*         0x0000a9b8        0x8 00
 .text          0x0000a9c0       0x88 obj/GUITime.o
                0x0000a9e0                GUI_Delay
                0x0000a9c0                GUI_GetTime
 *fill*         0x0000aa48        0x8 00
 .text          0x0000aa50      0x7cc obj/GUITimer.o
                0x0000ae00                GUI_TIMER_SetTime
                0x0000acc0                GUI_TIMER_Delete
                0x0000ae40                GUI_TIMER_Context
                0x0000aa50                GUI_TIMER_Exec
                0x0000ab40                GUI_TIMER_Create
                0x0000ae80                GUI_TIMER_SetDelay
                0x0000adc0                GUI_TIMER_SetPeriod
                0x0000b040                GUI_TIMER_Restart
 *fill*         0x0000b21c        0x4 00
 .text          0x0000b220       0xa0 obj/GUIUC0.o
                0x0000b220                GUI_UC2DB
                0x0000b270                GUI_DB2UC
 .text          0x0000b2c0      0x2bc obj/GUIVal.o
                0x0000b2c0                GUI_DispDecShift
                0x0000b470                GUI_DispSDec
                0x0000b4d0                GUI_DispDec
                0x0000b370                GUI_DispDecMin
                0x0000b3b0                GUI_DispDecSpace
                0x0000b510                GUI_DispDecAt
                0x0000b300                GUI_DispSDecShift
 *fill*         0x0000b57c        0x4 00
 .text          0x0000b580      0x8b4 obj/GUIValf.o
                0x0000b580                GUI_DispFloatFix
                0x0000bad0                GUI_DispSFloatFix
                0x0000b700                GUI_DispFloatMin
                0x0000b8d0                GUI_DispFloat
                0x0000bc50                GUI_DispSFloatMin
 *fill*         0x0000be34        0xc 00
 .text          0x0000be40       0xc8 obj/GUI_AddBin.o
                0x0000be40                GUI_AddBin
 *fill*         0x0000bf08        0x8 00
 .text          0x0000bf10       0x20 obj/GUI_AddDec.o
                0x0000bf10                GUI_AddDec
 .text          0x0000bf30       0x44 obj/GUI_AddDecMin.o
                0x0000bf30                GUI_AddDecMin
 *fill*         0x0000bf74        0xc 00
 .text          0x0000bf80      0x284 obj/GUI_AddDecShift.o
                0x0000c000                GUI_AddSign
                0x0000bf80                GUI_Long2Len
                0x0000c060                GUI_AddDecShift
 *fill*         0x0000c204        0xc 00
 .text          0x0000c210       0x78 obj/GUI_AddHex.o
                0x0000c210                GUI_AddHex
 *fill*         0x0000c288        0x8 00
 .text          0x0000c290       0x18 obj/GUI_AddKeyMsgHook.o
                0x0000c290                GUI_SetKeyMsgHook
 *fill*         0x0000c2a8        0x8 00
 .text          0x0000c2b0       0xc8 obj/GUI_ALLOC_AllocInit.o
                0x0000c2b0                GUI_ALLOC_AllocInit
 *fill*         0x0000c378        0x8 00
 .text          0x0000c380       0x98 obj/GUI_ALLOC_AllocZero.o
                0x0000c380                GUI_ALLOC_AllocZero
 *fill*         0x0000c418        0x8 00
 .text          0x0000c420      0x5c4 obj/GUI_BMP.o
                0x0000c420                GUI_BMP_GetXSize
                0x0000c480                GUI_BMP_GetYSize
                0x0000c500                GUI_BMP_Draw
 *fill*         0x0000c9e4        0xc 00
 .text          0x0000c9f0      0x5b4 obj/GUI_BMP_Serialize.o
                0x0000cf40                GUI_BMP_Serialize
                0x0000c9f0                GUI_BMP_SerializeEx
 *fill*         0x0000cfa4        0xc 00
 .text          0x0000cfb0      0x114 obj/GUI_CalcColorDist.o
                0x0000cfb0                GUI_CalcColorDist
 *fill*         0x0000d0c4        0xc 00
 .text          0x0000d0d0       0x50 obj/GUI_ClearRectEx.o
                0x0000d0d0                GUI_ClearRectEx
 .text          0x0000d120      0x124 obj/GUI_Color2VisColor.o
                0x0000d170                GUI_ColorIsAvailable
                0x0000d120                GUI_Color2VisColor
                0x0000d1f0                GUI_CalcVisColorError
 *fill*         0x0000d244        0xc 00
 .text          0x0000d250       0xa8 obj/GUI_DispBin.o
                0x0000d250                GUI_DispBin
                0x0000d290                GUI_DispBinAt
 *fill*         0x0000d2f8        0x8 00
 .text          0x0000d300       0x6c obj/GUI_DispCEOL.o
                0x0000d300                GUI_DispCEOL
 *fill*         0x0000d36c        0x4 00
 .text          0x0000d370      0x240 obj/GUI_DispChar.o
                0x0000d370                GUI_DispChar
                0x0000d490                GUI_DispCharAt
 .text          0x0000d5b0       0x48 obj/GUI_DispChars.o
                0x0000d5b0                GUI_DispChars
 *fill*         0x0000d5f8        0x8 00
 .text          0x0000d600       0xa8 obj/GUI_DispHex.o
                0x0000d640                GUI_DispHexAt
                0x0000d600                GUI_DispHex
 *fill*         0x0000d6a8        0x8 00
 .text          0x0000d6b0      0x288 obj/GUI_DispString.o
                0x0000d6b0                GUI_DispString
 *fill*         0x0000d938        0x8 00
 .text          0x0000d940       0x58 obj/GUI_DispStringAt.o
                0x0000d940                GUI_DispStringAt
 *fill*         0x0000d998        0x8 00
 .text          0x0000d9a0       0x1c obj/GUI_DispStringAtCEOL.o
                0x0000d9a0                GUI_DispStringAtCEOL
 *fill*         0x0000d9bc        0x4 00
 .text          0x0000d9c0       0x78 obj/GUI_DispStringHCenter.o
                0x0000d9c0                GUI_DispStringHCenterAt
 *fill*         0x0000da38        0x8 00
 .text          0x0000da40      0x4bc obj/GUI_DispStringInRect.o
                0x0000dd90                GUI_DispStringInRectMax
                0x0000da40                GUI__DispStringInRect
                0x0000de50                GUI_DispStringInRect
 *fill*         0x0000defc        0x4 00
 .text          0x0000df00      0x1b4 obj/GUI_DispStringInRectEx.o
                0x0000df00                GUI_DispStringInRectEx
 *fill*         0x0000e0b4        0xc 00
 .text          0x0000e0c0       0x84 obj/GUI_DispStringLen.o
                0x0000e0c0                GUI_DispStringLen
 *fill*         0x0000e144        0xc 00
 .text          0x0000e150      0x424 obj/GUI_DrawBitmap.o
                0x0000e150                GL_DrawBitmap
                0x0000e340                GUI_DrawBitmap
 *fill*         0x0000e574        0xc 00
 .text          0x0000e580      0x688 obj/GUI_DrawBitmapEx.o
                0x0000e580                GUI_DrawBitmapEx
 *fill*         0x0000ec08        0x8 00
 .text          0x0000ec10      0x1a4 obj/GUI_DrawBitmapExp.o
                0x0000ec10                GUI_DrawBitmapExp
 *fill*         0x0000edb4        0xc 00
 .text          0x0000edc0      0x1f0 obj/GUI_DrawBitmapMag.o
                0x0000edc0                GUI_DrawBitmapMag
 .text          0x0000efb0      0x168 obj/GUI_DrawFocusRect.o
                0x0000efb0                GUI_DrawFocusRect
 *fill*         0x0000f118        0x8 00
 .text          0x0000f120      0x208 obj/GUI_DrawGraph.o
                0x0000f120                GUI_DrawGraph
 *fill*         0x0000f328        0x8 00
 .text          0x0000f330       0xd8 obj/GUI_DrawHLine.o
                0x0000f330                GUI_DrawHLine
 *fill*         0x0000f408        0x8 00
 .text          0x0000f410       0xdc obj/GUI_DrawPie.o
                0x0000f410                GUI_DrawPie
 *fill*         0x0000f4ec        0x4 00
 .text          0x0000f4f0       0xc0 obj/GUI_DrawPixel.o
                0x0000f4f0                GUI_DrawPixel
 .text          0x0000f5b0       0xfc obj/GUI_DrawPolyline.o
                0x0000f5b0                GUI_DrawPolyLine
 *fill*         0x0000f6ac        0x4 00
 .text          0x0000f6b0       0x50 obj/GUI_DrawRectEx.o
                0x0000f6b0                GUI_DrawRectEx
 .text          0x0000f700       0xc0 obj/GUI_DrawVLine.o
                0x0000f700                GUI_DrawVLine
 .text          0x0000f7c0      0x3c0 obj/GUI_ErrorOut.o
                0x0000f7e0                GUI_ErrorOut1
                0x0000f980                GUI_ErrorOut3
                0x0000f8a0                GUI_ErrorOut2
                0x0000fa70                GUI_ErrorOut4
                0x0000f7c0                GUI_ErrorOut
 .text          0x0000fb80       0xe8 obj/GUI_Exec.o
                0x0000fbe0                GUI_Exec
                0x0000fb80                GUI_Exec1
 *fill*         0x0000fc68        0x8 00
 .text          0x0000fc70      0x6a8 obj/GUI_FillPolygon.o
                0x0000fc70                GL_FillPolygon
                0x00010260                GUI_FillPolygon
 *fill*         0x00010318        0x8 00
 .text          0x00010320       0xd8 obj/GUI_FillRect.o
                0x00010320                GUI_FillRect
 *fill*         0x000103f8        0x8 00
 .text          0x00010400       0x50 obj/GUI_FillRectEx.o
                0x00010400                GUI_FillRectEx
 .text          0x00010450       0x60 obj/GUI_GetBitmapPixelColor.o
                0x00010450                GUI_GetBitmapPixelColor
 .text          0x000104b0      0x164 obj/GUI_GetBitmapPixelIndex.o
                0x000104b0                GUI_GetBitmapPixelIndex
 *fill*         0x00010614        0xc 00
 .text          0x00010620       0x20 obj/GUI_GetClientRect.o
                0x00010620                GUI_GetClientRect
 .text          0x00010640       0xd8 obj/GUI_GetColor.o
                0x00010640                GUI_GetBkColorIndex
                0x000106e0                GUI_GetColor
                0x000106b0                GUI_GetColorIndex
                0x00010670                GUI_GetBkColor
 *fill*         0x00010718        0x8 00
 .text          0x00010720       0x7c obj/GUI_GetDispPos.o
                0x00010720                GUI_GetDispPosX
                0x00010760                GUI_GetDispPosY
 *fill*         0x0001079c        0x4 00
 .text          0x000107a0       0x34 obj/GUI_GetFont.o
                0x000107a0                GUI_GetFont
 *fill*         0x000107d4        0xc 00
 .text          0x000107e0       0xb0 obj/GUI_GetFontInfo.o
                0x000107e0                GUI_GetFontInfo
 .text          0x00010890       0x30 obj/GUI_GetFontSizeY.o
                0x00010890                GUI_GetFontSizeY
 .text          0x000108c0       0x34 obj/GUI_GetLineStyle.o
                0x000108c0                GUI_GetLineStyle
 *fill*         0x000108f4        0xc 00
 .text          0x00010900       0x30 obj/GUI_GetStringDistX.o
                0x00010900                GUI_GetStringDistX
 .text          0x00010930       0x3c obj/GUI_GetTextAlign.o
                0x00010930                GUI_GetTextAlign
 *fill*         0x0001096c        0x4 00
 .text          0x00010970      0x114 obj/GUI_GetTextExtend.o
                0x00010970                GUI_GetTextExtend
 *fill*         0x00010a84        0xc 00
 .text          0x00010a90       0x3c obj/GUI_GetTextMode.o
                0x00010a90                GUI_GetTextMode
 *fill*         0x00010acc        0x4 00
 .text          0x00010ad0       0x30 obj/GUI_GetVersionString.o
                0x00010ad0                GUI_GetVersionString
 .text          0x00010b00       0x38 obj/GUI_GetYSizeOfFont.o
                0x00010b20                GUI_GetYDistOfFont
                0x00010b00                GUI_GetYSizeOfFont
 *fill*         0x00010b38        0x8 00
 .text          0x00010b40       0xc8 obj/GUI_Goto.o
                0x00010b40                GUI_GotoY
                0x00010bc0                GUI_GotoXY
                0x00010b80                GUI_GotoX
 *fill*         0x00010c08        0x8 00
 .text          0x00010c10       0x20 obj/GUI_InitLUT.o
                0x00010c10                GUI_InitLUT
 .text          0x00010c30       0xf4 obj/GUI_InvertRect.o
                0x00010c30                GUI_InvertRect
 *fill*         0x00010d24        0xc 00
 .text          0x00010d30       0x4c obj/GUI_IsInFont.o
                0x00010d30                GUI_IsInFont
 *fill*         0x00010d7c        0x4 00
 .text          0x00010d80      0x370 obj/GUI_Log.o
                0x00010da0                GUI_Log1
                0x00010d80                GUI_Log
                0x00011000                GUI_Log4
                0x00010e50                GUI_Log2
                0x00010f20                GUI_Log3
 .text          0x000110f0      0x104 obj/GUI_MergeRect.o
                0x000110f0                GUI_MergeRect
 *fill*         0x000111f4        0xc 00
 .text          0x00011200       0xb4 obj/GUI_MOUSE.o
                0x00011250                GUI_MOUSE_StoreState
                0x00011200                GUI_MOUSE_GetState
 *fill*         0x000112b4        0xc 00
 .text          0x000112c0      0x220 obj/GUI_MOUSE_DriverPS2.o
                0x000112c0                GUI_MOUSE_DRIVER_PS2_OnRx
                0x000114d0                GUI_MOUSE_DRIVER_PS2_Init
 .text          0x000114e0       0x50 obj/GUI_MoveRect.o
                0x000114e0                GUI_MoveRect
 .text          0x00011530      0x1b8 obj/GUI_OnKey.o
                0x00011550                GUI_StoreKey
                0x00011690                GUI_SendKeyMsg
                0x000115a0                GUI_StoreKeyMsg
                0x000115d0                GUI_PollKeyMsg
                0x00011570                GUI_ClearKeyBuffer
                0x00011530                GUI_GetKey
 *fill*         0x000116e8        0x8 00
 .text          0x000116f0      0x114 obj/GUI_Pen.o
                0x000116f0                GUI_GetPenSize
                0x00011730                GUI_GetPenShape
                0x00011770                GUI_SetPenSize
                0x000117c0                GUI_SetPenShape
 *fill*         0x00011804        0xc 00
 .text          0x00011810       0xc4 obj/GUI_PID.o
                0x00011860                GUI_PID_StoreState
                0x00011810                GUI_PID_GetState
 *fill*         0x000118d4        0xc 00
 .text          0x000118e0       0xa8 obj/GUI_RectsIntersect.o
                0x000118e0                GUI_RectsIntersect
 *fill*         0x00011988        0x8 00
 .text          0x00011990       0x58 obj/GUI_SaveContext.o
                0x000119c0                GUI_RestoreContext
                0x00011990                GUI_SaveContext_W_M
 *fill*         0x000119e8        0x8 00
 .text          0x000119f0       0x70 obj/GUI_SelectLayer.o
                0x000119f0                GUI_SelectLayer
 .text          0x00011a60       0x28 obj/GUI_SelectLCD.o
                0x00011a60                GUI_SelectLCD
 *fill*         0x00011a88        0x8 00
 .text          0x00011a90       0x60 obj/GUI_SetColor.o
                0x00011ac0                GUI_SetColor
                0x00011a90                GUI_SetBkColor
 .text          0x00011af0       0x94 obj/GUI_SetColorIndex.o
                0x00011af0                GUI_SetBkColorIndex
                0x00011b40                GUI_SetColorIndex
 *fill*         0x00011b84        0xc 00
 .text          0x00011b90       0x34 obj/GUI_SetDecChar.o
                0x00011bb0                GUI_GetDecChar
                0x00011b90                GUI_SetDecChar
 *fill*         0x00011bc4        0xc 00
 .text          0x00011bd0       0xc4 obj/GUI_SetDefault.o
                0x00011c30                GUI_SetDefault
                0x00011bd0                GL_SetDefault
 *fill*         0x00011c94        0xc 00
 .text          0x00011ca0       0x38 obj/GUI_SetDrawMode.o
                0x00011ca0                GUI_SetDrawMode
 *fill*         0x00011cd8        0x8 00
 .text          0x00011ce0       0x54 obj/GUI_SetFont.o
                0x00011ce0                GUI_SetFont
 *fill*         0x00011d34        0xc 00
 .text          0x00011d40       0x4c obj/GUI_SetLBorder.o
                0x00011d40                GUI_SetLBorder
 *fill*         0x00011d8c        0x4 00
 .text          0x00011d90       0x44 obj/GUI_SetLineStyle.o
                0x00011d90                GUI_SetLineStyle
 *fill*         0x00011dd4        0xc 00
 .text          0x00011de0        0x4 obj/GUI_SetLUTColor.o
                0x00011de0                GUI_SetLUTColor
 *fill*         0x00011de4        0xc 00
 .text          0x00011df0       0x94 obj/GUI_SetLUTColorEx.o
                0x00011df0                GUI_SetLUTColorEx
 *fill*         0x00011e84        0xc 00
 .text          0x00011e90       0x40 obj/GUI_SetLUTEntry.o
                0x00011e90                GUI_SetLUTEntry
 .text          0x00011ed0       0x40 obj/GUI_SetOrg.o
                0x00011ed0                GUI_SetOrg
 .text          0x00011f10       0x90 obj/GUI_SetPixelIndex.o
                0x00011f10                LCD_SetPixelIndex
 .text          0x00011fa0       0x4c obj/GUI_SetTextAlign.o
                0x00011fa0                GUI_SetTextAlign
 *fill*         0x00011fec        0x4 00
 .text          0x00011ff0       0x4c obj/GUI_SetTextMode.o
                0x00011ff0                GUI_SetTextMode
 *fill*         0x0001203c        0x4 00
 .text          0x00012040      0x1d8 obj/GUI_SetTextStyle.o
                0x000121c0                GUI_SetTextStyle
 *fill*         0x00012218        0x8 00
 .text          0x00012220       0xf4 obj/GUI_SIF.o
                0x00012220                GUI_SIF_CreateFont
                0x00012310                GUI_SIF_DeleteFont
 *fill*         0x00012314        0xc 00
 .text          0x00012320      0x53c obj/GUI_SIF_Prop.o
 *fill*         0x0001285c        0x4 00
 .text          0x00012860       0xb4 obj/GUI_TOUCH.o
                0x000128b0                GUI_TOUCH_StoreStateEx
                0x00012860                GUI_TOUCH_GetState
 *fill*         0x00012914        0xc 00
 .text          0x00012920      0x38c obj/GUI_TOUCH_DriverAnalog.o
                0x00012a10                GUI_TOUCH_GetCalData
                0x00012a40                GUI_TOUCH_Exec
                0x00012970                GUI_TOUCH_Calibrate
                0x00012920                GUI_TOUCH_GetxPhys
                0x00012930                GUI_TOUCH_GetyPhys
                0x00012940                GUI_TOUCH_SetDefaultCalibration
 *fill*         0x00012cac        0x4 00
 .text          0x00012cb0       0x74 obj/GUI_TOUCH_StoreState.o
                0x00012cb0                GUI_TOUCH_StoreState
 *fill*         0x00012d24        0xc 00
 .text          0x00012d30       0xd4 obj/GUI_TOUCH_StoreUnstable.o
                0x00012de0                GUI_TOUCH_GetUnstable
                0x00012d30                GUI_TOUCH_StoreUnstable
 *fill*         0x00012e04        0xc 00
 .text          0x00012e10      0x2b0 obj/GUI_UC.o
                0x00012f40                GUI_UC__GetCharCodeInc
                0x00012f10                GUI_UC__CalcSizeOfChar
                0x00012e60                GUI_UC_GetCharCode
                0x00012eb0                GUI_UC_Encode
                0x00012fc0                GUI_UC__NumChars2NumBytes
                0x00013040                GUI_UC__NumBytes2NumChars
                0x00012e10                GUI_UC_GetCharSize
 .text          0x000130c0      0x3c4 obj/GUI_UC_DispString.o
                0x000130c0                GUI_UC_DispString
 *fill*         0x00013484        0xc 00
 .text          0x00013490       0x70 obj/GUI_UC_EncodeNone.o
                0x000134d0                GUI_UC_SetEncodeNone
 .text          0x00013500      0x250 obj/GUI_UC_EncodeUTF8.o
                0x00013720                GUI_UC_SetEncodeUTF8
 .text          0x00013750       0x18 obj/GUI_WaitEvent.o
                0x00013750                GUI_WaitEvent
 *fill*         0x00013768        0x8 00
 .text          0x00013770       0x3c obj/GUI_WaitKey.o
                0x00013770                GUI_WaitKey
 *fill*         0x000137ac        0x4 00
 .text          0x000137b0      0x370 obj/GUI_Warn.o
                0x000137b0                GUI_Warn
                0x000137d0                GUI_Warn1
                0x00013a30                GUI_Warn4
                0x00013880                GUI_Warn2
                0x00013950                GUI_Warn3
 .text          0x00013b20       0x3c obj/GUI__AddSpaceHex.o
                0x00013b20                GUI__AddSpaceHex
 *fill*         0x00013b5c        0x4 00
 .text          0x00013b60      0x1e0 obj/GUI__CalcTextRect.o
                0x00013b60                GUI__CalcTextRect
 .text          0x00013d40       0x2c obj/GUI__DivideRound.o
                0x00013d40                GUI__DivideRound
 *fill*         0x00013d6c        0x4 00
 .text          0x00013d70       0x3c obj/GUI__DivideRound32.o
                0x00013d70                GUI__DivideRound32
 *fill*         0x00013dac        0x4 00
 .text          0x00013db0       0x24 obj/GUI__GetFontSizeY.o
                0x00013db0                GUI__GetFontSizeY
 *fill*         0x00013dd4        0xc 00
 .text          0x00013de0       0x64 obj/GUI__GetNumChars.o
                0x00013de0                GUI__GetNumChars
 *fill*         0x00013e44        0xc 00
 .text          0x00013e50       0x40 obj/GUI__HandleEOLine.o
                0x00013e50                GUI__HandleEOLine
 .text          0x00013e90       0x9c obj/GUI__IntersectRect.o
                0x00013e90                GUI__IntersectRect
 *fill*         0x00013f2c        0x4 00
 .text          0x00013f30       0xf0 obj/GUI__IntersectRects.o
                0x00013f30                GUI__IntersectRects
 .text          0x00014020       0xc8 obj/GUI__memset.o
                0x00014020                GUI__memset
 *fill*         0x000140e8        0x8 00
 .text          0x000140f0       0x9c obj/GUI__memset16.o
                0x000140f0                GUI__memset16
 *fill*         0x0001418c        0x4 00
 .text          0x00014190       0x94 obj/GUI__Read.o
                0x00014190                GUI__Read16
                0x000141d0                GUI__Read32
 *fill*         0x00014224        0xc 00
 .text          0x00014230       0x44 obj/GUI__ReduceRect.o
                0x00014230                GUI__ReduceRect
 *fill*         0x00014274        0xc 00
 .text          0x00014280       0xbc obj/GUI__SetText.o
                0x00014280                GUI__SetText
 *fill*         0x0001433c        0x4 00
 .text          0x00014340      0x184 obj/GUI__strcmp.o
                0x00014340                GUI__strcmp
                0x000143e0                GUI__strcmp_hp
 *fill*         0x000144c4        0xc 00
 .text          0x000144d0       0x34 obj/GUI__strlen.o
                0x000144d0                GUI__strlen
 *fill*         0x00014504        0xc 00
 .text          0x00014510      0x370 obj/GUI__Wrap.o
                0x00014790                GUI__WrapGetNumBytesToNextLine
                0x00014510                GUI__WrapGetNumCharsDisp
                0x000146c0                GUI__WrapGetNumCharsToNextLine
 .text          0x00014880      0xad8 obj/LCD.o
                0x00014a40                LCD_DrawHLine
                0x000152f0                LCD_SetColor
                0x00015220                LCD_Color2Index
                0x00014bb0                LCD_DrawBitmap
                0x00015090                LCD_SetClipRectMax
                0x00014920                LCD_SetDrawMode
                0x00014880                LCD_SetColorIndex
                0x000150c0                LCD_Init
                0x00014980                LCD_DrawPixel
                0x00014ae0                LCD_FillRect
                0x00015280                LCD_SetBkColor
                0x00015250                LCD_Index2Color
                0x000148d0                LCD_SetBkColorIndex
 *fill*         0x00015358        0x8 00
 .text          0x00015360      0x3a0 obj/LCDAA.o
                0x00015360                LCD_AA_MixColors
                0x000153f0                LCD_SetPixelAA
                0x00015570                LCD_SetPixelAA_NoTrans
 .text          0x00015700      0x164 obj/LCDColor.o
                0x00015700                LCD_GetpPalConvTableUncached
                0x00015860                LCD_InitLUT
                0x000157b0                LCD_GetpPalConvTable
 *fill*         0x00015864        0xc 00
 .text          0x00015870       0xf0 obj/LCDGetP.o
                0x00015870                LCD_GetPixelIndex
 .text          0x00015960       0xf0 obj/LCDInfo.o
                0x00015960                LCD_GetDevCap
 .text          0x00015a50       0x88 obj/LCDInfo0.o
                0x00015a90                LCD_GetBitsPerPixel
                0x00015aa0                LCD_GetNumColors
                0x00015a50                LCD_GetXSize
                0x00015ac0                LCD_GetXMag
                0x00015ad0                LCD_GetFixedPalette
                0x00015a80                LCD_GetVYSize
                0x00015a60                LCD_GetYSize
                0x00015ab0                LCD_GetYMag
                0x00015a70                LCD_GetVXSize
 *fill*         0x00015ad8        0x8 00
 .text          0x00015ae0       0x88 obj/LCDInfo1.o
                0x00015ae0                LCD_GetXSize_1
                0x00015b20                LCD_GetBitsPerPixel_1
                0x00015b10                LCD_GetVYSize_1
                0x00015b50                LCD_GetXMag_1
                0x00015b00                LCD_GetVXSize_1
                0x00015b30                LCD_GetNumColors_1
                0x00015b40                LCD_GetYMag_1
                0x00015af0                LCD_GetYSize_1
                0x00015b60                LCD_GetFixedPalette_1
 *fill*         0x00015b68        0x8 00
 .text          0x00015b70        0x4 obj/LCDL0Delta.o
                0x00015b70                LCDL0Delta_c
 *fill*         0x00015b74        0xc 00
 .text          0x00015b80        0x4 obj/LCDL0Mag.o
                0x00015b80                LCDL0Mag_c
 *fill*         0x00015b84        0xc 00
 .text          0x00015b90       0x58 obj/LCDP1.o
                0x00015b90                LCD_Color2Index_1
                0x00015bc0                LCD_Index2Color_1
                0x00015be0                LCD_GetIndexMask_1
 *fill*         0x00015be8        0x8 00
 .text          0x00015bf0       0x54 obj/LCDP565_Index2Color.o
                0x00015bf0                LCD_Index2Color_565
 *fill*         0x00015c44        0xc 00
 .text          0x00015c50       0x54 obj/LCDPM565_Index2Color.o
                0x00015c50                LCD_Index2Color_M565
 *fill*         0x00015ca4        0xc 00
 .text          0x00015cb0      0x4e8 obj/LCDRLE4.o
 *fill*         0x00016198        0x8 00
 .text          0x000161a0      0x530 obj/LCDRLE8.o
 .text          0x000166d0      0x440 obj/LCD_DrawBitmap_565.o
 .text          0x00016b10      0x440 obj/LCD_DrawBitmap_M565.o
 .text          0x00016f50       0x9c obj/LCD_DrawVLine.o
                0x00016f50                LCD_DrawVLine
 *fill*         0x00016fec        0x4 00
 .text          0x00016ff0       0x34 obj/LCD_GetColorIndex.o
                0x00016ff0                LCD_GetBkColorIndex
                0x00017010                LCD_GetColorIndex
 *fill*         0x00017024        0xc 00
 .text          0x00017030      0x188 obj/LCD_GetEx.o
                0x00017170                LCD_GetMirrorXEx
                0x00017130                LCD_GetXMagEx
                0x00017050                LCD_GetYSizeEx
                0x00017190                LCD_GetSwapXYEx
                0x000170f0                LCD_GetNumColorsEx
                0x00017030                LCD_GetXSizeEx
                0x000170b0                LCD_GetBitsPerPixelEx
                0x000171a0                LCD_GetSwapRBEx
                0x000171b0                LCD_GetDeltaModeEx
                0x000170d0                LCD_GetBitsPerPixel_L0Ex
                0x00017110                LCD_GetYMagEx
                0x00017070                LCD_GetVXSizeEx
                0x00017180                LCD_GetMirrorYEx
                0x00017150                LCD_GetFixedPaletteEx
                0x00017090                LCD_GetVYSizeEx
 *fill*         0x000171b8        0x8 00
 .text          0x000171c0        0x8 obj/LCD_GetNumDisplays.o
                0x000171c0                LCD_GetNumLayers
 *fill*         0x000171c8        0x8 00
 .text          0x000171d0       0x20 obj/LCD_GetPixelColor.o
                0x000171d0                LCD_GetPixelColor
 .text          0x000171f0       0x4c obj/LCD_Index2ColorEx.o
                0x000171f0                LCD_Index2ColorEx
 *fill*         0x0001723c        0x4 00
 .text          0x00017240       0x80 obj/LCD_L0_Generic.o
                0x00017240                LCD_L0_Color2Index
                0x000172a0                LCD_L0_GetRect
                0x00017280                LCD_L0_GetIndexMask
                0x00017260                LCD_L0_Index2Color
 .text          0x000172c0       0x7c obj/LCD_MixColors256.o
                0x000172c0                LCD_MixColors256
 *fill*         0x0001733c        0x4 00
 .text          0x00017340      0x6b8 obj/LCD_Rotate180.o
 *fill*         0x000179f8        0x8 00
 .text          0x00017a00      0x764 obj/LCD_RotateCCW.o
 *fill*         0x00018164        0xc 00
 .text          0x00018170      0x740 obj/LCD_RotateCW.o
 .text          0x000188b0       0x40 obj/LCD_SelectLCD.o
                0x000188b0                LCD_SelectLCD
 .text          0x000188f0       0x68 obj/LCD_SetAPI.o
                0x000188f0                LCD_SetAPI
 *fill*         0x00018958        0x8 00
 .text          0x00018960       0x58 obj/LCD_SetClipRectEx.o
                0x00018960                LCD_SetClipRectEx
 *fill*         0x000189b8        0x8 00
 .text          0x000189c0       0x44 obj/LCD_UpdateColorIndices.o
                0x000189c0                LCD_UpdateColorIndices
 *fill*         0x00018a04        0xc 00
 .text          0x00018a10     0x10c4 obj/LCDNull.o
                0x00018a40                LCD_L0_GetPixelIndex
                0x00018b90                LCD_L0_DrawVLine
                0x00019a80                LCD_L0_SetOrg
                0x00018a70                LCD_L0_XorPixel
                0x00019ab0                LCD_L0_Off
                0x00019ad0                LCD_L0_SetLUTEntry
                0x00019aa0                LCD_L0_On
                0x00018d70                LCD_L0_DrawBitmap
                0x00018ab0                LCD_L0_DrawHLine
                0x00018a10                LCD_L0_SetPixelIndex
                0x00019ac0                LCD_L0_Init
                0x00018c70                LCD_L0_FillRect
 *fill*         0x00019ad4        0xc 00
 .text          0x00019ae0      0xc84 obj/GUIDEV.o
                0x0001a060                GUI_MEMDEV_Create
                0x00019cb0                GUI_MEMDEV__CreateFixed
                0x00019f10                GUI_MEMDEV_CreateEx
                0x00019ae0                GUI_MEMDEV__GetRect
                0x00019b90                GUI_MEMDEV__Index2Color
                0x0001a1a0                GUI_MEMDEV_Select
                0x0001a740                GUI_MEMDEV_CopyToLCD
                0x00019b50                GUI_MEMDEV__Color2Index
                0x0001a290                GUI_MEMDEV__WriteToActiveAt
                0x00019c00                GUI_MEMDEV_Delete
                0x0001a540                GUI_MEMDEV_CopyToLCDAt
                0x00019bd0                GUI_MEMDEV__GetIndexMask
 *fill*         0x0001a764        0xc 00
 .text          0x0001a770     0x17c0 obj/GUIDEV_1.o
 .text          0x0001bf30     0x1c58 obj/GUIDEV_16.o
 *fill*         0x0001db88        0x8 00
 .text          0x0001db90     0x1aa8 obj/GUIDEV_8.o
 *fill*         0x0001f638        0x8 00
 .text          0x0001f640      0x528 obj/GUIDEV_AA.o
                0x0001f640                GUI_MEMDEV_CopyToLCDAA
                0x0001f910                GUI_MEMDEV_CopyFromLCDAA
 *fill*         0x0001fb68        0x8 00
 .text          0x0001fb70      0x1b0 obj/GUIDEV_Auto.o
                0x0001fb90                GUI_MEMDEV_DrawAuto
                0x0001fb80                GUI_MEMDEV_DeleteAuto
                0x0001fb70                GUI_MEMDEV_CreateAuto
 .text          0x0001fd20      0x2a0 obj/GUIDEV_Banding.o
                0x0001fd20                GUI_MEMDEV_Draw
 .text          0x0001ffc0       0x90 obj/GUIDEV_Clear.o
                0x0001ffc0                GUI_MEMDEV_Clear
 .text          0x00020050      0x284 obj/GUIDEV_CmpWithLCD.o
                0x00020050                GUI_MEMDEV_CompareWithLCD
 *fill*         0x000202d4        0xc 00
 .text          0x000202e0      0x3c0 obj/GUIDEV_CopyFromLCD.o
                0x000202e0                GUI_MEMDEV_CopyFromLCD
 .text          0x000206a0       0xa8 obj/GUIDEV_CreateFixed.o
                0x000206a0                GUI_MEMDEV_CreateFixed
 *fill*         0x00020748        0x8 00
 .text          0x00020750       0x38 obj/GUIDEV_GetDataPtr.o
                0x00020750                GUI_MEMDEV_GetDataPtr
 *fill*         0x00020788        0x8 00
 .text          0x00020790       0x94 obj/GUIDEV_GetXSize.o
                0x00020790                GUI_MEMDEV_GetXSize
 *fill*         0x00020824        0xc 00
 .text          0x00020830       0x94 obj/GUIDEV_GetYSize.o
                0x00020830                GUI_MEMDEV_GetYSize
 *fill*         0x000208c4        0xc 00
 .text          0x000208d0      0xb18 obj/GUIDEV_Measure.o
                0x00021360                GUI_MEASDEV_GetRect
                0x00021160                GUI_MEASDEV_Delete
                0x00021230                GUI_MEASDEV_Create
                0x000211c0                GUI_MEASDEV_ClearRect
                0x000212f0                GUI_MEASDEV_Select
 *fill*         0x000213e8        0x8 00
 .text          0x000213f0       0x94 obj/GUIDEV_ReduceYSize.o
                0x000213f0                GUI_MEMDEV_ReduceYSize
 *fill*         0x00021484        0xc 00
 .text          0x00021490       0xe0 obj/GUIDEV_SetOrg.o
                0x00021490                GUI_MEMDEV_SetOrg
 .text          0x00021570      0x134 obj/GUIDEV_Usage.o
                0x000215b0                GUI_USAGE_DecUseCnt
                0x00021570                GUI_USAGE_Select
                0x00021620                GUI_USAGE_AddRect
 *fill*         0x000216a4        0xc 00
 .text          0x000216b0      0x60c obj/GUIDEV_UsageBM.o
                0x00021bc0                GUI_USAGE_BM_Create
 *fill*         0x00021cbc        0x4 00
 .text          0x00021cc0      0x250 obj/GUIDEV_Write.o
                0x00021e10                GUI_MEMDEV_Write
                0x00021cc0                GUI_MEMDEV_WriteAt
 .text          0x00021f10      0x458 obj/GUIDEV_WriteAlpha.o
                0x00022250                GUI_MEMDEV_WriteAlpha
                0x000220e0                GUI_MEMDEV_WriteAlphaAt
 *fill*         0x00022368        0x8 00
 .text          0x00022370      0xef0 obj/GUIDEV_WriteEx.o
                0x00023150                GUI_MEMDEV_WriteEx
                0x00022ff0                GUI_MEMDEV_WriteExAt
 .text          0x00023260      0x1c4 obj/GUIDEV_XY2PTR.o
                0x000233f0                GUI_MEMDEV__XY2PTREx
                0x00023260                GUI_MEMDEV__XY2PTR
 *fill*         0x00023424        0xc 00
 .text          0x00023430        0x4 obj/LCD_1.o
                0x00023430                LCD_1_c
 *fill*         0x00023434        0xc 00
 .text          0x00023440        0x4 obj/LCD_2.o
                0x00023440                LCD_2_c
 *fill*         0x00023444        0xc 00
 .text          0x00023450        0x4 obj/LCD_3.o
                0x00023450                LCD_3_c
 *fill*         0x00023454        0xc 00
 .text          0x00023460        0x4 obj/LCD_4.o
                0x00023460                LCD_4_c
 *fill*         0x00023464        0xc 00
 .text          0x00023470      0x918 obj/BUTTON.o
                0x00023ad0                BUTTON_SetFont
                0x00023cf0                BUTTON_SetState
                0x00023470                BUTTON_Callback
                0x00023a40                BUTTON_SetText
                0x00023c30                BUTTON_SetTextColor
                0x00023d50                BUTTON_SetFocussable
                0x00023930                BUTTON_CreateEx
                0x00023b70                BUTTON_SetBkColor
                0x00023d10                BUTTON_SetPressed
 *fill*         0x00023d88        0x8 00
 .text          0x00023d90       0x9c obj/BUTTON_Bitmap.o
                0x00023de0                BUTTON_SetBitmap
                0x00023d90                BUTTON_SetBitmapEx
 *fill*         0x00023e2c        0x4 00
 .text          0x00023e30       0x9c obj/BUTTON_BMP.o
                0x00023e30                BUTTON_SetBMPEx
                0x00023e80                BUTTON_SetBMP
 *fill*         0x00023ecc        0x4 00
 .text          0x00023ed0       0x9c obj/BUTTON_Create.o
                0x00023ed0                BUTTON_Create
                0x00023f20                BUTTON_CreateAsChild
 *fill*         0x00023f6c        0x4 00
 .text          0x00023f70       0xc0 obj/BUTTON_CreateIndirect.o
                0x00023f70                BUTTON_CreateIndirect
 .text          0x00024030      0x108 obj/BUTTON_Default.o
                0x000240a0                BUTTON_SetDefaultTextAlign
                0x00024040                BUTTON_SetDefaultTextColor
                0x00024030                BUTTON_SetDefaultFont
                0x000240b0                BUTTON_GetDefaultFont
                0x00024070                BUTTON_SetDefaultBkColor
                0x000240f0                BUTTON_GetDefaultBkColor
                0x000240c0                BUTTON_GetDefaultTextColor
                0x00024120                BUTTON_GetDefaultTextAlign
 *fill*         0x00024138        0x8 00
 .text          0x00024140      0x26c obj/BUTTON_Get.o
                0x00024240                BUTTON_GetText
                0x00024140                BUTTON_GetBkColor
                0x000241d0                BUTTON_GetFont
                0x00024320                BUTTON_GetTextColor
 *fill*         0x000243ac        0x4 00
 .text          0x000243b0       0x70 obj/BUTTON_IsPressed.o
                0x000243b0                BUTTON_IsPressed
 .text          0x00024420       0x9c obj/BUTTON_SelfDraw.o
                0x00024420                BUTTON_SetSelfDrawEx
                0x00024470                BUTTON_SetSelfDraw
 *fill*         0x000244bc        0x4 00
 .text          0x000244c0       0x9c obj/BUTTON_SetTextAlign.o
                0x000244c0                BUTTON_SetTextAlign
 *fill*         0x0002455c        0x4 00
 .text          0x00024560       0x9c obj/BUTTON_StreamedBitmap.o
                0x000245b0                BUTTON_SetStreamedBitmap
                0x00024560                BUTTON_SetStreamedBitmapEx
 *fill*         0x000245fc        0x4 00
 .text          0x00024600       0xcc obj/BUTTON__SetBitmapObj.o
                0x00024600                BUTTON__SetDrawObj
 *fill*         0x000246cc        0x4 00
 .text          0x000246d0      0x6c8 obj/CHECKBOX.o
                0x00024bb0                CHECKBOX_CreateEx
 *fill*         0x00024d98        0x8 00
 .text          0x00024da0       0x4c obj/CHECKBOX_Create.o
                0x00024da0                CHECKBOX_Create
 *fill*         0x00024dec        0x4 00
 .text          0x00024df0       0xac obj/CHECKBOX_CreateIndirect.o
                0x00024df0                CHECKBOX_CreateIndirect
 *fill*         0x00024e9c        0x4 00
 .text          0x00024ea0       0xb8 obj/CHECKBOX_Default.o
                0x00024ee0                CHECKBOX_SetDefaultAlign
                0x00024ea0                CHECKBOX_SetDefaultSpacing
                0x00024f30                CHECKBOX_GetDefaultFont
                0x00024f20                CHECKBOX_GetDefaultBkColor
                0x00024f10                CHECKBOX_GetDefaultTextColor
                0x00024ef0                CHECKBOX_GetDefaultSpacing
                0x00024ec0                CHECKBOX_SetDefaultBkColor
                0x00024ed0                CHECKBOX_SetDefaultFont
                0x00024f40                CHECKBOX_GetDefaultAlign
                0x00024eb0                CHECKBOX_SetDefaultTextColor
 *fill*         0x00024f58        0x8 00
 .text          0x00024f60       0x70 obj/CHECKBOX_GetState.o
                0x00024f60                CHECKBOX_GetState
 .text          0x00024fd0       0x48 obj/CHECKBOX_IsChecked.o
                0x00024fd0                CHECKBOX_IsChecked
 *fill*         0x00025018        0x8 00
 .text          0x00025020       0xac obj/CHECKBOX_SetBkColor.o
                0x00025020                CHECKBOX_SetBkColor
 *fill*         0x000250cc        0x4 00
 .text          0x000250d0       0x24 obj/CHECKBOX_SetDefaultImage.o
                0x000250d0                CHECKBOX_SetDefaultImage
 *fill*         0x000250f4        0xc 00
 .text          0x00025100       0x78 obj/CHECKBOX_SetFont.o
                0x00025100                CHECKBOX_SetFont
 *fill*         0x00025178        0x8 00
 .text          0x00025180       0x84 obj/CHECKBOX_SetImage.o
                0x00025180                CHECKBOX_SetImage
 *fill*         0x00025204        0xc 00
 .text          0x00025210       0xe0 obj/CHECKBOX_SetNumStates.o
                0x00025210                CHECKBOX_SetNumStates
 .text          0x000252f0       0x7c obj/CHECKBOX_SetSpacing.o
                0x000252f0                CHECKBOX_SetSpacing
 *fill*         0x0002536c        0x4 00
 .text          0x00025370       0x84 obj/CHECKBOX_SetState.o
                0x00025370                CHECKBOX_SetState
 *fill*         0x000253f4        0xc 00
 .text          0x00025400       0x78 obj/CHECKBOX_SetText.o
                0x00025400                CHECKBOX_SetText
 *fill*         0x00025478        0x8 00
 .text          0x00025480       0x80 obj/CHECKBOX_SetTextAlign.o
                0x00025480                CHECKBOX_SetTextAlign
 .text          0x00025500       0x78 obj/CHECKBOX_SetTextColor.o
                0x00025500                CHECKBOX_SetTextColor
 *fill*         0x00025578        0x8 00
 .text          0x00025580      0x31c obj/DIALOG.o
                0x00025580                DIALOG_GetBkColor
                0x00025630                GUI_CreateDialogBox
                0x00025790                GUI_ExecCreatedDialog
                0x00025590                DIALOG_SetBkColor
                0x00025810                GUI_ExecDialogBox
                0x00025720                GUI_EndDialog
                0x000255f0                GUI_GetDialogStatusPtr
                0x000255b0                GUI_SetDialogStatusPtr
 *fill*         0x0002589c        0x4 00
 .text          0x000258a0     0x19b0 obj/DROPDOWN.o
                0x00026050                DROPDOWN_GetNumItems
                0x00025bb0                DROPDOWN_Expand
                0x000263b0                DROPDOWN_SetTextColor
                0x00027240                DROPDOWN_GetDefaultFont
                0x000260e0                DROPDOWN_SetFont
                0x00026490                DROPDOWN_GetSel
                0x00025ef0                DROPDOWN_AddString
                0x00027170                DROPDOWN_SetScrollbarWidth
                0x000262d0                DROPDOWN_SetBkColor
                0x00025f70                DROPDOWN_SetSel
                0x00025a00                DROPDOWN_CreateEx
                0x00025980                DROPDOWN_Collapse
                0x00026660                DROPDOWN_IncSel
                0x00027230                DROPDOWN_SetDefaultFont
                0x000258a0                DROPDOWN__AdjustHeight
                0x00026520                DROPDOWN_DecSel
                0x000267a0                DROPDOWN_AddKey
 .text          0x00027250       0x50 obj/DROPDOWN_Create.o
                0x00027250                DROPDOWN_Create
 .text          0x000272a0       0xac obj/DROPDOWN_CreateIndirect.o
                0x000272a0                DROPDOWN_CreateIndirect
 *fill*         0x0002734c        0x4 00
 .text          0x00027350       0xb8 obj/DROPDOWN_DeleteItem.o
                0x00027350                DROPDOWN_DeleteItem
 *fill*         0x00027408        0x8 00
 .text          0x00027410      0x140 obj/DROPDOWN_InsertString.o
                0x00027410                DROPDOWN_InsertString
 .text          0x00027550      0x100 obj/DROPDOWN_ItemSpacing.o
                0x00027550                DROPDOWN_SetItemSpacing
                0x000275e0                DROPDOWN_GetItemSpacing
 .text          0x00027650       0xc0 obj/DROPDOWN_SetAutoScroll.o
                0x00027650                DROPDOWN_SetAutoScroll
 .text          0x00027710       0x6c obj/DROPDOWN_SetTextAlign.o
                0x00027710                DROPDOWN_SetTextAlign
 *fill*         0x0002777c        0x4 00
 .text          0x00027780       0x78 obj/DROPDOWN_SetTextHeight.o
                0x00027780                DROPDOWN_SetTextHeight
 *fill*         0x000277f8        0x8 00
 .text          0x00027800     0x1c80 obj/EDIT.o
                0x00028cf0                EDIT_SetText
                0x00028ad0                EDIT_SetFont
                0x00028180                EDIT_AddKey
                0x00027c70                ShowCurrsor
                0x000290a0                EDIT_GetValue
                0x00028b70                EDIT_SetBkColor
                0x00027cf0                EDIT__SetCursorPos
                0x00028100                EDIT__GetCurrentChar
                0x00028920                EDIT_CreateEx
                0x00027dc0                EDIT_SetCursorAtPixel
                0x00027800                EDIT_h2p
                0x00029150                EDIT_SetValue
                0x00029250                EDIT_SetMaxLen
                0x000293e0                EDIT_SetTextAlign
                0x00028c30                EDIT_SetTextColor
                0x00028f60                EDIT_GetText
 .text          0x00029480      0x3d0 obj/EDITBin.o
                0x000296e0                EDIT_SetBinMode
 .text          0x00029850      0x68c obj/EDITDec.o
                0x00029d50                EDIT_SetDecMode
 *fill*         0x00029edc        0x4 00
 .text          0x00029ee0      0x718 obj/EDITFloat.o
                0x0002a470                EDIT_SetFloatValue
                0x0002a370                EDIT_GetFloatValue
                0x00029ee0                EDIT_SetFloatMode
 *fill*         0x0002a5f8        0x8 00
 .text          0x0002a600      0x3e0 obj/EDITHex.o
                0x0002a870                EDIT_SetHexMode
 .text          0x0002a9e0       0xb4 obj/EDIT_Create.o
                0x0002a9e0                EDIT_Create
                0x0002aa40                EDIT_CreateAsChild
 *fill*         0x0002aa94        0xc 00
 .text          0x0002aaa0       0xfc obj/EDIT_CreateIndirect.o
                0x0002aaa0                EDIT_CreateIndirect
 *fill*         0x0002ab9c        0x4 00
 .text          0x0002aba0       0xf8 obj/EDIT_Default.o
                0x0002abc0                EDIT_SetDefaultTextAlign
                0x0002abb0                EDIT_GetDefaultFont
                0x0002abd0                EDIT_GetDefaultTextAlign
                0x0002ac10                EDIT_SetDefaultBkColor
                0x0002ac40                EDIT_GetDefaultTextColor
                0x0002ac70                EDIT_GetDefaultBkColor
                0x0002aba0                EDIT_SetDefaultFont
                0x0002abe0                EDIT_SetDefaultTextColor
 *fill*         0x0002ac98        0x8 00
 .text          0x0002aca0       0x98 obj/EDIT_GetNumChars.o
                0x0002aca0                EDIT_GetNumChars
 *fill*         0x0002ad38        0x8 00
 .text          0x0002ad40       0x74 obj/EDIT_SetCursorAtChar.o
                0x0002ad40                EDIT_SetCursorAtChar
 *fill*         0x0002adb4        0xc 00
 .text          0x0002adc0       0x98 obj/EDIT_SetInsertMode.o
                0x0002adc0                EDIT_SetInsertMode
 *fill*         0x0002ae58        0x8 00
 .text          0x0002ae60       0x64 obj/EDIT_SetpfAddKeyEx.o
                0x0002ae60                EDIT_SetpfAddKeyEx
 *fill*         0x0002aec4        0xc 00
 .text          0x0002aed0       0x64 obj/EDIT_SetpfUpdateBuffer.o
                0x0002aed0                EDIT_SetpfUpdateBuffer
 *fill*         0x0002af34        0xc 00
 .text          0x0002af40       0xec obj/EDIT_SetSel.o
                0x0002af40                EDIT_SetSel
 *fill*         0x0002b02c        0x4 00
 .text          0x0002b030     0x1378 obj/FRAMEWIN.o
                0x0002b6a0                FRAMEWIN_SetActive
                0x0002c2a0                FRAMEWIN_SetTextAlign
                0x0002c020                FRAMEWIN_SetText
                0x0002b270                FRAMEWIN__CalcTitleHeight
                0x0002b570                FRAMEWIN__UpdatePositions
                0x0002c320                FRAMEWIN_SetMoveable
                0x0002c0b0                FRAMEWIN_CreateEx
                0x0002b2e0                FRAMEWIN__CalcPositions
 *fill*         0x0002c3a8        0x8 00
 .text          0x0002c3b0      0x190 obj/FRAMEWIN_AddMenu.o
                0x0002c3b0                FRAMEWIN_AddMenu
 .text          0x0002c540      0x174 obj/FRAMEWIN_Button.o
                0x0002c540                FRAMEWIN_AddButton
 *fill*         0x0002c6b4        0xc 00
 .text          0x0002c6c0      0x1b4 obj/FRAMEWIN_ButtonClose.o
                0x0002c820                FRAMEWIN_AddCloseButton
 *fill*         0x0002c874        0xc 00
 .text          0x0002c880      0x7a4 obj/FRAMEWIN_ButtonMax.o
                0x0002cfd0                FRAMEWIN_AddMaxButton
 *fill*         0x0002d024        0xc 00
 .text          0x0002d030      0x2f4 obj/FRAMEWIN_ButtonMin.o
                0x0002d2d0                FRAMEWIN_AddMinButton
 *fill*         0x0002d324        0xc 00
 .text          0x0002d330       0xbc obj/FRAMEWIN_Create.o
                0x0002d390                FRAMEWIN_CreateAsChild
                0x0002d330                FRAMEWIN_Create
 *fill*         0x0002d3ec        0x4 00
 .text          0x0002d3f0       0xbc obj/FRAMEWIN_CreateIndirect.o
                0x0002d3f0                FRAMEWIN_CreateIndirect
 *fill*         0x0002d4ac        0x4 00
 .text          0x0002d4b0      0x158 obj/FRAMEWIN_Default.o
                0x0002d4b0                FRAMEWIN_SetDefaultFont
                0x0002d4c0                FRAMEWIN_GetDefaultFont
                0x0002d5b0                FRAMEWIN_SetDefaultTextColor
                0x0002d550                FRAMEWIN_SetDefaultTitleHeight
                0x0002d540                FRAMEWIN_GetDefaultClientColor
                0x0002d5e0                FRAMEWIN_GetDefaultTextColor
                0x0002d4d0                FRAMEWIN_SetDefaultBarColor
                0x0002d560                FRAMEWIN_GetDefaultTitleHeight
                0x0002d580                FRAMEWIN_SetDefaultBorderSize
                0x0002d500                FRAMEWIN_GetDefaultBarColor
                0x0002d530                FRAMEWIN_SetDefaultClientColor
                0x0002d590                FRAMEWIN_GetDefaultBorderSize
 *fill*         0x0002d608        0x8 00
 .text          0x0002d610      0x1a4 obj/FRAMEWIN_Get.o
                0x0002d690                FRAMEWIN_GetTitleHeight
                0x0002d740                FRAMEWIN_GetBorderSize
                0x0002d610                FRAMEWIN_GetFont
 *fill*         0x0002d7b4        0xc 00
 .text          0x0002d7c0       0xf4 obj/FRAMEWIN_IsMinMax.o
                0x0002d840                FRAMEWIN_IsMaximized
                0x0002d7c0                FRAMEWIN_IsMinimized
 *fill*         0x0002d8b4        0xc 00
 .text          0x0002d8c0      0x7d0 obj/FRAMEWIN_MinMaxRest.o
                0x0002d8c0                FRAMEWIN_Minimize
                0x0002db20                FRAMEWIN_Maximize
                0x0002de60                FRAMEWIN_Restore
 .text          0x0002e090      0x1f0 obj/FRAMEWIN_SetBorderSize.o
                0x0002e090                FRAMEWIN_SetBorderSize
 .text          0x0002e280      0x228 obj/FRAMEWIN_SetColors.o
                0x0002e280                FRAMEWIN_SetBarColor
                0x0002e430                FRAMEWIN_SetClientColor
                0x0002e390                FRAMEWIN_SetTextColorEx
                0x0002e320                FRAMEWIN_SetTextColor
 *fill*         0x0002e4a8        0x8 00
 .text          0x0002e4b0       0xac obj/FRAMEWIN_SetFont.o
                0x0002e4b0                FRAMEWIN_SetFont
 *fill*         0x0002e55c        0x4 00
 .text          0x0002e560      0x660 obj/FRAMEWIN_SetResizeable.o
                0x0002eb20                FRAMEWIN_SetResizeable
 .text          0x0002ebc0       0xd4 obj/FRAMEWIN_SetTitleHeight.o
                0x0002ebc0                FRAMEWIN_SetTitleHeight
 *fill*         0x0002ec94        0xc 00
 .text          0x0002eca0      0x1c8 obj/FRAMEWIN_SetTitleVis.o
                0x0002eca0                FRAMEWIN_SetTitleVis
 *fill*         0x0002ee68        0x8 00
 .text          0x0002ee70      0x258 obj/FRAMEWIN__UpdateButtons.o
                0x0002ee70                FRAMEWIN__UpdateButtons
 *fill*         0x0002f0c8        0x8 00
 .text          0x0002f0d0      0x898 obj/GUI_ARRAY.o
                0x0002f1a0                GUI_ARRAY_AddItem
                0x0002f310                GUI_ARRAY_Delete
                0x0002f0d0                GUI_ARRAY_Check
                0x0002f7a0                GUI_ARRAY_GetpItem
                0x0002f520                GUI_ARRAY_SetItem
                0x0002f420                GUI_ARRAY_SethItem
                0x0002f130                GUI_ARRAY_GetNumItems
                0x0002f6c0                GUI_ARRAY_GethItem
                0x0002f910                GUI_ARRAY_Create
 *fill*         0x0002f968        0x8 00
 .text          0x0002f970       0xcc obj/GUI_ARRAY_DeleteItem.o
                0x0002f970                GUI_ARRAY_DeleteItem
 *fill*         0x0002fa3c        0x4 00
 .text          0x0002fa40      0x1d8 obj/GUI_ARRAY_InsertItem.o
                0x0002fb80                GUI_ARRAY_InsertItem
                0x0002fa40                GUI_ARRAY_InsertBlankItem
 *fill*         0x0002fc18        0x8 00
 .text          0x0002fc20      0x124 obj/GUI_ARRAY_ResizeItem.o
                0x0002fc20                GUI_ARRAY_ResizeItem
 *fill*         0x0002fd44        0xc 00
 .text          0x0002fd50      0x110 obj/GUI_DRAW.o
                0x0002fdc0                GUI_DRAW__GetXSize
                0x0002fd50                GUI_DRAW__Draw
                0x0002fe10                GUI_DRAW__GetYSize
 .text          0x0002fe60      0x124 obj/GUI_DRAW_BITMAP.o
                0x0002fed0                GUI_DRAW_BITMAP_Create
 *fill*         0x0002ff84        0xc 00
 .text          0x0002ff90      0x144 obj/GUI_DRAW_BMP.o
                0x00030020                GUI_DRAW_BMP_Create
 *fill*         0x000300d4        0xc 00
 .text          0x000300e0       0xf4 obj/GUI_DRAW_Self.o
                0x00030120                GUI_DRAW_SELF_Create
 *fill*         0x000301d4        0xc 00
 .text          0x000301e0      0x124 obj/GUI_DRAW_STREAMED.o
                0x00030250                GUI_DRAW_STREAMED_Create
 *fill*         0x00030304        0xc 00
 .text          0x00030310      0x1d0 obj/GUI_EditBin.o
                0x00030310                GUI_EditBin
 .text          0x000304e0      0x1f0 obj/GUI_EditDec.o
                0x000304e0                GUI_EditDec
 .text          0x000306d0      0x254 obj/GUI_EditFloat.o
                0x000306d0                GUI_EditFloat
 *fill*         0x00030924        0xc 00
 .text          0x00030930      0x1d0 obj/GUI_EditHex.o
                0x00030930                GUI_EditHex
 .text          0x00030b00      0x1b4 obj/GUI_EditString.o
                0x00030b00                GUI_EditString
 *fill*         0x00030cb4        0xc 00
 .text          0x00030cc0       0x28 obj/GUI_HOOK.o
                0x00030ce0                GUI_HOOK_Remove
                0x00030cc0                GUI_HOOK_Add
 *fill*         0x00030ce8        0x8 00
 .text          0x00030cf0     0x1354 obj/HEADER.o
                0x00031130                HEADER_GetDefaultBorderH
                0x00031fd0                HEADER_GetNumItems
                0x00031100                HEADER_GetDefaultCursor
                0x000310c0                HEADER_SetDefaultBorderV
                0x00031480                HEADER_AddItem
                0x00031150                HEADER_GetDefaultFont
                0x000317a0                HEADER_SetItemWidth
                0x000311d0                HEADER_SetHeight
                0x00031110                HEADER_GetDefaultBkColor
                0x00031120                HEADER_GetDefaultTextColor
                0x00030da0                HEADER_CreateEx
                0x000310e0                HEADER_SetDefaultFont
                0x00031040                HEADER_SetDefaultCursor
                0x00031160                HEADER_SetFont
                0x00031350                HEADER_SetTextAlign
                0x000310a0                HEADER_SetDefaultBorderH
                0x00031630                HEADER_DeleteItem
                0x00031060                HEADER_SetDefaultBkColor
                0x00031f30                HEADER_GetHeight
                0x00030ff0                HEADER_Create
                0x00031080                HEADER_SetDefaultTextColor
                0x000312e0                HEADER_SetBkColor
                0x00031400                HEADER_SetScrollPos
                0x00030cf0                HEADER_GetItemWidth
                0x000316e0                HEADER_SetItemText
                0x00031140                HEADER_GetDefaultBorderV
                0x00031270                HEADER_SetTextColor
 *fill*         0x00032044        0xc 00
 .text          0x00032050       0xb4 obj/HEADER_Bitmap.o
                0x00032050                HEADER_SetBitmapEx
                0x000320b0                HEADER_SetBitmap
 *fill*         0x00032104        0xc 00
 .text          0x00032110       0xb4 obj/HEADER_BMP.o
                0x00032170                HEADER_SetBMP
                0x00032110                HEADER_SetBMPEx
 *fill*         0x000321c4        0xc 00
 .text          0x000321d0       0x4c obj/HEADER_Create.o
                0x000321d0                HEADER_CreateAttached
 *fill*         0x0003221c        0x4 00
 .text          0x00032220       0xac obj/HEADER_CreateIndirect.o
                0x00032220                HEADER_CreateIndirect
 *fill*         0x000322cc        0x4 00
 .text          0x000322d0       0xb4 obj/HEADER_StreamedBitmap.o
                0x000322d0                HEADER_SetStreamedBitmapEx
                0x00032330                HEADER_SetStreamedBitmap
 *fill*         0x00032384        0xc 00
 .text          0x00032390       0xb0 obj/HEADER__SetDrawObj.o
                0x00032390                HEADER__SetDrawObj
 .text          0x00032440     0x3008 obj/LISTBOX.o
                0x00034350                LISTBOX_IncSel
                0x00033f20                LISTBOX_SetText
                0x000342f0                LISTBOX_DecSel
                0x00032c10                LISTBOX__InvalidateItem
                0x00033fc0                LISTBOX_CreateEx
                0x00033c70                LISTBOX_AddString
                0x000324a0                LISTBOX_OwnerDraw
                0x00032e20                LISTBOX__InvalidateItemAndBelow
                0x00033a00                LISTBOX_InvalidateItem
                0x00033060                LISTBOX_UpdateScrollers
                0x00032460                LISTBOX__GetpString
                0x00032f90                LISTBOX__SetScrollbarWidth
                0x000334c0                LISTBOX_SetSel
                0x00032bd0                LISTBOX__InvalidateInsideArea
                0x00034840                LISTBOX_AddKey
                0x00034100                LISTBOX_GetSel
                0x00032440                LISTBOX__GetNumItems
                0x00032ba0                LISTBOX__InvalidateItemSize
 *fill*         0x00035448        0x8 00
 .text          0x00035450       0xb4 obj/LISTBOX_Create.o
                0x000354b0                LISTBOX_CreateAsChild
                0x00035450                LISTBOX_Create
 *fill*         0x00035504        0xc 00
 .text          0x00035510       0xb4 obj/LISTBOX_CreateIndirect.o
                0x00035510                LISTBOX_CreateIndirect
 *fill*         0x000355c4        0xc 00
 .text          0x000355d0      0x10c obj/LISTBOX_Default.o