packing.lst
README
CPYRIGHT
LOG
src/alloc.c
src/bind.c
src/c.h
src/config.h
src/dag.c
src/decl.c
src/enode.c
src/error.c
src/event.c
src/expr.c
src/gen.c
src/init.c
src/input.c
src/lex.c
src/list.c
src/main.c
src/mips.c
src/null.c
src/output.c
src/prof.c
src/profio.c
src/simp.c
src/sparc.c
src/stmt.c
src/string.c
src/sym.c
src/symbolic.c
src/token.h
src/trace.c
src/tree.c
src/types.c
src/x86.c
src/mips.md
src/sparc.md
src/x86.md
src/run
src/makefile
src/lccn.bat
src/run.bat
src/test.bat
src/triple.bat
src/rcc1
src/rcc2
src/rcc3
tst/8q.0
tst/8q.2
tst/8q.c
tst/array.0
tst/array.2
tst/array.c
tst/cf.0
tst/cf.2
tst/cf.c
tst/cq.0
tst/cq.2
tst/cq.c
tst/cvt.0
tst/cvt.2
tst/cvt.c
tst/fields.0
tst/fields.2
tst/fields.c
tst/front.0
tst/front.2
tst/front.c
tst/incr.0
tst/incr.2
tst/incr.c
tst/init.0
tst/init.2
tst/init.c
tst/limits.0
tst/limits.2
tst/limits.c
tst/paranoia.0
tst/paranoia.2
tst/paranoia.c
tst/sort.0
tst/sort.2
tst/sort.c
tst/spill.0
tst/spill.2
tst/spill.c
tst/stdarg.0
tst/stdarg.2
tst/stdarg.c
tst/struct.0
tst/struct.2
tst/struct.c
tst/switch.0
tst/switch.2
tst/switch.c
tst/wf1.0
tst/wf1.2
tst/wf1.c
tst/yacc.0
tst/yacc.2
tst/yacc.c
etc/astro.c
etc/bbexit.c
etc/bc4.c
etc/bprint.c
etc/cetus.c
etc/decmsvr.c
etc/elan.c
etc/emit.c
etc/hart.c
etc/hydra.c
etc/irissvr.c
etc/lcc-pc.c
etc/lcc.c
etc/lux.c
etc/marlin.c
etc/orchard.c
etc/python.c
etc/pyxis.c
etc/quetzal.c
etc/slocum.c
etc/sunsvr.c
etc/toucan.c
etc/whitted.c
etc/makefile
cpp/cpp.c
cpp/cpp.h
cpp/eval.c
cpp/getopt.c
cpp/hideset.c
cpp/include.c
cpp/lex.c
cpp/macro.c
cpp/nlist.c
cpp/tokens.c
cpp/unix.c
cpp/makefile
lburg/gram.y
lburg/lburg.1
lburg/lburg.c
lburg/lburg.h
lburg/makefile
include/mips/irix/assert.h
include/mips/irix/ctype.h
include/mips/irix/errno.h
include/mips/irix/float.h
include/mips/irix/limits.h
include/mips/irix/locale.h
include/mips/irix/math.h
include/mips/irix/setjmp.h
include/mips/irix/signal.h
include/mips/irix/stdarg.h
include/mips/irix/stddef.h
include/mips/irix/stdio.h
include/mips/irix/stdlib.h
include/mips/irix/string.h
include/mips/irix/time.h
include/mips/ultrix/assert.h
include/mips/ultrix/ctype.h
include/mips/ultrix/errno.h
include/mips/ultrix/float.h
include/mips/ultrix/limits.h
include/mips/ultrix/locale.h
include/mips/ultrix/math.h
include/mips/ultrix/setjmp.h
include/mips/ultrix/signal.h
include/mips/ultrix/stdarg.h
include/mips/ultrix/stddef.h
include/mips/ultrix/stdio.h
include/mips/ultrix/stdlib.h
include/mips/ultrix/string.h
include/mips/ultrix/time.h
include/sparc/solaris/assert.h
include/sparc/solaris/ctype.h
include/sparc/solaris/errno.h
include/sparc/solaris/float.h
include/sparc/solaris/limits.h
include/sparc/solaris/locale.h
include/sparc/solaris/math.h
include/sparc/solaris/setjmp.h
include/sparc/solaris/signal.h
include/sparc/solaris/stdarg.h
include/sparc/solaris/stddef.h
include/sparc/solaris/stdio.h
include/sparc/solaris/stdlib.h
include/sparc/solaris/string.h
include/sparc/solaris/time.h
include/sparc/sun/assert.h
include/sparc/sun/ctype.h
include/sparc/sun/errno.h
include/sparc/sun/float.h
include/sparc/sun/limits.h
include/sparc/sun/locale.h
include/sparc/sun/math.h
include/sparc/sun/setjmp.h
include/sparc/sun/signal.h
include/sparc/sun/stdarg.h
include/sparc/sun/stddef.h
include/sparc/sun/stdio.h
include/sparc/sun/stdlib.h
include/sparc/sun/string.h
include/sparc/sun/time.h
include/x86/dos/assert.h
include/x86/dos/ctype.h
include/x86/dos/errno.h
include/x86/dos/float.h
include/x86/dos/limits.h
include/x86/dos/locale.h
include/x86/dos/math.h
include/x86/dos/setjmp.h
include/x86/dos/signal.h
include/x86/dos/stdarg.h
include/x86/dos/stddef.h
include/x86/dos/stdio.h
include/x86/dos/stdlib.h
include/x86/dos/string.h
include/x86/dos/time.h
doc/install.html
doc/install.ps
doc/install.txt
doc/bprint.1
doc/lcc.1
mips/irix/tst/8q.1bk
mips/irix/tst/8q.sbk
mips/irix/tst/array.1bk
mips/irix/tst/array.sbk
mips/irix/tst/cf.1bk
mips/irix/tst/cf.sbk
mips/irix/tst/cq.1bk
mips/irix/tst/cq.sbk
mips/irix/tst/cvt.1bk
mips/irix/tst/cvt.sbk
mips/irix/tst/fields.1bk
mips/irix/tst/fields.sbk
mips/irix/tst/front.1bk
mips/irix/tst/front.sbk
mips/irix/tst/incr.1bk
mips/irix/tst/incr.sbk
mips/irix/tst/init.1bk
mips/irix/tst/init.sbk
mips/irix/tst/limits.1bk
mips/irix/tst/limits.sbk
mips/irix/tst/paranoia.1bk
mips/irix/tst/paranoia.sbk
mips/irix/tst/sort.1bk
mips/irix/tst/sort.sbk
mips/irix/tst/spill.1bk
mips/irix/tst/spill.sbk
mips/irix/tst/stdarg.1bk
mips/irix/tst/stdarg.sbk
mips/irix/tst/struct.1bk
mips/irix/tst/struct.sbk
mips/irix/tst/switch.1bk
mips/irix/tst/switch.sbk
mips/irix/tst/wf1.1bk
mips/irix/tst/wf1.sbk
mips/irix/tst/yacc.1bk
mips/irix/tst/yacc.sbk
mips/ultrix/tst/8q.1bk
mips/ultrix/tst/8q.sbk
mips/ultrix/tst/array.1bk
mips/ultrix/tst/array.sbk
mips/ultrix/tst/cf.1bk
mips/ultrix/tst/cf.sbk
mips/ultrix/tst/cq.1bk
mips/ultrix/tst/cq.sbk
mips/ultrix/tst/cvt.1bk
mips/ultrix/tst/cvt.sbk
mips/ultrix/tst/fields.1bk
mips/ultrix/tst/fields.sbk
mips/ultrix/tst/front.sbk
mips/ultrix/tst/incr.1bk
mips/ultrix/tst/incr.sbk
mips/ultrix/tst/init.1bk
mips/ultrix/tst/init.sbk
mips/ultrix/tst/limits.1bk
mips/ultrix/tst/limits.sbk
mips/ultrix/tst/paranoia.1bk
mips/ultrix/tst/paranoia.sbk
mips/ultrix/tst/sort.1bk
mips/ultrix/tst/sort.sbk
mips/ultrix/tst/spill.1bk
mips/ultrix/tst/spill.sbk
mips/ultrix/tst/stdarg.1bk
mips/ultrix/tst/stdarg.sbk
mips/ultrix/tst/struct.1bk
mips/ultrix/tst/struct.sbk
mips/ultrix/tst/switch.1bk
mips/ultrix/tst/switch.sbk
mips/ultrix/tst/wf1.1bk
mips/ultrix/tst/wf1.sbk
mips/ultrix/tst/yacc.1bk
mips/ultrix/tst/yacc.sbk
sparc/solaris/tst/8q.1bk
sparc/solaris/tst/8q.sbk
sparc/solaris/tst/array.1bk
sparc/solaris/tst/array.sbk
sparc/solaris/tst/cf.1bk
sparc/solaris/tst/cf.sbk
sparc/solaris/tst/cq.1bk
sparc/solaris/tst/cq.sbk
sparc/solaris/tst/cvt.1bk
sparc/solaris/tst/cvt.sbk
sparc/solaris/tst/fields.1bk
sparc/solaris/tst/fields.sbk
sparc/solaris/tst/front.sbk
sparc/solaris/tst/incr.1bk
sparc/solaris/tst/incr.sbk
sparc/solaris/tst/init.1bk
sparc/solaris/tst/init.sbk
sparc/solaris/tst/limits.1bk
sparc/solaris/tst/limits.sbk
sparc/solaris/tst/paranoia.1bk
sparc/solaris/tst/paranoia.sbk
sparc/solaris/tst/sort.1bk
sparc/solaris/tst/sort.sbk
sparc/solaris/tst/spill.1bk
sparc/solaris/tst/spill.sbk
sparc/solaris/tst/stdarg.1bk
sparc/solaris/tst/stdarg.sbk
sparc/solaris/tst/struct.1bk
sparc/solaris/tst/struct.sbk
sparc/solaris/tst/switch.1bk
sparc/solaris/tst/switch.sbk
sparc/solaris/tst/wf1.1bk
sparc/solaris/tst/wf1.sbk
sparc/solaris/tst/yacc.1bk
sparc/solaris/tst/yacc.sbk
sparc/sun/tst/8q.1bk
sparc/sun/tst/8q.sbk
sparc/sun/tst/array.1bk
sparc/sun/tst/array.sbk
sparc/sun/tst/cf.1bk
sparc/sun/tst/cf.sbk
sparc/sun/tst/cq.1bk
sparc/sun/tst/cq.sbk
sparc/sun/tst/cvt.1bk
sparc/sun/tst/cvt.sbk
sparc/sun/tst/fields.1bk
sparc/sun/tst/fields.sbk
sparc/sun/tst/front.sbk
sparc/sun/tst/incr.1bk
sparc/sun/tst/incr.sbk
sparc/sun/tst/init.1bk
sparc/sun/tst/init.sbk
sparc/sun/tst/limits.1bk
sparc/sun/tst/limits.sbk
sparc/sun/tst/paranoia.1bk
sparc/sun/tst/paranoia.sbk
sparc/sun/tst/sort.1bk
sparc/sun/tst/sort.sbk
sparc/sun/tst/spill.1bk
sparc/sun/tst/spill.sbk
sparc/sun/tst/stdarg.1bk
sparc/sun/tst/stdarg.sbk
sparc/sun/tst/struct.1bk
sparc/sun/tst/struct.sbk
sparc/sun/tst/switch.1bk
sparc/sun/tst/switch.sbk
sparc/sun/tst/wf1.1bk
sparc/sun/tst/wf1.sbk
sparc/sun/tst/yacc.1bk
sparc/sun/tst/yacc.sbk
x86/dos/tst/8q.1bk
x86/dos/tst/8q.sbk
x86/dos/tst/array.1bk
x86/dos/tst/array.sbk
x86/dos/tst/cf.1bk
x86/dos/tst/cf.sbk
x86/dos/tst/cq.1bk
x86/dos/tst/cq.sbk
x86/dos/tst/cvt.1bk
x86/dos/tst/cvt.sbk
x86/dos/tst/fields.1bk
x86/dos/tst/fields.sbk
x86/dos/tst/front.sbk
x86/dos/tst/incr.sbk
x86/dos/tst/init.1bk
x86/dos/tst/init.sbk
x86/dos/tst/limits.1bk
x86/dos/tst/limits.sbk
x86/dos/tst/paranoia.sbk
x86/dos/tst/sort.1bk
x86/dos/tst/sort.sbk
x86/dos/tst/spill.sbk
x86/dos/tst/stdarg.1bk
x86/dos/tst/stdarg.sbk
x86/dos/tst/struct.1bk
x86/dos/tst/struct.sbk
x86/dos/tst/switch.1bk
x86/dos/tst/switch.sbk
x86/dos/tst/wf1.1bk
x86/dos/tst/wf1.sbk
x86/dos/tst/yacc.1bk
x86/dos/tst/yacc.sbk
x86/dos/tst/clean.bat
x86/dos/32rtm.exe
x86/dos/cpp.exe
x86/dos/lcc.exe
x86/dos/rcc.exe
x86/dos/dpmi32vm.ovl
x86/dos/windpmi.386
